Archive member included to satisfy reference by file (symbol)

/home/claudio/Documents/git/hepia/semestre_6/PTR/TPs/TP_light_communication/src/G3_TP2_light_com_etu/Debug/libMyLab_lib.a(I2C.o)
                              ext_color_sensor.o (init_i2c)
/home/claudio/Documents/git/hepia/semestre_6/PTR/TPs/TP_light_communication/src/G3_TP2_light_com_etu/Debug/libMyLab_lib.a(lcd.o)
                              ./src/command_decoder.o (init_lcd)
/home/claudio/Documents/git/hepia/semestre_6/PTR/TPs/TP_light_communication/src/G3_TP2_light_com_etu/Debug/libMyLab_lib.a(ssp.o)
                              /home/claudio/Documents/git/hepia/semestre_6/PTR/TPs/TP_light_communication/src/G3_TP2_light_com_etu/Debug/libMyLab_lib.a(lcd.o) (ssp_init_custom)
/home/claudio/Documents/git/hepia/semestre_6/PTR/TPs/TP_light_communication/src/G3_TP2_light_com_etu/Debug/libMyLab_lib.a(traces.o)
                              ./FreeRTOS_src/tasks.o (write_trace_ref)
/home/claudio/Documents/git/hepia/semestre_6/PTR/TPs/TP_light_communication/src/G3_TP2_light_com_etu/Debug/libMyLab_lib.a(uart.o)
                              ./src/command_decoder.o (uart0_init_ref)
/home/claudio/Documents/git/hepia/semestre_6/PTR/TPs/TP_light_communication/src/G3_TP2_light_com_etu/Debug/libMyLab_lib.a(fonts.o)
                              /home/claudio/Documents/git/hepia/semestre_6/PTR/TPs/TP_light_communication/src/G3_TP2_light_com_etu/Debug/libMyLab_lib.a(lcd.o) (SmallFont)
/home/claudio/Documents/git/hepia/semestre_6/PTR/TPs/TP_light_communication/src/CMSISv2p00_LPC17xx/Debug/libCMSISv2p00_LPC17xx.a(system_LPC17xx.o)
                              ./src/cr_startup_lpc17.o (SystemInit)
/usr/local/lpcxpresso_8.2.2_650/lpcxpresso/tools/bin/../lib/gcc/arm-none-eabi/5.4.1/../../../../arm-none-eabi/lib/armv7-m/libcr_semihost.a(_cr__main.o)
                              ./src/cr_startup_lpc17.o (__main)
/usr/local/lpcxpresso_8.2.2_650/lpcxpresso/tools/bin/../lib/gcc/arm-none-eabi/5.4.1/../../../../arm-none-eabi/lib/armv7-m/libcr_c.a(memcpy.o)
                              ./FreeRTOS_src/queue.o (memcpy)
/usr/local/lpcxpresso_8.2.2_650/lpcxpresso/tools/bin/../lib/gcc/arm-none-eabi/5.4.1/../../../../arm-none-eabi/lib/armv7-m/libcr_c.a(memset.o)
                              ./src/command_decoder.o (memset)
/usr/local/lpcxpresso_8.2.2_650/lpcxpresso/tools/bin/../lib/gcc/arm-none-eabi/5.4.1/../../../../arm-none-eabi/lib/armv7-m/libcr_c.a(_cr_assert.o)
                              /home/claudio/Documents/git/hepia/semestre_6/PTR/TPs/TP_light_communication/src/G3_TP2_light_com_etu/Debug/libMyLab_lib.a(uart.o) (__assertion_failed)
/usr/local/lpcxpresso_8.2.2_650/lpcxpresso/tools/bin/../lib/gcc/arm-none-eabi/5.4.1/../../../../arm-none-eabi/lib/armv7-m/libcr_c.a(_deferredlazyseek.o)
                              /usr/local/lpcxpresso_8.2.2_650/lpcxpresso/tools/bin/../lib/gcc/arm-none-eabi/5.4.1/../../../../arm-none-eabi/lib/armv7-m/libcr_c.a(_cr_assert.o) (__flsbuf)
/usr/local/lpcxpresso_8.2.2_650/lpcxpresso/tools/bin/../lib/gcc/arm-none-eabi/5.4.1/../../../../arm-none-eabi/lib/armv7-m/libcr_c.a(_fflush.o)
                              /usr/local/lpcxpresso_8.2.2_650/lpcxpresso/tools/bin/../lib/gcc/arm-none-eabi/5.4.1/../../../../arm-none-eabi/lib/armv7-m/libcr_c.a(_deferredlazyseek.o) (_fflush)
/usr/local/lpcxpresso_8.2.2_650/lpcxpresso/tools/bin/../lib/gcc/arm-none-eabi/5.4.1/../../../../arm-none-eabi/lib/armv7-m/libcr_c.a(_writebuf.o)
                              /usr/local/lpcxpresso_8.2.2_650/lpcxpresso/tools/bin/../lib/gcc/arm-none-eabi/5.4.1/../../../../arm-none-eabi/lib/armv7-m/libcr_c.a(_deferredlazyseek.o) (_Cwritebuf)
/usr/local/lpcxpresso_8.2.2_650/lpcxpresso/tools/bin/../lib/gcc/arm-none-eabi/5.4.1/../../../../arm-none-eabi/lib/armv7-m/libcr_c.a(alloc.o)
                              /home/claudio/Documents/git/hepia/semestre_6/PTR/TPs/TP_light_communication/src/G3_TP2_light_com_etu/Debug/libMyLab_lib.a(lcd.o) (malloc)
/usr/local/lpcxpresso_8.2.2_650/lpcxpresso/tools/bin/../lib/gcc/arm-none-eabi/5.4.1/../../../../arm-none-eabi/lib/armv7-m/libcr_c.a(fclose.o)
                              ./src/debug.o (fclose)
/usr/local/lpcxpresso_8.2.2_650/lpcxpresso/tools/bin/../lib/gcc/arm-none-eabi/5.4.1/../../../../arm-none-eabi/lib/armv7-m/libcr_c.a(fflush.o)
                              /usr/local/lpcxpresso_8.2.2_650/lpcxpresso/tools/bin/../lib/gcc/arm-none-eabi/5.4.1/../../../../arm-none-eabi/lib/armv7-m/libcr_c.a(fclose.o) (fflush)
/usr/local/lpcxpresso_8.2.2_650/lpcxpresso/tools/bin/../lib/gcc/arm-none-eabi/5.4.1/../../../../arm-none-eabi/lib/armv7-m/libcr_c.a(fopen.o)
                              ./src/debug.o (fopen)
/usr/local/lpcxpresso_8.2.2_650/lpcxpresso/tools/bin/../lib/gcc/arm-none-eabi/5.4.1/../../../../arm-none-eabi/lib/armv7-m/libcr_c.a(fpprintf.o)
                              ./src/debug.o (fprintf)
[...]
Memory Configuration

Name             Origin             Length             Attributes
MFlash512        0x00000000         0x00080000         xr
RamLoc32         0x10000000         0x00008000         xrw
RamAHB32         0x2007c000         0x00008000         xrw
*default*        0x00000000         0xffffffff

Linker script and memory map

                0x2007c000                __user_heap_base = __end_bss_RAM2
LOAD ./src/command_decoder.o
LOAD ./src/cr_startup_lpc17.o
LOAD ./src/debug.o
LOAD ./src/leds.o
LOAD ./src/light_com.o
LOAD ./src/light_decoder.o
LOAD ./src/load.o
LOAD ./FreeRTOS_src/croutine.o
LOAD ./FreeRTOS_src/list.o
LOAD ./FreeRTOS_src/queue.o
LOAD ./FreeRTOS_src/tasks.o
LOAD ./FreeRTOS_src/timers.o
LOAD ./FreeRTOS_portable/MemMang/heap_2.o
LOAD ./FreeRTOS_portable/port.o
LOAD ext_color_sensor.o
LOAD /home/claudio/Documents/git/hepia/semestre_6/PTR/TPs/TP_light_communication/src/G3_TP2_light_com_etu/Debug/libMyLab_lib.a
LOAD /home/claudio/Documents/git/hepia/semestre_6/PTR/TPs/TP_light_communication/src/CMSISv2p00_LPC17xx/Debug/libCMSISv2p00_LPC17xx.a
START GROUP
LOAD /usr/local/lpcxpresso_8.2.2_650/lpcxpresso/tools/bin/../lib/gcc/arm-none-eabi/5.4.1/../../../../arm-none-eabi/lib/armv7-m/libcr_semihost.a
LOAD /usr/local/lpcxpresso_8.2.2_650/lpcxpresso/tools/bin/../lib/gcc/arm-none-eabi/5.4.1/../../../../arm-none-eabi/lib/armv7-m/libcr_c.a
LOAD /usr/local/lpcxpresso_8.2.2_650/lpcxpresso/tools/bin/../lib/gcc/arm-none-eabi/5.4.1/armv7-m/libcr_eabihelpers.a
END GROUP
                0x00000000                __base_MFlash512 = 0x0
                0x00000000                __base_Flash = 0x0
                0x00080000                __top_MFlash512 = 0x80000
                0x00080000                __top_Flash = 0x80000
                0x10000000                __base_RamLoc32 = 0x10000000
                0x10000000                __base_RAM = 0x10000000
                0x10008000                __top_RamLoc32 = 0x10008000
                0x10008000                __top_RAM = 0x10008000
                0x2007c000                __base_RamAHB32 = 0x2007c000
                0x2007c000                __base_RAM2 = 0x2007c000
                0x20084000                __top_RamAHB32 = 0x20084000
                0x20084000                __top_RAM2 = 0x20084000

.text           0x00000000     0x7df8
 FILL mask 0xff
                0x00000000                __vectors_start__ = ABSOLUTE (.)
 *(.isr_vector)
 .isr_vector    0x00000000       0xcc ./src/cr_startup_lpc17.o
                0x00000000                g_pfnVectors
                0x000000cc                . = ALIGN (0x4)
                0x000000cc                __section_table_start = .
                0x000000cc                __data_section_table = .
                0x000000cc        0x4 LONG 0x7df8 LOADADDR (.data)
                0x000000d0        0x4 LONG 0x10000000 ADDR (.data)
                0x000000d4        0x4 LONG 0x30 SIZEOF (.data)
                0x000000d8        0x4 LONG 0x7df8 LOADADDR (.data_RAM2)
                0x000000dc        0x4 LONG 0x2007c000 ADDR (.data_RAM2)
                0x000000e0        0x4 LONG 0x0 SIZEOF (.data_RAM2)
                0x000000e4                __data_section_table_end = .
                0x000000e4                __bss_section_table = .
                0x000000e4        0x4 LONG 0x10000030 ADDR (.bss)
                0x000000e8        0x4 LONG 0x6d70 SIZEOF (.bss)
                0x000000ec        0x4 LONG 0x2007c000 ADDR (.bss_RAM2)
                0x000000f0        0x4 LONG 0x0 SIZEOF (.bss_RAM2)
                0x000000f4                __bss_section_table_end = .
                0x000000f4                __section_table_end = .
 *(.after_vectors*)
 .after_vectors
                0x000000f4      0x12c ./src/cr_startup_lpc17.o
                0x000000f4                data_init
                0x00000138                bss_init
                0x00000170                ResetISR
                0x000001e8                NMI_Handler
                0x000001f0                HardFault_Handler
                0x000001f8                MemManage_Handler
                0x00000200                BusFault_Handler
                0x00000208                UsageFault_Handler
                0x00000210                DebugMon_Handler
                0x00000218                TIMER2_IRQHandler
                0x00000218                RIT_IRQHandler
                0x00000218                I2C0_IRQHandler
                0x00000218                USBActivity_IRQHandler
                0x00000218                PWM1_IRQHandler
                0x00000218                I2C1_IRQHandler
                0x00000218                EINT2_IRQHandler
                0x00000218                UART1_IRQHandler
                0x00000218                EINT3_IRQHandler
                0x00000218                CANActivity_IRQHandler
                0x00000218                IntDefaultHandler
                0x00000218                PLL0_IRQHandler
                0x00000218                CAN_IRQHandler
                0x00000218                PLL1_IRQHandler
                0x00000218                SSP0_IRQHandler
                0x00000218                I2S_IRQHandler
                0x00000218                RTC_IRQHandler
                0x00000218                TIMER0_IRQHandler
                0x00000218                SPI_IRQHandler
                0x00000218                EINT1_IRQHandler
                0x00000218                TIMER1_IRQHandler
                0x00000218                UART2_IRQHandler
                0x00000218                ADC_IRQHandler
                0x00000218                SSP1_IRQHandler
                0x00000218                USB_IRQHandler
                0x00000218                BOD_IRQHandler
                0x00000218                WDT_IRQHandler
                0x00000218                QEI_IRQHandler
                0x00000218                EINT0_IRQHandler
                0x00000218                DMA_IRQHandler
                0x00000218                UART3_IRQHandler
                0x00000218                MCPWM_IRQHandler
                0x00000218                ENET_IRQHandler
 *(.text*)
 .text.uart_rx_cmd_callback
                0x00000220       0x38 ./src/command_decoder.o
                0x00000220                uart_rx_cmd_callback
 .text.cmd_command_buffer_reset
                0x00000258       0x28 ./src/command_decoder.o
                0x00000258                cmd_command_buffer_reset
 .text.cmd_get_next_command_in_buffer
                0x00000280       0x90 ./src/command_decoder.o
                0x00000280                cmd_get_next_command_in_buffer
 .text.cmd_decode_next
                0x00000310      0x1d4 ./src/command_decoder.o
                0x00000310                cmd_decode_next
 .text.cmd_print
                0x000004e4      0x114 ./src/command_decoder.o
                0x000004e4                cmd_print
 .text.cmd_init
                0x000005f8       0xa0 ./src/command_decoder.o
                0x000005f8                cmd_init
 .text.cmd_send_message
                0x00000698       0x50 ./src/command_decoder.o
                0x00000698                cmd_send_message
 .text.cmd_task
                0x000006e8       0x44 ./src/command_decoder.o
                0x000006e8                cmd_task
 .text.leds_init
                0x0000072c       0x60 ./src/leds.o
                0x0000072c                leds_init
 .text.leds_switch_on_off
                0x0000078c       0x28 ./src/leds.o
                0x0000078c                leds_switch_on_off
 .text.leds_task
                0x000007b4       0x90 ./src/leds.o
                0x000007b4                leds_task
 .text.main     0x00000844       0xe4 ./src/light_com.o
                0x00000844                main
 .text.rgb_callback
                0x00000928       0x28 ./src/light_decoder.o
                0x00000928                rgb_callback
 .text.calc_checksum
                0x00000950       0x3c ./src/light_decoder.o
                0x00000950                calc_checksum
 .text.build_seq_refs
                0x0000098c       0xc4 ./src/light_decoder.o
                0x0000098c                build_seq_refs
 .text.is_msg_received
                0x00000a50       0xc8 ./src/light_decoder.o
                0x00000a50                is_msg_received
 .text.normalize_red
                0x00000b18       0xd4 ./src/light_decoder.o
                0x00000b18                normalize_red
 .text.corr_index
                0x00000bec       0xe4 ./src/light_decoder.o
                0x00000bec                corr_index
 .text.decode_message
                0x00000cd0       0xb0 ./src/light_decoder.o
                0x00000cd0                decode_message
 .text.ld_process
                0x00000d80       0xd8 ./src/light_decoder.o
                0x00000d80                ld_process
 .text.ld_init  0x00000e58       0x50 ./src/light_decoder.o
                0x00000e58                ld_init
 .text.ld_task  0x00000ea8       0x40 ./src/light_decoder.o
                0x00000ea8                ld_task
 .text.load_init
                0x00000ee8       0x4c ./src/load.o
                0x00000ee8                load_init
 .text.load_cpu
                0x00000f34       0x30 ./src/load.o
                0x00000f34                load_cpu
 .text.load_task
                0x00000f64       0x78 ./src/load.o
                0x00000f64                load_task
 .text.vListInitialise
                0x00000fdc       0x40 ./FreeRTOS_src/list.o
                0x00000fdc                vListInitialise
 .text.vListInitialiseItem
                0x0000101c       0x18 ./FreeRTOS_src/list.o
                0x0000101c                vListInitialiseItem
 .text.vListInsertEnd
                0x00001034       0x50 ./FreeRTOS_src/list.o
                0x00001034                vListInsertEnd
 .text.vListInsert
                0x00001084       0x70 ./FreeRTOS_src/list.o
                0x00001084                vListInsert
 .text.vListRemove
                0x000010f4       0x50 ./FreeRTOS_src/list.o
                0x000010f4                vListRemove
 .text.xQueueCreate
                0x00001144       0xbc ./FreeRTOS_src/queue.o
                0x00001144                xQueueCreate
 .text.xQueueGenericSend
                0x00001200      0x108 ./FreeRTOS_src/queue.o
                0x00001200                xQueueGenericSend
 .text.xQueueGenericSendFromISR
                0x00001308       0x80 ./FreeRTOS_src/queue.o
                0x00001308                xQueueGenericSendFromISR
 .text.xQueueGenericReceive
                0x00001388      0x13c ./FreeRTOS_src/queue.o
                0x00001388                xQueueGenericReceive
 .text.prvCopyDataToQueue
                0x000014c4       0x9c ./FreeRTOS_src/queue.o
 .text.prvCopyDataFromQueue
                0x00001560       0x4c ./FreeRTOS_src/queue.o
 .text.prvUnlockQueue
                0x000015ac       0x98 ./FreeRTOS_src/queue.o
 .text.prvIsQueueEmpty
                0x00001644       0x2c ./FreeRTOS_src/queue.o
 .text.prvIsQueueFull
                0x00001670       0x30 ./FreeRTOS_src/queue.o
 .text.xTaskGenericCreate
                0x000016a0      0x15c ./FreeRTOS_src/tasks.o
                0x000016a0                xTaskGenericCreate
 .text.vTaskDelayUntil
                0x000017fc       0x98 ./FreeRTOS_src/tasks.o
                0x000017fc                vTaskDelayUntil
 .text.vTaskStartScheduler
                0x00001894       0x5c ./FreeRTOS_src/tasks.o
                0x00001894                vTaskStartScheduler
 .text.vTaskSuspendAll
                0x000018f0       0x1c ./FreeRTOS_src/tasks.o
                0x000018f0                vTaskSuspendAll
 .text.xTaskResumeAll
                0x0000190c       0xf4 ./FreeRTOS_src/tasks.o
                0x0000190c                xTaskResumeAll
 .text.xTaskGetTickCount
                0x00001a00       0x24 ./FreeRTOS_src/tasks.o
                0x00001a00                xTaskGetTickCount
 .text.vTaskIncrementTick
                0x00001a24      0x12c ./FreeRTOS_src/tasks.o
                0x00001a24                vTaskIncrementTick
 .text.vTaskSwitchContext
                0x00001b50      0x100 ./FreeRTOS_src/tasks.o
                0x00001b50                vTaskSwitchContext
 .text.vTaskPlaceOnEventList
                0x00001c50       0x60 ./FreeRTOS_src/tasks.o
                0x00001c50                vTaskPlaceOnEventList
 .text.xTaskRemoveFromEventList
                0x00001cb0       0xa0 ./FreeRTOS_src/tasks.o
                0x00001cb0                xTaskRemoveFromEventList
 .text.vTaskSetTimeOutState
                0x00001d50       0x2c ./FreeRTOS_src/tasks.o
                0x00001d50                vTaskSetTimeOutState
 .text.xTaskCheckForTimeOut
                0x00001d7c       0x88 ./FreeRTOS_src/tasks.o
                0x00001d7c                xTaskCheckForTimeOut
 .text.vTaskMissedYield
                0x00001e04       0x18 ./FreeRTOS_src/tasks.o
                0x00001e04                vTaskMissedYield
 .text.prvIdleTask
                0x00001e1c       0x10 ./FreeRTOS_src/tasks.o
 .text.prvInitialiseTCBVariables
                0x00001e2c       0x68 ./FreeRTOS_src/tasks.o
 .text.prvInitialiseTaskLists
                0x00001e94       0x80 ./FreeRTOS_src/tasks.o
 .text.prvCheckTasksWaitingTermination
                0x00001f14       0x78 ./FreeRTOS_src/tasks.o
 .text.prvAddCurrentTaskToDelayedList
                0x00001f8c       0x6c ./FreeRTOS_src/tasks.o
 .text.prvAllocateTCBAndStack
                0x00001ff8       0x64 ./FreeRTOS_src/tasks.o
 .text.prvDeleteTCB
                0x0000205c       0x20 ./FreeRTOS_src/tasks.o
 .text.pvPortMalloc
                0x0000207c      0x144 ./FreeRTOS_portable/MemMang/heap_2.o
                0x0000207c                pvPortMalloc
 .text.vPortFree
                0x000021c0       0x74 ./FreeRTOS_portable/MemMang/heap_2.o
                0x000021c0                vPortFree
 .text.pxPortInitialiseStack
                0x00002234       0x50 ./FreeRTOS_portable/port.o
                0x00002234                pxPortInitialiseStack
 .text.vPortSVCHandler
                0x00002284       0x24 ./FreeRTOS_portable/port.o
                0x00002284                vPortSVCHandler
 .text.vPortStartFirstTask
                0x000022a8       0x18 ./FreeRTOS_portable/port.o
                0x000022a8                vPortStartFirstTask
 .text.xPortStartScheduler
                0x000022c0       0x38 ./FreeRTOS_portable/port.o
                0x000022c0                xPortStartScheduler
 .text.vPortYieldFromISR
                0x000022f8       0x18 ./FreeRTOS_portable/port.o
                0x000022f8                vPortYieldFromISR
 .text.vPortEnterCritical
                0x00002310       0x24 ./FreeRTOS_portable/port.o
                0x00002310                vPortEnterCritical
 .text.vPortExitCritical
                0x00002334       0x2c ./FreeRTOS_portable/port.o
                0x00002334                vPortExitCritical
 .text.xPortPendSVHandler
                0x00002360       0x40 ./FreeRTOS_portable/port.o
                0x00002360                xPortPendSVHandler
 .text.xPortSysTickHandler
                0x000023a0       0x34 ./FreeRTOS_portable/port.o
                0x000023a0                xPortSysTickHandler
 .text.prvSetupTimerInterrupt
                0x000023d4       0x24 ./FreeRTOS_portable/port.o
 .text.NVIC_EnableIRQ
                0x000023f8       0x30 ext_color_sensor.o
 .text.ext_cs_write_byte
                0x00002428       0x44 ext_color_sensor.o
                0x00002428                ext_cs_write_byte
 .text.ext_cs_read_byte
                0x0000246c       0x54 ext_color_sensor.o
                0x0000246c                ext_cs_read_byte
 .text.ext_colorsensor_init
                0x000024c0       0x74 ext_color_sensor.o
                0x000024c0                ext_colorsensor_init
 .text.TIMER3_IRQHandler
                0x00002534       0x24 ext_color_sensor.o
                0x00002534                TIMER3_IRQHandler
 .text.ext_colorsensor_init_int
                0x00002558       0xbc ext_color_sensor.o
                0x00002558                ext_colorsensor_init_int
 .text.I2C2_IRQHandler
                0x00002614      0x180 ext_color_sensor.o
                0x00002614                I2C2_IRQHandler
 .text.init_i2c
                0x00002794      0x180 /home/claudio/Documents/git/hepia/semestre_6/PTR/TPs/TP_light_communication/src/G3_TP2_light_com_etu/Debug/libMyLab_lib.a(I2C.o)
                0x00002794                init_i2c
 .text.wait_SI  0x00002914       0x44 /home/claudio/Documents/git/hepia/semestre_6/PTR/TPs/TP_light_communication/src/G3_TP2_light_com_etu/Debug/libMyLab_lib.a(I2C.o)
                0x00002914                wait_SI
 .text.I2C_master_write
                0x00002958       0xec /home/claudio/Documents/git/hepia/semestre_6/PTR/TPs/TP_light_communication/src/G3_TP2_light_com_etu/Debug/libMyLab_lib.a(I2C.o)
                0x00002958                I2C_master_write
 .text.I2C_master_read
                0x00002a44      0x120 /home/claudio/Documents/git/hepia/semestre_6/PTR/TPs/TP_light_communication/src/G3_TP2_light_com_etu/Debug/libMyLab_lib.a(I2C.o)
                0x00002a44                I2C_master_read
 .text.LCD_RS_ENA
                0x00002b64       0x38 /home/claudio/Documents/git/hepia/semestre_6/PTR/TPs/TP_light_communication/src/G3_TP2_light_com_etu/Debug/libMyLab_lib.a(lcd.o)
 .text.LCD_RS_DIS
                0x00002b9c       0x38 /home/claudio/Documents/git/hepia/semestre_6/PTR/TPs/TP_light_communication/src/G3_TP2_light_com_etu/Debug/libMyLab_lib.a(lcd.o)
 .text.Write_Cmd_Data
                0x00002bd4       0x28 /home/claudio/Documents/git/hepia/semestre_6/PTR/TPs/TP_light_communication/src/G3_TP2_light_com_etu/Debug/libMyLab_lib.a(lcd.o)
                0x00002bd4                Write_Cmd_Data
 .text.Write_Cmd
                0x00002bfc       0x28 /home/claudio/Documents/git/hepia/semestre_6/PTR/TPs/TP_light_communication/src/G3_TP2_light_com_etu/Debug/libMyLab_lib.a(lcd.o)
                0x00002bfc                Write_Cmd
 .text.Write_Data
                0x00002c24       0x30 /home/claudio/Documents/git/hepia/semestre_6/PTR/TPs/TP_light_communication/src/G3_TP2_light_com_etu/Debug/libMyLab_lib.a(lcd.o)
                0x00002c24                Write_Data
 .text.Write_Data_U16
                0x00002c54       0x28 /home/claudio/Documents/git/hepia/semestre_6/PTR/TPs/TP_light_communication/src/G3_TP2_light_com_etu/Debug/libMyLab_lib.a(lcd.o)
                0x00002c54                Write_Data_U16
 .text.Delay    0x00002c7c       0x30 /home/claudio/Documents/git/hepia/semestre_6/PTR/TPs/TP_light_communication/src/G3_TP2_light_com_etu/Debug/libMyLab_lib.a(lcd.o)
                0x00002c7c                Delay
 .text.ILI9341_Initial
                0x00002cac      0x220 /home/claudio/Documents/git/hepia/semestre_6/PTR/TPs/TP_light_communication/src/G3_TP2_light_com_etu/Debug/libMyLab_lib.a(lcd.o)
                0x00002cac                ILI9341_Initial
 .text.init_lcd
                0x00002ecc       0x54 /home/claudio/Documents/git/hepia/semestre_6/PTR/TPs/TP_light_communication/src/G3_TP2_light_com_etu/Debug/libMyLab_lib.a(lcd.o)
                0x00002ecc                init_lcd
 .text.LCD_SetPos
                0x00002f20       0xb8 /home/claudio/Documents/git/hepia/semestre_6/PTR/TPs/TP_light_communication/src/G3_TP2_light_com_etu/Debug/libMyLab_lib.a(lcd.o)
                0x00002f20                LCD_SetPos
 .text.setup_scroll
                0x00002fd8       0x68 /home/claudio/Documents/git/hepia/semestre_6/PTR/TPs/TP_light_communication/src/G3_TP2_light_com_etu/Debug/libMyLab_lib.a(lcd.o)
                0x00002fd8                setup_scroll
 .text.lcd_scroll
                0x00003040       0x60 /home/claudio/Documents/git/hepia/semestre_6/PTR/TPs/TP_light_communication/src/G3_TP2_light_com_etu/Debug/libMyLab_lib.a(lcd.o)
                0x00003040                lcd_scroll
 .text.clear_screen
                0x000030a0       0x4c /home/claudio/Documents/git/hepia/semestre_6/PTR/TPs/TP_light_communication/src/G3_TP2_light_com_etu/Debug/libMyLab_lib.a(lcd.o)
                0x000030a0                clear_screen
 .text.lcd_filled_rectangle
                0x000030ec       0xa4 /home/claudio/Documents/git/hepia/semestre_6/PTR/TPs/TP_light_communication/src/G3_TP2_light_com_etu/Debug/libMyLab_lib.a(lcd.o)
                0x000030ec                lcd_filled_rectangle
 .text.lcd_print_char
                0x00003190      0x10c /home/claudio/Documents/git/hepia/semestre_6/PTR/TPs/TP_light_communication/src/G3_TP2_light_com_etu/Debug/libMyLab_lib.a(lcd.o)
                0x00003190                lcd_print_char
 .text.lcd_printf
                0x0000329c      0x20c /home/claudio/Documents/git/hepia/semestre_6/PTR/TPs/TP_light_communication/src/G3_TP2_light_com_etu/Debug/libMyLab_lib.a(lcd.o)
                0x0000329c                lcd_printf
 .text.ssp_init_custom
                0x000034a8       0x84 /home/claudio/Documents/git/hepia/semestre_6/PTR/TPs/TP_light_communication/src/G3_TP2_light_com_etu/Debug/libMyLab_lib.a(ssp.o)
                0x000034a8                ssp_init_custom
 .text.ssp_send_buf
                0x0000352c       0x48 /home/claudio/Documents/git/hepia/semestre_6/PTR/TPs/TP_light_communication/src/G3_TP2_light_com_etu/Debug/libMyLab_lib.a(ssp.o)
                0x0000352c                ssp_send_buf
 .text.start_timer
                0x00003574       0xa8 /home/claudio/Documents/git/hepia/semestre_6/PTR/TPs/TP_light_communication/src/G3_TP2_light_com_etu/Debug/libMyLab_lib.a(traces.o)
                0x00003574                start_timer
 .text.write_trace_ref
                0x0000361c      0x174 /home/claudio/Documents/git/hepia/semestre_6/PTR/TPs/TP_light_communication/src/G3_TP2_light_com_etu/Debug/libMyLab_lib.a(traces.o)
                0x0000361c                write_trace_ref
 .text.tx_handler
                0x00003790       0x7c /home/claudio/Documents/git/hepia/semestre_6/PTR/TPs/TP_light_communication/src/G3_TP2_light_com_etu/Debug/libMyLab_lib.a(traces.o)
                0x00003790                tx_handler
 .text.init_traces
                0x0000380c       0x4c /home/claudio/Documents/git/hepia/semestre_6/PTR/TPs/TP_light_communication/src/G3_TP2_light_com_etu/Debug/libMyLab_lib.a(traces.o)
                0x0000380c                init_traces
 .text.NVIC_EnableIRQ
                0x00003858       0x30 /home/claudio/Documents/git/hepia/semestre_6/PTR/TPs/TP_light_communication/src/G3_TP2_light_com_etu/Debug/libMyLab_lib.a(uart.o)
 .text.UART0_IRQHandler
                0x00003888       0x70 /home/claudio/Documents/git/hepia/semestre_6/PTR/TPs/TP_light_communication/src/G3_TP2_light_com_etu/Debug/libMyLab_lib.a(uart.o)
                0x00003888                UART0_IRQHandler
 .text.uart0_init_ref
                0x000038f8       0xf8 /home/claudio/Documents/git/hepia/semestre_6/PTR/TPs/TP_light_communication/src/G3_TP2_light_com_etu/Debug/libMyLab_lib.a(uart.o)
                0x000038f8                uart0_init_ref
 .text.SystemInit
                0x000039f0       0xe4 /home/claudio/Documents/git/hepia/semestre_6/PTR/TPs/TP_light_communication/src/CMSISv2p00_LPC17xx/Debug/libCMSISv2p00_LPC17xx.a(system_LPC17xx.o)
                0x000039f0                SystemInit
 .text.__main   0x00003ad4       0x14 /usr/local/lpcxpresso_8.2.2_650/lpcxpresso/tools/bin/../lib/gcc/arm-none-eabi/5.4.1/../../../../arm-none-eabi/lib/armv7-m/libcr_semihost.a(_cr__main.o)
                0x00003ad4                __main
                0x00003ad4                __CR_SEMIHOST
 .text.memcpy   0x00003ae8        0x4 /usr/local/lpcxpresso_8.2.2_650/lpcxpresso/tools/bin/../lib/gcc/arm-none-eabi/5.4.1/../../../../arm-none-eabi/lib/armv7-m/libcr_c.a(memcpy.o)
                0x00003ae8                memcpy
 .text.memset   0x00003aec        0x4 /usr/local/lpcxpresso_8.2.2_650/lpcxpresso/tools/bin/../lib/gcc/arm-none-eabi/5.4.1/../../../../arm-none-eabi/lib/armv7-m/libcr_c.a(memset.o)
                0x00003aec                memset
 .text.__assertion_failed
                0x00003af0       0x48 /usr/local/lpcxpresso_8.2.2_650/lpcxpresso/tools/bin/../lib/gcc/arm-none-eabi/5.4.1/../../../../arm-none-eabi/lib/armv7-m/libcr_c.a(_cr_assert.o)
                0x00003af0                __assertion_failed
 .text._deferredlazyseek
                0x00003b38       0x44 /usr/local/lpcxpresso_8.2.2_650/lpcxpresso/tools/bin/../lib/gcc/arm-none-eabi/5.4.1/../../../../arm-none-eabi/lib/armv7-m/libcr_c.a(_deferredlazyseek.o)
                0x00003b38                _deferredlazyseek
 .text.__flsbuf
                0x00003b7c      0x140 /usr/local/lpcxpresso_8.2.2_650/lpcxpresso/tools/bin/../lib/gcc/arm-none-eabi/5.4.1/../../../../arm-none-eabi/lib/armv7-m/libcr_c.a(_deferredlazyseek.o)
                0x00003b7c                __flsbuf
 .text._fflush  0x00003cbc       0x58 /usr/local/lpcxpresso_8.2.2_650/lpcxpresso/tools/bin/../lib/gcc/arm-none-eabi/5.4.1/../../../../arm-none-eabi/lib/armv7-m/libcr_c.a(_fflush.o)
                0x00003cbc                _fflush
 .text._Cwritebuf
                0x00003d14       0x68 /usr/local/lpcxpresso_8.2.2_650/lpcxpresso/tools/bin/../lib/gcc/arm-none-eabi/5.4.1/../../../../arm-none-eabi/lib/armv7-m/libcr_c.a(_writebuf.o)
                0x00003d14                _Cwritebuf
 .text.malloc   0x00003d7c       0xc8 /usr/local/lpcxpresso_8.2.2_650/lpcxpresso/tools/bin/../lib/gcc/arm-none-eabi/5.4.1/../../../../arm-none-eabi/lib/armv7-m/libcr_c.a(alloc.o)
                0x00003d7c                malloc
 .text.free     0x00003e44       0x30 /usr/local/lpcxpresso_8.2.2_650/lpcxpresso/tools/bin/../lib/gcc/arm-none-eabi/5.4.1/../../../../arm-none-eabi/lib/armv7-m/libcr_c.a(alloc.o)
                0x00003e44                free
 .text._Csys_alloc
                0x00003e74       0x20 /usr/local/lpcxpresso_8.2.2_650/lpcxpresso/tools/bin/../lib/gcc/arm-none-eabi/5.4.1/../../../../arm-none-eabi/lib/armv7-m/libcr_c.a(alloc.o)
                0x00003e74                _Csys_alloc
 .text.fclose   0x00003e94       0x6c /usr/local/lpcxpresso_8.2.2_650/lpcxpresso/tools/bin/../lib/gcc/arm-none-eabi/5.4.1/../../../../arm-none-eabi/lib/armv7-m/libcr_c.a(fclose.o)
                0x00003e94                fclose
 .text.fflush   0x00003f00       0x30 /usr/local/lpcxpresso_8.2.2_650/lpcxpresso/tools/bin/../lib/gcc/arm-none-eabi/5.4.1/../../../../arm-none-eabi/lib/armv7-m/libcr_c.a(fflush.o)
                0x00003f00                fflush
 .text.fp_round
                0x00003f30       0x4c /usr/local/lpcxpresso_8.2.2_650/lpcxpresso/tools/bin/../lib/gcc/arm-none-eabi/5.4.1/../../../../arm-none-eabi/lib/armv7-m/libcr_c.a(fpprintf.o)
 .text.pr_dec.constprop.1
                0x00003f7c       0x26 /usr/local/lpcxpresso_8.2.2_650/lpcxpresso/tools/bin/../lib/gcc/arm-none-eabi/5.4.1/../../../../arm-none-eabi/lib/armv7-m/libcr_c.a(fpprintf.o)
 *fill*         0x00003fa2        0x2 ff
 .text.sprintf  0x00003fa4       0x6c /usr/local/lpcxpresso_8.2.2_650/lpcxpresso/tools/bin/../lib/gcc/arm-none-eabi/5.4.1/../../../../arm-none-eabi/lib/armv7-m/libcr_c.a(fpprintf.o)
                0x00003fa4                sprintf
 .text.fp_display
                0x00004010      0x8ec /usr/local/lpcxpresso_8.2.2_650/lpcxpresso/tools/bin/../lib/gcc/arm-none-eabi/5.4.1/../../../../arm-none-eabi/lib/armv7-m/libcr_c.a(fpprintf.o)
 .text.vsprintf
                0x000048fc       0x5c /usr/local/lpcxpresso_8.2.2_650/lpcxpresso/tools/bin/../lib/gcc/arm-none-eabi/5.4.1/../../../../arm-none-eabi/lib/armv7-m/libcr_c.a(fpprintf.o)
                0x000048fc                vsprintf
 .text.vsnprintf
                0x00004958       0x5c /usr/local/lpcxpresso_8.2.2_650/lpcxpresso/tools/bin/../lib/gcc/arm-none-eabi/5.4.1/../../../../arm-none-eabi/lib/armv7-m/libcr_c.a(fpprintf.o)
                0x00004958                vsnprintf
 .text.printf   0x000049b4       0x54 /usr/local/lpcxpresso_8.2.2_650/lpcxpresso/tools/bin/../lib/gcc/arm-none-eabi/5.4.1/../../../../arm-none-eabi/lib/armv7-m/libcr_c.a(fpprintf.o)
                0x000049b4                printf
 .text.fputs    0x00004a08       0x2c /usr/local/lpcxpresso_8.2.2_650/lpcxpresso/tools/bin/../lib/gcc/arm-none-eabi/5.4.1/../../../../arm-none-eabi/lib/armv7-m/libcr_c.a(fputs.o)
                0x00004a08                fputs
 .text.fseek    0x00004a34      0x110 /usr/local/lpcxpresso_8.2.2_650/lpcxpresso/tools/bin/../lib/gcc/arm-none-eabi/5.4.1/../../../../arm-none-eabi/lib/armv7-m/libcr_c.a(fseek.o)
                0x00004a34                fseek
 .text.ftell    0x00004b44       0x4c /usr/local/lpcxpresso_8.2.2_650/lpcxpresso/tools/bin/../lib/gcc/arm-none-eabi/5.4.1/../../../../arm-none-eabi/lib/armv7-m/libcr_c.a(ftell.o)
                0x00004b44                ftell
 .text._initio  0x00004b90       0xa4 /usr/local/lpcxpresso_8.2.2_650/lpcxpresso/tools/bin/../lib/gcc/arm-none-eabi/5.4.1/../../../../arm-none-eabi/lib/armv7-m/libcr_c.a(initio.o)
                0x00004b90                _initio
 .text._terminateio
                0x00004c34       0x44 /usr/local/lpcxpresso_8.2.2_650/lpcxpresso/tools/bin/../lib/gcc/arm-none-eabi/5.4.1/../../../../arm-none-eabi/lib/armv7-m/libcr_c.a(initio.o)
                0x00004c34                _terminateio
 .text.__vfprintf
                0x00004c78      0xd28 /usr/local/lpcxpresso_8.2.2_650/lpcxpresso/tools/bin/../lib/gcc/arm-none-eabi/5.4.1/../../../../arm-none-eabi/lib/armv7-m/libcr_c.a(printf.o)
                0x00004c78                __vfprintf
 .text.remove   0x000059a0       0x14 /usr/local/lpcxpresso_8.2.2_650/lpcxpresso/tools/bin/../lib/gcc/arm-none-eabi/5.4.1/../../../../arm-none-eabi/lib/armv7-m/libcr_c.a(remove.o)
                0x000059a0                remove
 .text.ch_val   0x000059b4       0x30 /usr/local/lpcxpresso_8.2.2_650/lpcxpresso/tools/bin/../lib/gcc/arm-none-eabi/5.4.1/../../../../arm-none-eabi/lib/armv7-m/libcr_c.a(scanf.o)
 .text._strtoul
                0x000059e4       0xbc /usr/local/lpcxpresso_8.2.2_650/lpcxpresso/tools/bin/../lib/gcc/arm-none-eabi/5.4.1/../../../../arm-none-eabi/lib/armv7-m/libcr_c.a(scanf.o)
 .text.strtol   0x00005aa0       0x7c /usr/local/lpcxpresso_8.2.2_650/lpcxpresso/tools/bin/../lib/gcc/arm-none-eabi/5.4.1/../../../../arm-none-eabi/lib/armv7-m/libcr_c.a(scanf.o)
                0x00005aa0                strtol
 .text.atoi     0x00005b1c       0x18 /usr/local/lpcxpresso_8.2.2_650/lpcxpresso/tools/bin/../lib/gcc/arm-none-eabi/5.4.1/../../../../arm-none-eabi/lib/armv7-m/libcr_c.a(scanf.o)
                0x00005b1c                atoi
 .text.setvbuf  0x00005b34       0x40 /usr/local/lpcxpresso_8.2.2_650/lpcxpresso/tools/bin/../lib/gcc/arm-none-eabi/5.4.1/../../../../arm-none-eabi/lib/armv7-m/libcr_c.a(setvbuf.o)
                0x00005b34                setvbuf
 .text.exit     0x00005b74       0x2c /usr/local/lpcxpresso_8.2.2_650/lpcxpresso/tools/bin/../lib/gcc/arm-none-eabi/5.4.1/../../../../arm-none-eabi/lib/armv7-m/libcr_c.a(stdlib.o)
                0x00005b74                exit
 .text.strlen   0x00005ba0       0x4a /usr/local/lpcxpresso_8.2.2_650/lpcxpresso/tools/bin/../lib/gcc/arm-none-eabi/5.4.1/../../../../arm-none-eabi/lib/armv7-m/libcr_c.a(strlen.o)
                0x00005ba0                strlen
 .text.strncat  0x00005bea       0x28 /usr/local/lpcxpresso_8.2.2_650/lpcxpresso/tools/bin/../lib/gcc/arm-none-eabi/5.4.1/../../../../arm-none-eabi/lib/armv7-m/libcr_c.a(strncat.o)
                0x00005bea                strncat
 .text.strncmp  0x00005c12       0x56 /usr/local/lpcxpresso_8.2.2_650/lpcxpresso/tools/bin/../lib/gcc/arm-none-eabi/5.4.1/../../../../arm-none-eabi/lib/armv7-m/libcr_c.a(strncmp.o)
                0x00005c12                strncmp
 .text.strncpy  0x00005c68       0x56 /usr/local/lpcxpresso_8.2.2_650/lpcxpresso/tools/bin/../lib/gcc/arm-none-eabi/5.4.1/../../../../arm-none-eabi/lib/armv7-m/libcr_c.a(strncpy.o)
                0x00005c68                strncpy
 *fill*         0x00005cbe        0x2 ff
 .text._sbrk    0x00005cc0       0x40 /usr/local/lpcxpresso_8.2.2_650/lpcxpresso/tools/bin/../lib/gcc/arm-none-eabi/5.4.1/../../../../arm-none-eabi/lib/armv7-m/libcr_c.a(_cr_sbrk.o)
                0x00005cc0                _sbrk
 .text._do_fflush
                0x00005d00       0x44 /usr/local/lpcxpresso_8.2.2_650/lpcxpresso/tools/bin/../lib/gcc/arm-none-eabi/5.4.1/../../../../arm-none-eabi/lib/armv7-m/libcr_c.a(_do_fflush.o)
                0x00005d00                _do_fflush
 .text._fdopen  0x00005d44       0x6a /usr/local/lpcxpresso_8.2.2_650/lpcxpresso/tools/bin/../lib/gcc/arm-none-eabi/5.4.1/../../../../arm-none-eabi/lib/armv7-m/libcr_c.a(_fdopen.o)
                0x00005d44                _fdopen
 .text._frexpl  0x00005dae       0x5a /usr/local/lpcxpresso_8.2.2_650/lpcxpresso/tools/bin/../lib/gcc/arm-none-eabi/5.4.1/../../../../arm-none-eabi/lib/armv7-m/libcr_c.a(_frexpl.o)
                0x00005dae                _frexpl
 .text._ldexpl  0x00005e08       0x4c /usr/local/lpcxpresso_8.2.2_650/lpcxpresso/tools/bin/../lib/gcc/arm-none-eabi/5.4.1/../../../../arm-none-eabi/lib/armv7-m/libcr_c.a(_ldexpl.o)
                0x00005e08                _ldexpl
 .text.__check_heap_overflow
                0x00005e54       0x18 /usr/local/lpcxpresso_8.2.2_650/lpcxpresso/tools/bin/../lib/gcc/arm-none-eabi/5.4.1/../../../../arm-none-eabi/lib/armv7-m/libcr_c.a(_cr_check_heap.o)
                0x00005e54                __check_heap_overflow
 .text.__aeabi_dmul
                0x00005e6c      0x110 /usr/local/lpcxpresso_8.2.2_650/lpcxpresso/tools/bin/../lib/gcc/arm-none-eabi/5.4.1/armv7-m/libcr_eabihelpers.a(double.o)
                0x00005e6c                __aeabi_dmul
 .text.__aeabi_ddiv
                0x00005f7c      0x138 /usr/local/lpcxpresso_8.2.2_650/lpcxpresso/tools/bin/../lib/gcc/arm-none-eabi/5.4.1/armv7-m/libcr_eabihelpers.a(double.o)
                0x00005f7c                __aeabi_ddiv
 .text.__aeabi_dsub
                0x000060b4      0x1a0 /usr/local/lpcxpresso_8.2.2_650/lpcxpresso/tools/bin/../lib/gcc/arm-none-eabi/5.4.1/armv7-m/libcr_eabihelpers.a(double.o)
                0x000060b4                __aeabi_dsub
 .text.__aeabi_dadd
                0x00006254      0x10c /usr/local/lpcxpresso_8.2.2_650/lpcxpresso/tools/bin/../lib/gcc/arm-none-eabi/5.4.1/armv7-m/libcr_eabihelpers.a(double.o)
                0x00006254                __aeabi_dadd
 .text.__aeabi_d2iz
                0x00006360       0x40 /usr/local/lpcxpresso_8.2.2_650/lpcxpresso/tools/bin/../lib/gcc/arm-none-eabi/5.4.1/armv7-m/libcr_eabihelpers.a(double.o)
                0x00006360                __aeabi_d2iz
 .text.__bhs_ui2d
                0x000063a0       0x46 /usr/local/lpcxpresso_8.2.2_650/lpcxpresso/tools/bin/../lib/gcc/arm-none-eabi/5.4.1/armv7-m/libcr_eabihelpers.a(double.o)
                0x000063a0                __bhs_ui2d
 .text.__aeabi_i2d
                0x000063e6       0x10 /usr/local/lpcxpresso_8.2.2_650/lpcxpresso/tools/bin/../lib/gcc/arm-none-eabi/5.4.1/armv7-m/libcr_eabihelpers.a(double.o)
                0x000063e6                __aeabi_i2d
 .text.__aeabi_dcmpeq
                0x000063f6       0x2c /usr/local/lpcxpresso_8.2.2_650/lpcxpresso/tools/bin/../lib/gcc/arm-none-eabi/5.4.1/armv7-m/libcr_eabihelpers.a(double.o)
                0x000063f6                __aeabi_dcmpeq
 .text.__aeabi_dcmplt
                0x00006422       0x54 /usr/local/lpcxpresso_8.2.2_650/lpcxpresso/tools/bin/../lib/gcc/arm-none-eabi/5.4.1/armv7-m/libcr_eabihelpers.a(double.o)
                0x00006422                __aeabi_dcmplt
 .text.__aeabi_dcmple
                0x00006476       0x54 /usr/local/lpcxpresso_8.2.2_650/lpcxpresso/tools/bin/../lib/gcc/arm-none-eabi/5.4.1/armv7-m/libcr_eabihelpers.a(double.o)
                0x00006476                __aeabi_dcmple
 .text.__aeabi_dcmpge
                0x000064ca       0x54 /usr/local/lpcxpresso_8.2.2_650/lpcxpresso/tools/bin/../lib/gcc/arm-none-eabi/5.4.1/armv7-m/libcr_eabihelpers.a(double.o)
                0x000064ca                __aeabi_dcmpge
 *fill*         0x0000651e        0x2 ff
 .text.__aeabi_fmul
                0x00006520       0xb0 /usr/local/lpcxpresso_8.2.2_650/lpcxpresso/tools/bin/../lib/gcc/arm-none-eabi/5.4.1/armv7-m/libcr_eabihelpers.a(float.o)
                0x00006520                __aeabi_fmul
 .text.__aeabi_fdiv
                0x000065d0       0xc0 /usr/local/lpcxpresso_8.2.2_650/lpcxpresso/tools/bin/../lib/gcc/arm-none-eabi/5.4.1/armv7-m/libcr_eabihelpers.a(float.o)
                0x000065d0                __aeabi_fdiv
 .text.__aeabi_f2uiz
                0x00006690       0x28 /usr/local/lpcxpresso_8.2.2_650/lpcxpresso/tools/bin/../lib/gcc/arm-none-eabi/5.4.1/armv7-m/libcr_eabihelpers.a(float.o)
                0x00006690                __aeabi_f2uiz
 .text.__bhs_ui2f
                0x000066b8       0x26 /usr/local/lpcxpresso_8.2.2_650/lpcxpresso/tools/bin/../lib/gcc/arm-none-eabi/5.4.1/armv7-m/libcr_eabihelpers.a(float.o)
                0x000066b8                __bhs_ui2f
 .text.__aeabi_i2f
                0x000066de       0x10 /usr/local/lpcxpresso_8.2.2_650/lpcxpresso/tools/bin/../lib/gcc/arm-none-eabi/5.4.1/armv7-m/libcr_eabihelpers.a(float.o)
                0x000066de                __aeabi_i2f
 .text.__aeabi_memcpy
                0x000066ee       0x34 /usr/local/lpcxpresso_8.2.2_650/lpcxpresso/tools/bin/../lib/gcc/arm-none-eabi/5.4.1/armv7-m/libcr_eabihelpers.a(memcpy.o)
                0x000066ee                __aeabi_memcpy
                0x000066f8                __aeabi_memcpy4
                0x000066f8                __aeabi_memcpy8
 .text.__aeabi_memset_lowlevel
                0x00006722       0x32 /usr/local/lpcxpresso_8.2.2_650/lpcxpresso/tools/bin/../lib/gcc/arm-none-eabi/5.4.1/armv7-m/libcr_eabihelpers.a(memcpy.o)
                0x00006722                __aeabi_lowlevel_memset
 .text.__sys_appexit
                0x00006754        0xc /usr/local/lpcxpresso_8.2.2_650/lpcxpresso/tools/bin/../lib/gcc/arm-none-eabi/5.4.1/../../../../arm-none-eabi/lib/armv7-m/libcr_semihost.a(__sys_appexit.o)
                0x00006754                __exit
                0x00006754                __sys_appexit
 .text.__sys_close
                0x00006760        0xc /usr/local/lpcxpresso_8.2.2_650/lpcxpresso/tools/bin/../lib/gcc/arm-none-eabi/5.4.1/../../../../arm-none-eabi/lib/armv7-m/libcr_semihost.a(__sys_close.o)
                0x00006760                __sys_close
 .text.__sys_flen
                0x0000676c        0xc /usr/local/lpcxpresso_8.2.2_650/lpcxpresso/tools/bin/../lib/gcc/arm-none-eabi/5.4.1/../../../../arm-none-eabi/lib/armv7-m/libcr_semihost.a(__sys_flen.o)
                0x0000676c                __sys_flen
 .text.__sys_istty
                0x00006778        0xc /usr/local/lpcxpresso_8.2.2_650/lpcxpresso/tools/bin/../lib/gcc/arm-none-eabi/5.4.1/../../../../arm-none-eabi/lib/armv7-m/libcr_semihost.a(__sys_istty.o)
                0x00006778                __sys_istty
 .text.__sys_remove
                0x00006784        0xc /usr/local/lpcxpresso_8.2.2_650/lpcxpresso/tools/bin/../lib/gcc/arm-none-eabi/5.4.1/../../../../arm-none-eabi/lib/armv7-m/libcr_semihost.a(__sys_remove.o)
                0x00006784                __sys_remove
 .text.__sys_seek
                0x00006790        0xc /usr/local/lpcxpresso_8.2.2_650/lpcxpresso/tools/bin/../lib/gcc/arm-none-eabi/5.4.1/../../../../arm-none-eabi/lib/armv7-m/libcr_semihost.a(__sys_seek.o)
                0x00006790                __sys_seek
 .text.__sys_tmpnam
                0x0000679c        0xc /usr/local/lpcxpresso_8.2.2_650/lpcxpresso/tools/bin/../lib/gcc/arm-none-eabi/5.4.1/../../../../arm-none-eabi/lib/armv7-m/libcr_semihost.a(__sys_tmpnam.o)
                0x0000679c                __sys_tmpnam
 .text.__sys_write
                0x000067a8        0xc /usr/local/lpcxpresso_8.2.2_650/lpcxpresso/tools/bin/../lib/gcc/arm-none-eabi/5.4.1/../../../../arm-none-eabi/lib/armv7-m/libcr_semihost.a(__sys_write.o)
                0x000067a8                __write
                0x000067a8                __sys_write
 *(.rodata .rodata.* .constdata .constdata.*)
 .rodata        0x000067b4       0x6c ./src/command_decoder.o
 .rodata        0x00006820       0x2d ./src/light_com.o
 *fill*         0x0000684d        0x3 ff
 .rodata        0x00006850       0x61 ./src/light_decoder.o
 *fill*         0x000068b1        0x3 ff
 .rodata        0x000068b4        0x5 ./FreeRTOS_src/tasks.o
 *fill*         0x000068b9        0x3 ff
 .rodata        0x000068bc       0x14 ext_color_sensor.o
 .rodata        0x000068d0      0x19b /home/claudio/Documents/git/hepia/semestre_6/PTR/TPs/TP_light_communication/src/G3_TP2_light_com_etu/Debug/libMyLab_lib.a(lcd.o)
 *fill*         0x00006a6b        0x1 ff
 .rodata        0x00006a6c       0xcc /home/claudio/Documents/git/hepia/semestre_6/PTR/TPs/TP_light_communication/src/G3_TP2_light_com_etu/Debug/libMyLab_lib.a(traces.o)
 .rodata        0x00006b38       0x48 /home/claudio/Documents/git/hepia/semestre_6/PTR/TPs/TP_light_communication/src/G3_TP2_light_com_etu/Debug/libMyLab_lib.a(uart.o)
 .rodata.SmallFont
                0x00006b80      0x478 /home/claudio/Documents/git/hepia/semestre_6/PTR/TPs/TP_light_communication/src/G3_TP2_light_com_etu/Debug/libMyLab_lib.a(fonts.o)
                0x00006b80                SmallFont
 .rodata.BigFont
                0x00006ff8      0xbe4 /home/claudio/Documents/git/hepia/semestre_6/PTR/TPs/TP_light_communication/src/G3_TP2_light_com_etu/Debug/libMyLab_lib.a(fonts.o)
                0x00006ff8                BigFont
 .rodata.str1.1
                0x00007bdc       0x15 /usr/local/lpcxpresso_8.2.2_650/lpcxpresso/tools/bin/../lib/gcc/arm-none-eabi/5.4.1/../../../../arm-none-eabi/lib/armv7-m/libcr_c.a(_cr_assert.o)
 .rodata.str1.1
                0x00007bf1       0x18 /usr/local/lpcxpresso_8.2.2_650/lpcxpresso/tools/bin/../lib/gcc/arm-none-eabi/5.4.1/../../../../arm-none-eabi/lib/armv7-m/libcr_c.a(alloc.o)
 .rodata.str1.1
                0x00007c09       0x32 /usr/local/lpcxpresso_8.2.2_650/lpcxpresso/tools/bin/../lib/gcc/arm-none-eabi/5.4.1/../../../../arm-none-eabi/lib/armv7-m/libcr_c.a(fpprintf.o)
                                 0x35 (size before relaxing)
 .rodata.str1.1
                0x00007c3b        0x4 /usr/local/lpcxpresso_8.2.2_650/lpcxpresso/tools/bin/../lib/gcc/arm-none-eabi/5.4.1/../../../../arm-none-eabi/lib/armv7-m/libcr_c.a(initio.o)
 .rodata.str1.1
                0x00007c3f       0x31 /usr/local/lpcxpresso_8.2.2_650/lpcxpresso/tools/bin/../lib/gcc/arm-none-eabi/5.4.1/../../../../arm-none-eabi/lib/armv7-m/libcr_c.a(printf.o)
                                 0x38 (size before relaxing)
 .rodata.__huge_vall
                0x00007c70        0x8 /usr/local/lpcxpresso_8.2.2_650/lpcxpresso/tools/bin/../lib/gcc/arm-none-eabi/5.4.1/../../../../arm-none-eabi/lib/armv7-m/libcr_c.a(_hugeval.o)
                0x00007c70                __huge_vall
 .rodata.__ctype
                0x00007c78      0x180 /usr/local/lpcxpresso_8.2.2_650/lpcxpresso/tools/bin/../lib/gcc/arm-none-eabi/5.4.1/../../../../arm-none-eabi/lib/armv7-m/libcr_c.a(ctype.o)
                0x00007c78                __ctype
                0x00007df8                . = ALIGN (0x4)

.glue_7         0x00007df8        0x0
 .glue_7        0x00007df8        0x0 linker stubs

.glue_7t        0x00007df8        0x0
 .glue_7t       0x00007df8        0x0 linker stubs

.vfp11_veneer   0x00007df8        0x0
 .vfp11_veneer  0x00007df8        0x0 linker stubs

.v4_bx          0x00007df8        0x0
 .v4_bx         0x00007df8        0x0 linker stubs

.iplt           0x00007df8        0x0
 .iplt          0x00007df8        0x0 ./src/command_decoder.o

.rel.dyn        0x00007df8        0x0
 .rel.iplt      0x00007df8        0x0 ./src/command_decoder.o

.ARM.extab
 *(.ARM.extab* .gnu.linkonce.armextab.*)
                0x00007df8                __exidx_start = .

.ARM.exidx
 *(.ARM.exidx* .gnu.linkonce.armexidx.*)
                0x00007df8                __exidx_end = .
                0x00007df8                _etext = .

.data_RAM2      0x2007c000        0x0 load address 0x00007df8
 FILL mask 0xff
                [!provide]                PROVIDE (__start_data_RAM2, .)
 *(.ramfunc.$RAM2)
 *(.ramfunc.$RamAHB32)
 *(.data.$RAM2*)
 *(.data.$RamAHB32*)
                0x2007c000                . = ALIGN (0x4)
                [!provide]                PROVIDE (__end_data_RAM2, .)

.uninit_RESERVED
                0x10000000        0x0
 *(.bss.$RESERVED*)
                0x10000000                . = ALIGN (0x4)
                0x10000000                _end_uninit_RESERVED = .

.data           0x10000000       0x30 load address 0x00007df8
 FILL mask 0xff
                0x10000000                _data = .
 *(vtable)
 *(.ramfunc*)
 *(.data*)
 .data.CMD_TO_STR
                0x10000000       0x10 ./src/command_decoder.o
 .data.previous_id_in
                0x10000010        0x4 ./FreeRTOS_src/tasks.o
 .data.xNextTaskUnblockTime
                0x10000014        0x4 ./FreeRTOS_src/tasks.o
 .data.xFreeBytesRemaining
                0x10000018        0x4 ./FreeRTOS_portable/MemMang/heap_2.o
 .data.uxCriticalNesting
                0x1000001c        0x4 ./FreeRTOS_portable/port.o
 .data.cs_write
                0x10000020        0x1 ext_color_sensor.o
 *fill*         0x10000021        0x3 ff
 .data.offset.5884
                0x10000024        0x4 /home/claudio/Documents/git/hepia/semestre_6/PTR/TPs/TP_light_communication/src/G3_TP2_light_com_etu/Debug/libMyLab_lib.a(lcd.o)
 .data.y.5883   0x10000028        0x4 /home/claudio/Documents/git/hepia/semestre_6/PTR/TPs/TP_light_communication/src/G3_TP2_light_com_etu/Debug/libMyLab_lib.a(lcd.o)
 .data.SystemCoreClock
                0x1000002c        0x4 /home/claudio/Documents/git/hepia/semestre_6/PTR/TPs/TP_light_communication/src/CMSISv2p00_LPC17xx/Debug/libCMSISv2p00_LPC17xx.a(system_LPC17xx.o)
                0x1000002c                SystemCoreClock
                0x10000030                . = ALIGN (0x4)
                0x10000030                _edata = .

.igot.plt       0x10000030        0x0 load address 0x00007e28
 .igot.plt      0x10000030        0x0 ./src/command_decoder.o

.bss_RAM2       0x2007c000        0x0
                [!provide]                PROVIDE (__start_bss_RAM2, .)
 *(.bss.$RAM2*)
 *(.bss.$RamAHB32*)
                0x2007c000                . = ALIGN ((. != 0x0)?0x4:0x1)
                0x2007c000                PROVIDE (__end_bss_RAM2, .)

.bss            0x10000030     0x6d70
                0x10000030                _bss = .
 *(.bss*)
 .bss.char_queue
                0x10000030        0x4 ./src/command_decoder.o
 .bss.leds.5713
                0x10000034        0x8 ./src/light_com.o
 .bss.load.5712
                0x1000003c        0x8 ./src/light_com.o
 .bss.cmd_decoder.5711
                0x10000044      0x220 ./src/light_com.o
 .bss.light_decoder.5710
                0x10000264     0x2d08 ./src/light_com.o
 .bss.buf_idx_queue
                0x10002f6c        0x4 ./src/light_decoder.o
 .bss.pxCurrentTCB
                0x10002f70        0x4 ./FreeRTOS_src/tasks.o
                0x10002f70                pxCurrentTCB
 .bss.pxReadyTasksLists
                0x10002f74       0x64 ./FreeRTOS_src/tasks.o
 .bss.xDelayedTaskList1
                0x10002fd8       0x14 ./FreeRTOS_src/tasks.o
 .bss.xDelayedTaskList2
                0x10002fec       0x14 ./FreeRTOS_src/tasks.o
 .bss.pxDelayedTaskList
                0x10003000        0x4 ./FreeRTOS_src/tasks.o
 .bss.pxOverflowDelayedTaskList
                0x10003004        0x4 ./FreeRTOS_src/tasks.o
 .bss.xPendingReadyList
                0x10003008       0x14 ./FreeRTOS_src/tasks.o
 .bss.xTasksWaitingTermination
                0x1000301c       0x14 ./FreeRTOS_src/tasks.o
 .bss.uxTasksDeleted
                0x10003030        0x4 ./FreeRTOS_src/tasks.o
 .bss.xSuspendedTaskList
                0x10003034       0x14 ./FreeRTOS_src/tasks.o
 .bss.uxCurrentNumberOfTasks
                0x10003048        0x4 ./FreeRTOS_src/tasks.o
 .bss.xTickCount
                0x1000304c        0x4 ./FreeRTOS_src/tasks.o
 .bss.uxTopUsedPriority
                0x10003050        0x4 ./FreeRTOS_src/tasks.o
 .bss.uxTopReadyPriority
                0x10003054        0x4 ./FreeRTOS_src/tasks.o
 .bss.xSchedulerRunning
                0x10003058        0x4 ./FreeRTOS_src/tasks.o
 .bss.uxSchedulerSuspended
                0x1000305c        0x4 ./FreeRTOS_src/tasks.o
 .bss.uxMissedTicks
                0x10003060        0x4 ./FreeRTOS_src/tasks.o
 .bss.xMissedYield
                0x10003064        0x4 ./FreeRTOS_src/tasks.o
 .bss.xNumOfOverflows
                0x10003068        0x4 ./FreeRTOS_src/tasks.o
 .bss.uxTaskNumber
                0x1000306c        0x4 ./FreeRTOS_src/tasks.o
 .bss.xHeap     0x10003070     0x3000 ./FreeRTOS_portable/MemMang/heap_2.o
 .bss.xStart    0x10006070        0x8 ./FreeRTOS_portable/MemMang/heap_2.o
 .bss.xEnd      0x10006078        0x8 ./FreeRTOS_portable/MemMang/heap_2.o
 .bss.xHeapHasBeenInitialised.4345
                0x10006080        0x4 ./FreeRTOS_portable/MemMang/heap_2.o
 .bss.i2c_h     0x10006084        0x4 ext_color_sensor.o
 .bss.idx       0x10006088        0x4 ext_color_sensor.o
 .bss.buf_len   0x1000608c        0x4 ext_color_sensor.o
 .bss.buf       0x10006090        0x4 ext_color_sensor.o
 .bss.ext_cs_buffer_end_func
                0x10006094        0x4 ext_color_sensor.o
 .bss.str       0x10006098      0x30c /home/claudio/Documents/git/hepia/semestre_6/PTR/TPs/TP_light_communication/src/G3_TP2_light_com_etu/Debug/libMyLab_lib.a(lcd.o)
 .bss.is_scroll_setup.5885
                0x100063a4        0x1 /home/claudio/Documents/git/hepia/semestre_6/PTR/TPs/TP_light_communication/src/G3_TP2_light_com_etu/Debug/libMyLab_lib.a(lcd.o)
 *fill*         0x100063a5        0x3 
 .bss.x.5882    0x100063a8        0x4 /home/claudio/Documents/git/hepia/semestre_6/PTR/TPs/TP_light_communication/src/G3_TP2_light_com_etu/Debug/libMyLab_lib.a(lcd.o)
 .bss.trace_buffer
                0x100063ac      0x800 /home/claudio/Documents/git/hepia/semestre_6/PTR/TPs/TP_light_communication/src/G3_TP2_light_com_etu/Debug/libMyLab_lib.a(traces.o)
 .bss.write_idx
                0x10006bac        0x4 /home/claudio/Documents/git/hepia/semestre_6/PTR/TPs/TP_light_communication/src/G3_TP2_light_com_etu/Debug/libMyLab_lib.a(traces.o)
 .bss.read_idx  0x10006bb0        0x4 /home/claudio/Documents/git/hepia/semestre_6/PTR/TPs/TP_light_communication/src/G3_TP2_light_com_etu/Debug/libMyLab_lib.a(traces.o)
 .bss.w_byte_idx
                0x10006bb4        0x4 /home/claudio/Documents/git/hepia/semestre_6/PTR/TPs/TP_light_communication/src/G3_TP2_light_com_etu/Debug/libMyLab_lib.a(traces.o)
 .bss.timer_counter
                0x10006bb8        0x4 /home/claudio/Documents/git/hepia/semestre_6/PTR/TPs/TP_light_communication/src/G3_TP2_light_com_etu/Debug/libMyLab_lib.a(traces.o)
 .bss.int_enabled
                0x10006bbc        0x1 /home/claudio/Documents/git/hepia/semestre_6/PTR/TPs/TP_light_communication/src/G3_TP2_light_com_etu/Debug/libMyLab_lib.a(traces.o)
 .bss.trace_init_done
                0x10006bbd        0x1 /home/claudio/Documents/git/hepia/semestre_6/PTR/TPs/TP_light_communication/src/G3_TP2_light_com_etu/Debug/libMyLab_lib.a(traces.o)
 *fill*         0x10006bbe        0x2 
 .bss.tx_callbck
                0x10006bc0        0x4 /home/claudio/Documents/git/hepia/semestre_6/PTR/TPs/TP_light_communication/src/G3_TP2_light_com_etu/Debug/libMyLab_lib.a(uart.o)
 .bss.rx_callbck
                0x10006bc4        0x4 /home/claudio/Documents/git/hepia/semestre_6/PTR/TPs/TP_light_communication/src/G3_TP2_light_com_etu/Debug/libMyLab_lib.a(uart.o)
 .bss._extra    0x10006bc8        0x4 /usr/local/lpcxpresso_8.2.2_650/lpcxpresso/tools/bin/../lib/gcc/arm-none-eabi/5.4.1/../../../../arm-none-eabi/lib/armv7-m/libcr_c.a(initio.o)
                0x10006bc8                _extra
 .bss.__Ciob    0x10006bcc      0x140 /usr/local/lpcxpresso_8.2.2_650/lpcxpresso/tools/bin/../lib/gcc/arm-none-eabi/5.4.1/../../../../arm-none-eabi/lib/armv7-m/libcr_c.a(stdio.o)
                0x10006bcc                __Ciob
 .bss._exitvector
                0x10006d0c       0x84 /usr/local/lpcxpresso_8.2.2_650/lpcxpresso/tools/bin/../lib/gcc/arm-none-eabi/5.4.1/../../../../arm-none-eabi/lib/armv7-m/libcr_c.a(stdlib.o)
                0x10006d0c                _exitvector
 .bss._number_of_exit_functions
                0x10006d90        0x4 /usr/local/lpcxpresso_8.2.2_650/lpcxpresso/tools/bin/../lib/gcc/arm-none-eabi/5.4.1/../../../../arm-none-eabi/lib/armv7-m/libcr_c.a(stdlib.o)
                0x10006d90                _number_of_exit_functions
 .bss.__heaps   0x10006d94        0x4 /usr/local/lpcxpresso_8.2.2_650/lpcxpresso/tools/bin/../lib/gcc/arm-none-eabi/5.4.1/../../../../arm-none-eabi/lib/armv7-m/libcr_c.a(__init_alloc.o)
                0x10006d94                __heaps
 .bss.__end_of_heap
                0x10006d98        0x4 /usr/local/lpcxpresso_8.2.2_650/lpcxpresso/tools/bin/../lib/gcc/arm-none-eabi/5.4.1/../../../../arm-none-eabi/lib/armv7-m/libcr_c.a(__init_alloc.o)
                0x10006d98                __end_of_heap
 .bss.errno     0x10006d9c        0x4 /usr/local/lpcxpresso_8.2.2_650/lpcxpresso/tools/bin/../lib/gcc/arm-none-eabi/5.4.1/../../../../arm-none-eabi/lib/armv7-m/libcr_c.a(errno.o)
                0x10006d9c                errno
 *(COMMON)
                0x10006da0                . = ALIGN (0x4)
                0x10006da0                _ebss = .
                [!provide]                PROVIDE (end, .)

.noinit_RAM2    0x2007c000        0x0
 *(.noinit.$RAM2*)
 *(.noinit.$RamAHB32*)
                0x2007c000                . = ALIGN (0x4)

.noinit         0x10006da0        0x0
                0x10006da0                _noinit = .
 *(.noinit*)
                0x10006da0                . = ALIGN (0x4)
                0x10006da0                _end_noinit = .
                0x10006da0                PROVIDE (_pvHeapStart, DEFINED (__user_heap_base)?__user_heap_base:.)
                0x10008000                PROVIDE (_vStackTop, DEFINED (__user_stack_top)?__user_stack_top:(__top_RamLoc32 - 0x0))
                [!provide]                PROVIDE (__valid_user_code_checksum, (0x0 - ((((((_vStackTop + (ResetISR + 0x1)) + (NMI_Handler + 0x1)) + (HardFault_Handler + 0x1)) + (DEFINED (MemManage_Handler)?MemManage_Handler:0x0 + 0x1)) + (DEFINED (BusFault_Handler)?BusFault_Handler:0x0 + 0x1)) + (DEFINED (UsageFault_Handler)?UsageFault_Handler:0x0 + 0x1))))
OUTPUT(G3_TP2_light_com_etu.axf elf32-littlearm)

.debug_info     0x00000000     0x75bb
 .debug_info    0x00000000      0x62f ./src/command_decoder.o
 .debug_info    0x0000062f      0x259 ./src/cr_startup_lpc17.o
 .debug_info    0x00000888      0x47f ./src/leds.o
 .debug_info    0x00000d07      0x2e9 ./src/light_com.o
 .debug_info    0x00000ff0      0x766 ./src/light_decoder.o
 .debug_info    0x00001756      0x2c9 ./src/load.o
 .debug_info    0x00001a1f      0x280 ./FreeRTOS_src/list.o
 .debug_info    0x00001c9f      0x867 ./FreeRTOS_src/queue.o
 .debug_info    0x00002506      0xcc9 ./FreeRTOS_src/tasks.o
 .debug_info    0x000031cf      0x2a3 ./FreeRTOS_portable/MemMang/heap_2.o
 .debug_info    0x00003472      0x1db ./FreeRTOS_portable/port.o
 .debug_info    0x0000364d      0xa37 ext_color_sensor.o
 .debug_info    0x00004084      0x836 /home/claudio/Documents/git/hepia/semestre_6/PTR/TPs/TP_light_communication/src/G3_TP2_light_com_etu/Debug/libMyLab_lib.a(I2C.o)
 .debug_info    0x000048ba     0x127b /home/claudio/Documents/git/hepia/semestre_6/PTR/TPs/TP_light_communication/src/G3_TP2_light_com_etu/Debug/libMyLab_lib.a(lcd.o)
 .debug_info    0x00005b35      0x5ab /home/claudio/Documents/git/hepia/semestre_6/PTR/TPs/TP_light_communication/src/G3_TP2_light_com_etu/Debug/libMyLab_lib.a(ssp.o)
 .debug_info    0x000060e0      0x786 /home/claudio/Documents/git/hepia/semestre_6/PTR/TPs/TP_light_communication/src/G3_TP2_light_com_etu/Debug/libMyLab_lib.a(traces.o)
 .debug_info    0x00006866      0x993 /home/claudio/Documents/git/hepia/semestre_6/PTR/TPs/TP_light_communication/src/G3_TP2_light_com_etu/Debug/libMyLab_lib.a(uart.o)
 .debug_info    0x000071f9       0xaa /home/claudio/Documents/git/hepia/semestre_6/PTR/TPs/TP_light_communication/src/G3_TP2_light_com_etu/Debug/libMyLab_lib.a(fonts.o)
 .debug_info    0x000072a3      0x318 /home/claudio/Documents/git/hepia/semestre_6/PTR/TPs/TP_light_communication/src/CMSISv2p00_LPC17xx/Debug/libCMSISv2p00_LPC17xx.a(system_LPC17xx.o)

.debug_abbrev   0x00000000     0x1a94
 .debug_abbrev  0x00000000      0x1b2 ./src/command_decoder.o
 .debug_abbrev  0x000001b2      0x100 ./src/cr_startup_lpc17.o
 .debug_abbrev  0x000002b2      0x110 ./src/leds.o
 .debug_abbrev  0x000003c2       0xf7 ./src/light_com.o
 .debug_abbrev  0x000004b9      0x191 ./src/light_decoder.o
 .debug_abbrev  0x0000064a      0x118 ./src/load.o
 .debug_abbrev  0x00000762       0xbf ./FreeRTOS_src/list.o
 .debug_abbrev  0x00000821      0x1bb ./FreeRTOS_src/queue.o
 .debug_abbrev  0x000009dc      0x1ec ./FreeRTOS_src/tasks.o
 .debug_abbrev  0x00000bc8      0x16b ./FreeRTOS_portable/MemMang/heap_2.o
 .debug_abbrev  0x00000d33      0x11d ./FreeRTOS_portable/port.o
 .debug_abbrev  0x00000e50      0x214 ext_color_sensor.o
 .debug_abbrev  0x00001064      0x1b0 /home/claudio/Documents/git/hepia/semestre_6/PTR/TPs/TP_light_communication/src/G3_TP2_light_com_etu/Debug/libMyLab_lib.a(I2C.o)
 .debug_abbrev  0x00001214      0x274 /home/claudio/Documents/git/hepia/semestre_6/PTR/TPs/TP_light_communication/src/G3_TP2_light_com_etu/Debug/libMyLab_lib.a(lcd.o)
 .debug_abbrev  0x00001488      0x13a /home/claudio/Documents/git/hepia/semestre_6/PTR/TPs/TP_light_communication/src/G3_TP2_light_com_etu/Debug/libMyLab_lib.a(ssp.o)
 .debug_abbrev  0x000015c2      0x1a2 /home/claudio/Documents/git/hepia/semestre_6/PTR/TPs/TP_light_communication/src/G3_TP2_light_com_etu/Debug/libMyLab_lib.a(traces.o)
 .debug_abbrev  0x00001764      0x202 /home/claudio/Documents/git/hepia/semestre_6/PTR/TPs/TP_light_communication/src/G3_TP2_light_com_etu/Debug/libMyLab_lib.a(uart.o)
 .debug_abbrev  0x00001966       0x48 /home/claudio/Documents/git/hepia/semestre_6/PTR/TPs/TP_light_communication/src/G3_TP2_light_com_etu/Debug/libMyLab_lib.a(fonts.o)
 .debug_abbrev  0x000019ae       0xe6 /home/claudio/Documents/git/hepia/semestre_6/PTR/TPs/TP_light_communication/src/CMSISv2p00_LPC17xx/Debug/libCMSISv2p00_LPC17xx.a(system_LPC17xx.o)

.debug_aranges  0x00000000      0x728
 .debug_aranges
                0x00000000       0x58 ./src/command_decoder.o
 .debug_aranges
                0x00000058       0x68 ./src/cr_startup_lpc17.o
 .debug_aranges
                0x000000c0       0x30 ./src/leds.o
 .debug_aranges
                0x000000f0       0x20 ./src/light_com.o
 .debug_aranges
                0x00000110       0x68 ./src/light_decoder.o
 .debug_aranges
                0x00000178       0x30 ./src/load.o
 .debug_aranges
                0x000001a8       0x40 ./FreeRTOS_src/list.o
 .debug_aranges
                0x000001e8       0xb8 ./FreeRTOS_src/queue.o
 .debug_aranges
                0x000002a0      0x120 ./FreeRTOS_src/tasks.o
 .debug_aranges
                0x000003c0       0x38 ./FreeRTOS_portable/MemMang/heap_2.o
 .debug_aranges
                0x000003f8       0x70 ./FreeRTOS_portable/port.o
 .debug_aranges
                0x00000468       0x68 ext_color_sensor.o
 .debug_aranges
                0x000004d0       0x48 /home/claudio/Documents/git/hepia/semestre_6/PTR/TPs/TP_light_communication/src/G3_TP2_light_com_etu/Debug/libMyLab_lib.a(I2C.o)
 .debug_aranges
                0x00000518      0x110 /home/claudio/Documents/git/hepia/semestre_6/PTR/TPs/TP_light_communication/src/G3_TP2_light_com_etu/Debug/libMyLab_lib.a(lcd.o)
 .debug_aranges
                0x00000628       0x30 /home/claudio/Documents/git/hepia/semestre_6/PTR/TPs/TP_light_communication/src/G3_TP2_light_com_etu/Debug/libMyLab_lib.a(ssp.o)
 .debug_aranges
                0x00000658       0x40 /home/claudio/Documents/git/hepia/semestre_6/PTR/TPs/TP_light_communication/src/G3_TP2_light_com_etu/Debug/libMyLab_lib.a(traces.o)
 .debug_aranges
                0x00000698       0x50 /home/claudio/Documents/git/hepia/semestre_6/PTR/TPs/TP_light_communication/src/G3_TP2_light_com_etu/Debug/libMyLab_lib.a(uart.o)
 .debug_aranges
                0x000006e8       0x18 /home/claudio/Documents/git/hepia/semestre_6/PTR/TPs/TP_light_communication/src/G3_TP2_light_com_etu/Debug/libMyLab_lib.a(fonts.o)
 .debug_aranges
                0x00000700       0x28 /home/claudio/Documents/git/hepia/semestre_6/PTR/TPs/TP_light_communication/src/CMSISv2p00_LPC17xx/Debug/libCMSISv2p00_LPC17xx.a(system_LPC17xx.o)

.debug_ranges   0x00000000      0x620
 .debug_ranges  0x00000000       0x48 ./src/command_decoder.o
 .debug_ranges  0x00000048       0x58 ./src/cr_startup_lpc17.o
 .debug_ranges  0x000000a0       0x20 ./src/leds.o
 .debug_ranges  0x000000c0       0x10 ./src/light_com.o
 .debug_ranges  0x000000d0       0x58 ./src/light_decoder.o
 .debug_ranges  0x00000128       0x20 ./src/load.o
 .debug_ranges  0x00000148       0x30 ./FreeRTOS_src/list.o
 .debug_ranges  0x00000178       0xa8 ./FreeRTOS_src/queue.o
 .debug_ranges  0x00000220      0x110 ./FreeRTOS_src/tasks.o
 .debug_ranges  0x00000330       0x28 ./FreeRTOS_portable/MemMang/heap_2.o
 .debug_ranges  0x00000358       0x60 ./FreeRTOS_portable/port.o
 .debug_ranges  0x000003b8       0x58 ext_color_sensor.o
 .debug_ranges  0x00000410       0x38 /home/claudio/Documents/git/hepia/semestre_6/PTR/TPs/TP_light_communication/src/G3_TP2_light_com_etu/Debug/libMyLab_lib.a(I2C.o)
 .debug_ranges  0x00000448      0x130 /home/claudio/Documents/git/hepia/semestre_6/PTR/TPs/TP_light_communication/src/G3_TP2_light_com_etu/Debug/libMyLab_lib.a(lcd.o)
 .debug_ranges  0x00000578       0x20 /home/claudio/Documents/git/hepia/semestre_6/PTR/TPs/TP_light_communication/src/G3_TP2_light_com_etu/Debug/libMyLab_lib.a(ssp.o)
 .debug_ranges  0x00000598       0x30 /home/claudio/Documents/git/hepia/semestre_6/PTR/TPs/TP_light_communication/src/G3_TP2_light_com_etu/Debug/libMyLab_lib.a(traces.o)
 .debug_ranges  0x000005c8       0x40 /home/claudio/Documents/git/hepia/semestre_6/PTR/TPs/TP_light_communication/src/G3_TP2_light_com_etu/Debug/libMyLab_lib.a(uart.o)
 .debug_ranges  0x00000608       0x18 /home/claudio/Documents/git/hepia/semestre_6/PTR/TPs/TP_light_communication/src/CMSISv2p00_LPC17xx/Debug/libCMSISv2p00_LPC17xx.a(system_LPC17xx.o)

.debug_macro    0x00000000     0x540c
 .debug_macro   0x00000000      0x1ec ./src/command_decoder.o
 .debug_macro   0x000001ec      0x88c ./src/command_decoder.o
 .debug_macro   0x00000a78       0x22 ./src/command_decoder.o
 .debug_macro   0x00000a9a       0x10 ./src/command_decoder.o
 .debug_macro   0x00000aaa      0x12d ./src/command_decoder.o
 .debug_macro   0x00000bd7       0x16 ./src/command_decoder.o
 .debug_macro   0x00000bed       0x46 ./src/command_decoder.o
 .debug_macro   0x00000c33       0x9a ./src/command_decoder.o
 .debug_macro   0x00000ccd      0x5b2 ./src/command_decoder.o
 .debug_macro   0x0000127f      0x157 ./src/command_decoder.o
 .debug_macro   0x000013d6       0xa3 ./src/command_decoder.o
 .debug_macro   0x00001479       0x12 ./src/command_decoder.o
 .debug_macro   0x0000148b       0x1f ./src/command_decoder.o
 .debug_macro   0x000014aa      0x177 ./src/command_decoder.o
 .debug_macro   0x00001621       0x49 ./src/command_decoder.o
 .debug_macro   0x0000166a       0x57 ./src/command_decoder.o
 .debug_macro   0x000016c1       0x6a ./src/command_decoder.o
 .debug_macro   0x0000172b       0x62 ./src/command_decoder.o
 .debug_macro   0x0000178d       0x1c ./src/command_decoder.o
 .debug_macro   0x000017a9       0x1c ./src/command_decoder.o
 .debug_macro   0x000017c5       0x2e ./src/command_decoder.o
 .debug_macro   0x000017f3       0x18 ./src/command_decoder.o
 .debug_macro   0x0000180b      0x7af ./src/command_decoder.o
 .debug_macro   0x00001fba      0x2c7 ./src/command_decoder.o
 .debug_macro   0x00002281       0x2e ./src/command_decoder.o
 .debug_macro   0x000022af       0x1c ./src/command_decoder.o
 .debug_macro   0x000022cb       0x28 ./src/command_decoder.o
 .debug_macro   0x000022f3       0x1c ./src/command_decoder.o
 .debug_macro   0x0000230f       0xc2 ./src/command_decoder.o
 .debug_macro   0x000023d1       0x52 ./src/cr_startup_lpc17.o
 .debug_macro   0x00002423      0x144 ./src/leds.o
 .debug_macro   0x00002567      0x1b7 ./src/light_com.o
 .debug_macro   0x0000271e       0x82 ./src/light_com.o
 .debug_macro   0x000027a0       0x1c ./src/light_com.o
 .debug_macro   0x000027bc       0x22 ./src/light_com.o
 .debug_macro   0x000027de       0x7c ./src/light_com.o
 .debug_macro   0x0000285a       0x7c ./src/light_com.o
 .debug_macro   0x000028d6       0x5e ./src/light_com.o
 .debug_macro   0x00002934       0x16 ./src/light_com.o
 .debug_macro   0x0000294a      0x1ae ./src/light_decoder.o
 .debug_macro   0x00002af8       0x28 ./src/light_decoder.o
 .debug_macro   0x00002b20       0x58 ./src/light_decoder.o
 .debug_macro   0x00002b78      0x150 ./src/load.o
 .debug_macro   0x00002cc8       0xe2 ./FreeRTOS_src/list.o
 .debug_macro   0x00002daa      0x163 ./FreeRTOS_src/queue.o
 .debug_macro   0x00002f0d      0x162 ./FreeRTOS_src/tasks.o
 .debug_macro   0x0000306f       0x61 ./FreeRTOS_src/tasks.o
 .debug_macro   0x000030d0       0x16 ./FreeRTOS_src/tasks.o
 .debug_macro   0x000030e6      0x110 ./FreeRTOS_portable/MemMang/heap_2.o
 .debug_macro   0x000031f6      0x11f ./FreeRTOS_portable/port.o
 .debug_macro   0x00003315       0xc2 ext_color_sensor.o
 .debug_macro   0x000033d7      0x892 ext_color_sensor.o
 .debug_macro   0x00003c69       0x58 ext_color_sensor.o
 .debug_macro   0x00003cc1       0x58 ext_color_sensor.o
 .debug_macro   0x00003d19       0x8d /home/claudio/Documents/git/hepia/semestre_6/PTR/TPs/TP_light_communication/src/G3_TP2_light_com_etu/Debug/libMyLab_lib.a(I2C.o)
 .debug_macro   0x00003da6      0x898 /home/claudio/Documents/git/hepia/semestre_6/PTR/TPs/TP_light_communication/src/G3_TP2_light_com_etu/Debug/libMyLab_lib.a(I2C.o)
 .debug_macro   0x0000463e      0x108 /home/claudio/Documents/git/hepia/semestre_6/PTR/TPs/TP_light_communication/src/G3_TP2_light_com_etu/Debug/libMyLab_lib.a(lcd.o)
 .debug_macro   0x00004746       0xc4 /home/claudio/Documents/git/hepia/semestre_6/PTR/TPs/TP_light_communication/src/G3_TP2_light_com_etu/Debug/libMyLab_lib.a(lcd.o)
 .debug_macro   0x0000480a       0x90 /home/claudio/Documents/git/hepia/semestre_6/PTR/TPs/TP_light_communication/src/G3_TP2_light_com_etu/Debug/libMyLab_lib.a(ssp.o)
 .debug_macro   0x0000489a       0x22 /home/claudio/Documents/git/hepia/semestre_6/PTR/TPs/TP_light_communication/src/G3_TP2_light_com_etu/Debug/libMyLab_lib.a(ssp.o)
 .debug_macro   0x000048bc       0xcf /home/claudio/Documents/git/hepia/semestre_6/PTR/TPs/TP_light_communication/src/G3_TP2_light_com_etu/Debug/libMyLab_lib.a(traces.o)
 .debug_macro   0x0000498b       0xa0 /home/claudio/Documents/git/hepia/semestre_6/PTR/TPs/TP_light_communication/src/G3_TP2_light_com_etu/Debug/libMyLab_lib.a(uart.o)
 .debug_macro   0x00004a2b       0x16 /home/claudio/Documents/git/hepia/semestre_6/PTR/TPs/TP_light_communication/src/G3_TP2_light_com_etu/Debug/libMyLab_lib.a(uart.o)
 .debug_macro   0x00004a41       0x1a /home/claudio/Documents/git/hepia/semestre_6/PTR/TPs/TP_light_communication/src/G3_TP2_light_com_etu/Debug/libMyLab_lib.a(fonts.o)
 .debug_macro   0x00004a5b      0x12b /home/claudio/Documents/git/hepia/semestre_6/PTR/TPs/TP_light_communication/src/CMSISv2p00_LPC17xx/Debug/libCMSISv2p00_LPC17xx.a(system_LPC17xx.o)
 .debug_macro   0x00004b86      0x886 /home/claudio/Documents/git/hepia/semestre_6/PTR/TPs/TP_light_communication/src/CMSISv2p00_LPC17xx/Debug/libCMSISv2p00_LPC17xx.a(system_LPC17xx.o)

.debug_line     0x00000000     0x40ed
 .debug_line    0x00000000      0x426 ./src/command_decoder.o
 .debug_line    0x00000426      0x1ff ./src/cr_startup_lpc17.o
 .debug_line    0x00000625      0x2eb ./src/leds.o
 .debug_line    0x00000910      0x3a7 ./src/light_com.o
 .debug_line    0x00000cb7      0x4ea ./src/light_decoder.o
 .debug_line    0x000011a1      0x2f0 ./src/load.o
 .debug_line    0x00001491      0x25a ./FreeRTOS_src/list.o
 .debug_line    0x000016eb      0x48b ./FreeRTOS_src/queue.o
 .debug_line    0x00001b76      0x736 ./FreeRTOS_src/tasks.o
 .debug_line    0x000022ac      0x292 ./FreeRTOS_portable/MemMang/heap_2.o
 .debug_line    0x0000253e      0x2a5 ./FreeRTOS_portable/port.o
 .debug_line    0x000027e3      0x366 ext_color_sensor.o
 .debug_line    0x00002b49      0x358 /home/claudio/Documents/git/hepia/semestre_6/PTR/TPs/TP_light_communication/src/G3_TP2_light_com_etu/Debug/libMyLab_lib.a(I2C.o)
 .debug_line    0x00002ea1      0x7fc /home/claudio/Documents/git/hepia/semestre_6/PTR/TPs/TP_light_communication/src/G3_TP2_light_com_etu/Debug/libMyLab_lib.a(lcd.o)
 .debug_line    0x0000369d      0x24a /home/claudio/Documents/git/hepia/semestre_6/PTR/TPs/TP_light_communication/src/G3_TP2_light_com_etu/Debug/libMyLab_lib.a(ssp.o)
 .debug_line    0x000038e7      0x2f9 /home/claudio/Documents/git/hepia/semestre_6/PTR/TPs/TP_light_communication/src/G3_TP2_light_com_etu/Debug/libMyLab_lib.a(traces.o)
 .debug_line    0x00003be0      0x2b7 /home/claudio/Documents/git/hepia/semestre_6/PTR/TPs/TP_light_communication/src/G3_TP2_light_com_etu/Debug/libMyLab_lib.a(uart.o)
 .debug_line    0x00003e97       0x7b /home/claudio/Documents/git/hepia/semestre_6/PTR/TPs/TP_light_communication/src/G3_TP2_light_com_etu/Debug/libMyLab_lib.a(fonts.o)
 .debug_line    0x00003f12      0x1db /home/claudio/Documents/git/hepia/semestre_6/PTR/TPs/TP_light_communication/src/CMSISv2p00_LPC17xx/Debug/libCMSISv2p00_LPC17xx.a(system_LPC17xx.o)

.debug_str      0x00000000    0x10265
 .debug_str     0x00000000     0xb260 ./src/command_decoder.o
                               0xb304 (size before relaxing)
 .debug_str     0x0000b260      0x192 ./src/cr_startup_lpc17.o
                               0x3e19 (size before relaxing)
 .debug_str     0x0000b3f2      0x19a ./src/leds.o
                               0xab31 (size before relaxing)
 .debug_str     0x0000b58c      0xa8d ./src/light_com.o
                               0xb571 (size before relaxing)
 .debug_str     0x0000c019      0x1d0 ./src/light_decoder.o
                               0xaef2 (size before relaxing)
 .debug_str     0x0000c1e9       0x99 ./src/load.o
                               0xaa3d (size before relaxing)
 .debug_str     0x0000c282      0x135 ./FreeRTOS_src/list.o
                               0x5a14 (size before relaxing)
 .debug_str     0x0000c3b7      0xc68 ./FreeRTOS_src/queue.o
                               0x699d (size before relaxing)
 .debug_str     0x0000d01f     0x1122 ./FreeRTOS_src/tasks.o
                               0x6e94 (size before relaxing)
 .debug_str     0x0000e141      0x45f ./FreeRTOS_portable/MemMang/heap_2.o
                               0x60b8 (size before relaxing)
 .debug_str     0x0000e5a0      0x368 ./FreeRTOS_portable/port.o
                               0x5f2b (size before relaxing)
 .debug_str     0x0000e908      0x708 ext_color_sensor.o
                               0x8816 (size before relaxing)
 .debug_str     0x0000f010      0x2a4 /home/claudio/Documents/git/hepia/semestre_6/PTR/TPs/TP_light_communication/src/G3_TP2_light_com_etu/Debug/libMyLab_lib.a(I2C.o)
                               0x8278 (size before relaxing)
 .debug_str     0x0000f2b4      0x8e9 /home/claudio/Documents/git/hepia/semestre_6/PTR/TPs/TP_light_communication/src/G3_TP2_light_com_etu/Debug/libMyLab_lib.a(lcd.o)
                               0x8ffe (size before relaxing)
 .debug_str     0x0000fb9d       0xa7 /home/claudio/Documents/git/hepia/semestre_6/PTR/TPs/TP_light_communication/src/G3_TP2_light_com_etu/Debug/libMyLab_lib.a(ssp.o)
                               0x80da (size before relaxing)
 .debug_str     0x0000fc44      0x13c /home/claudio/Documents/git/hepia/semestre_6/PTR/TPs/TP_light_communication/src/G3_TP2_light_com_etu/Debug/libMyLab_lib.a(traces.o)
                               0x83b3 (size before relaxing)
 .debug_str     0x0000fd80       0xa9 /home/claudio/Documents/git/hepia/semestre_6/PTR/TPs/TP_light_communication/src/G3_TP2_light_com_etu/Debug/libMyLab_lib.a(uart.o)
                               0x8474 (size before relaxing)
 .debug_str     0x0000fe29       0x1f /home/claudio/Documents/git/hepia/semestre_6/PTR/TPs/TP_light_communication/src/G3_TP2_light_com_etu/Debug/libMyLab_lib.a(fonts.o)
                               0x257f (size before relaxing)
 .debug_str     0x0000fe48      0x41d /home/claudio/Documents/git/hepia/semestre_6/PTR/TPs/TP_light_communication/src/CMSISv2p00_LPC17xx/Debug/libCMSISv2p00_LPC17xx.a(system_LPC17xx.o)
                               0x8163 (size before relaxing)

.comment        0x00000000       0xdc
 .comment       0x00000000       0x6e ./src/command_decoder.o
                                 0x6f (size before relaxing)
 .comment       0x0000006e       0x6f ./src/cr_startup_lpc17.o
 .comment       0x0000006e       0x6f ./src/leds.o
 .comment       0x0000006e       0x6f ./src/light_com.o
 .comment       0x0000006e       0x6f ./src/light_decoder.o
 .comment       0x0000006e       0x6f ./src/load.o
 .comment       0x0000006e       0x6f ./FreeRTOS_src/list.o
 .comment       0x0000006e       0x6f ./FreeRTOS_src/queue.o
 .comment       0x0000006e       0x6f ./FreeRTOS_src/tasks.o
 .comment       0x0000006e       0x6f ./FreeRTOS_portable/MemMang/heap_2.o
 .comment       0x0000006e       0x6f ./FreeRTOS_portable/port.o
 .comment       0x0000006e       0x6f ext_color_sensor.o
 .comment       0x0000006e       0x6f /home/claudio/Documents/git/hepia/semestre_6/PTR/TPs/TP_light_communication/src/G3_TP2_light_com_etu/Debug/libMyLab_lib.a(I2C.o)
 .comment       0x0000006e       0x6f /home/claudio/Documents/git/hepia/semestre_6/PTR/TPs/TP_light_communication/src/G3_TP2_light_com_etu/Debug/libMyLab_lib.a(lcd.o)
 .comment       0x0000006e       0x6f /home/claudio/Documents/git/hepia/semestre_6/PTR/TPs/TP_light_communication/src/G3_TP2_light_com_etu/Debug/libMyLab_lib.a(ssp.o)
 .comment       0x0000006e       0x6f /home/claudio/Documents/git/hepia/semestre_6/PTR/TPs/TP_light_communication/src/G3_TP2_light_com_etu/Debug/libMyLab_lib.a(traces.o)
 .comment       0x0000006e       0x6f /home/claudio/Documents/git/hepia/semestre_6/PTR/TPs/TP_light_communication/src/G3_TP2_light_com_etu/Debug/libMyLab_lib.a(uart.o)
 .comment       0x0000006e       0x6f /home/claudio/Documents/git/hepia/semestre_6/PTR/TPs/TP_light_communication/src/G3_TP2_light_com_etu/Debug/libMyLab_lib.a(fonts.o)
 .comment       0x0000006e       0x6f /home/claudio/Documents/git/hepia/semestre_6/PTR/TPs/TP_light_communication/src/CMSISv2p00_LPC17xx/Debug/libCMSISv2p00_LPC17xx.a(system_LPC17xx.o)
 .comment       0x0000006e       0x6e /usr/local/lpcxpresso_8.2.2_650/lpcxpresso/tools/bin/../lib/gcc/arm-none-eabi/5.4.1/../../../../arm-none-eabi/lib/armv7-m/libcr_semihost.a(_cr__main.o)
                                 0x6f (size before relaxing)
 .comment       0x000000dc       0x6f /usr/local/lpcxpresso_8.2.2_650/lpcxpresso/tools/bin/../lib/gcc/arm-none-eabi/5.4.1/../../../../arm-none-eabi/lib/armv7-m/libcr_c.a(memcpy.o)
 .comment       0x000000dc       0x6f /usr/local/lpcxpresso_8.2.2_650/lpcxpresso/tools/bin/../lib/gcc/arm-none-eabi/5.4.1/../../../../arm-none-eabi/lib/armv7-m/libcr_c.a(memset.o)
 .comment       0x000000dc       0x6f /usr/local/lpcxpresso_8.2.2_650/lpcxpresso/tools/bin/../lib/gcc/arm-none-eabi/5.4.1/../../../../arm-none-eabi/lib/armv7-m/libcr_c.a(_cr_assert.o)
 .comment       0x000000dc       0x6f /usr/local/lpcxpresso_8.2.2_650/lpcxpresso/tools/bin/../lib/gcc/arm-none-eabi/5.4.1/../../../../arm-none-eabi/lib/armv7-m/libcr_c.a(_deferredlazyseek.o)
 .comment       0x000000dc       0x6f /usr/local/lpcxpresso_8.2.2_650/lpcxpresso/tools/bin/../lib/gcc/arm-none-eabi/5.4.1/../../../../arm-none-eabi/lib/armv7-m/libcr_c.a(_fflush.o)
 .comment       0x000000dc       0x6f /usr/local/lpcxpresso_8.2.2_650/lpcxpresso/tools/bin/../lib/gcc/arm-none-eabi/5.4.1/../../../../arm-none-eabi/lib/armv7-m/libcr_c.a(_writebuf.o)
 .comment       0x000000dc       0x6f /usr/local/lpcxpresso_8.2.2_650/lpcxpresso/tools/bin/../lib/gcc/arm-none-eabi/5.4.1/../../../../arm-none-eabi/lib/armv7-m/libcr_c.a(alloc.o)
 .comment       0x000000dc       0x6f /usr/local/lpcxpresso_8.2.2_650/lpcxpresso/tools/bin/../lib/gcc/arm-none-eabi/5.4.1/../../../../arm-none-eabi/lib/armv7-m/libcr_c.a(fclose.o)
 .comment       0x000000dc       0x6f /usr/local/lpcxpresso_8.2.2_650/lpcxpresso/tools/bin/../lib/gcc/arm-none-eabi/5.4.1/../../../../arm-none-eabi/lib/armv7-m/libcr_c.a(fflush.o)
 .comment       0x000000dc       0x6f /usr/local/lpcxpresso_8.2.2_650/lpcxpresso/tools/bin/../lib/gcc/arm-none-eabi/5.4.1/../../../../arm-none-eabi/lib/armv7-m/libcr_c.a(fpprintf.o)
 .comment       0x000000dc       0x6f /usr/local/lpcxpresso_8.2.2_650/lpcxpresso/tools/bin/../lib/gcc/arm-none-eabi/5.4.1/../../../../arm-none-eabi/lib/armv7-m/libcr_c.a(fputs.o)
 .comment       0x000000dc       0x6f /usr/local/lpcxpresso_8.2.2_650/lpcxpresso/tools/bin/../lib/gcc/arm-none-eabi/5.4.1/../../../../arm-none-eabi/lib/armv7-m/libcr_c.a(fseek.o)
 .comment       0x000000dc       0x6f /usr/local/lpcxpresso_8.2.2_650/lpcxpresso/tools/bin/../lib/gcc/arm-none-eabi/5.4.1/../../../../arm-none-eabi/lib/armv7-m/libcr_c.a(ftell.o)
 .comment       0x000000dc       0x6f /usr/local/lpcxpresso_8.2.2_650/lpcxpresso/tools/bin/../lib/gcc/arm-none-eabi/5.4.1/../../../../arm-none-eabi/lib/armv7-m/libcr_c.a(initio.o)
 .comment       0x000000dc       0x6f /usr/local/lpcxpresso_8.2.2_650/lpcxpresso/tools/bin/../lib/gcc/arm-none-eabi/5.4.1/../../../../arm-none-eabi/lib/armv7-m/libcr_c.a(printf.o)
 .comment       0x000000dc       0x6f /usr/local/lpcxpresso_8.2.2_650/lpcxpresso/tools/bin/../lib/gcc/arm-none-eabi/5.4.1/../../../../arm-none-eabi/lib/armv7-m/libcr_c.a(remove.o)
 .comment       0x000000dc       0x6f /usr/local/lpcxpresso_8.2.2_650/lpcxpresso/tools/bin/../lib/gcc/arm-none-eabi/5.4.1/../../../../arm-none-eabi/lib/armv7-m/libcr_c.a(scanf.o)
 .comment       0x000000dc       0x6f /usr/local/lpcxpresso_8.2.2_650/lpcxpresso/tools/bin/../lib/gcc/arm-none-eabi/5.4.1/../../../../arm-none-eabi/lib/armv7-m/libcr_c.a(setvbuf.o)
 .comment       0x000000dc       0x6f /usr/local/lpcxpresso_8.2.2_650/lpcxpresso/tools/bin/../lib/gcc/arm-none-eabi/5.4.1/../../../../arm-none-eabi/lib/armv7-m/libcr_c.a(stdio.o)
 .comment       0x000000dc       0x6f /usr/local/lpcxpresso_8.2.2_650/lpcxpresso/tools/bin/../lib/gcc/arm-none-eabi/5.4.1/../../../../arm-none-eabi/lib/armv7-m/libcr_c.a(stdlib.o)
 .comment       0x000000dc       0x6f /usr/local/lpcxpresso_8.2.2_650/lpcxpresso/tools/bin/../lib/gcc/arm-none-eabi/5.4.1/../../../../arm-none-eabi/lib/armv7-m/libcr_c.a(strlen.o)
 .comment       0x000000dc       0x6f /usr/local/lpcxpresso_8.2.2_650/lpcxpresso/tools/bin/../lib/gcc/arm-none-eabi/5.4.1/../../../../arm-none-eabi/lib/armv7-m/libcr_c.a(strncat.o)
 .comment       0x000000dc       0x6f /usr/local/lpcxpresso_8.2.2_650/lpcxpresso/tools/bin/../lib/gcc/arm-none-eabi/5.4.1/../../../../arm-none-eabi/lib/armv7-m/libcr_c.a(strncmp.o)
 .comment       0x000000dc       0x6f /usr/local/lpcxpresso_8.2.2_650/lpcxpresso/tools/bin/../lib/gcc/arm-none-eabi/5.4.1/../../../../arm-none-eabi/lib/armv7-m/libcr_c.a(strncpy.o)
 .comment       0x000000dc       0x6f /usr/local/lpcxpresso_8.2.2_650/lpcxpresso/tools/bin/../lib/gcc/arm-none-eabi/5.4.1/../../../../arm-none-eabi/lib/armv7-m/libcr_c.a(__init_alloc.o)
 .comment       0x000000dc       0x6f /usr/local/lpcxpresso_8.2.2_650/lpcxpresso/tools/bin/../lib/gcc/arm-none-eabi/5.4.1/../../../../arm-none-eabi/lib/armv7-m/libcr_c.a(_cr_sbrk.o)
 .comment       0x000000dc       0x6f /usr/local/lpcxpresso_8.2.2_650/lpcxpresso/tools/bin/../lib/gcc/arm-none-eabi/5.4.1/../../../../arm-none-eabi/lib/armv7-m/libcr_c.a(_do_fflush.o)
 .comment       0x000000dc       0x6f /usr/local/lpcxpresso_8.2.2_650/lpcxpresso/tools/bin/../lib/gcc/arm-none-eabi/5.4.1/../../../../arm-none-eabi/lib/armv7-m/libcr_c.a(_fdopen.o)
 .comment       0x000000dc       0x6f /usr/local/lpcxpresso_8.2.2_650/lpcxpresso/tools/bin/../lib/gcc/arm-none-eabi/5.4.1/../../../../arm-none-eabi/lib/armv7-m/libcr_c.a(_frexpl.o)
 .comment       0x000000dc       0x6f /usr/local/lpcxpresso_8.2.2_650/lpcxpresso/tools/bin/../lib/gcc/arm-none-eabi/5.4.1/../../../../arm-none-eabi/lib/armv7-m/libcr_c.a(_hugeval.o)
 .comment       0x000000dc       0x6f /usr/local/lpcxpresso_8.2.2_650/lpcxpresso/tools/bin/../lib/gcc/arm-none-eabi/5.4.1/../../../../arm-none-eabi/lib/armv7-m/libcr_c.a(_ldexpl.o)
 .comment       0x000000dc       0x6f /usr/local/lpcxpresso_8.2.2_650/lpcxpresso/tools/bin/../lib/gcc/arm-none-eabi/5.4.1/../../../../arm-none-eabi/lib/armv7-m/libcr_c.a(ctype.o)
 .comment       0x000000dc       0x6f /usr/local/lpcxpresso_8.2.2_650/lpcxpresso/tools/bin/../lib/gcc/arm-none-eabi/5.4.1/../../../../arm-none-eabi/lib/armv7-m/libcr_c.a(errno.o)
 .comment       0x000000dc       0x6f /usr/local/lpcxpresso_8.2.2_650/lpcxpresso/tools/bin/../lib/gcc/arm-none-eabi/5.4.1/../../../../arm-none-eabi/lib/armv7-m/libcr_c.a(_cr_check_heap.o)
 .comment       0x000000dc       0x6f /usr/local/lpcxpresso_8.2.2_650/lpcxpresso/tools/bin/../lib/gcc/arm-none-eabi/5.4.1/armv7-m/libcr_eabihelpers.a(double.o)
 .comment       0x000000dc       0x6f /usr/local/lpcxpresso_8.2.2_650/lpcxpresso/tools/bin/../lib/gcc/arm-none-eabi/5.4.1/armv7-m/libcr_eabihelpers.a(float.o)

.ARM.attributes
                0x00000000       0x31
 .ARM.attributes
                0x00000000       0x33 ./src/command_decoder.o
 .ARM.attributes
                0x00000033       0x33 ./src/cr_startup_lpc17.o
 .ARM.attributes
                0x00000066       0x33 ./src/leds.o
 .ARM.attributes
                0x00000099       0x33 ./src/light_com.o
 .ARM.attributes
                0x000000cc       0x33 ./src/light_decoder.o
 .ARM.attributes
                0x000000ff       0x33 ./src/load.o
 .ARM.attributes
                0x00000132       0x33 ./FreeRTOS_src/list.o
 .ARM.attributes
                0x00000165       0x33 ./FreeRTOS_src/queue.o
 .ARM.attributes
                0x00000198       0x33 ./FreeRTOS_src/tasks.o
 .ARM.attributes
                0x000001cb       0x33 ./FreeRTOS_portable/MemMang/heap_2.o
 .ARM.attributes
                0x000001fe       0x33 ./FreeRTOS_portable/port.o
 .ARM.attributes
                0x00000231       0x33 ext_color_sensor.o
 .ARM.attributes
                0x00000264       0x33 /home/claudio/Documents/git/hepia/semestre_6/PTR/TPs/TP_light_communication/src/G3_TP2_light_com_etu/Debug/libMyLab_lib.a(I2C.o)
 .ARM.attributes
                0x00000297       0x33 /home/claudio/Documents/git/hepia/semestre_6/PTR/TPs/TP_light_communication/src/G3_TP2_light_com_etu/Debug/libMyLab_lib.a(lcd.o)
 .ARM.attributes
                0x000002ca       0x33 /home/claudio/Documents/git/hepia/semestre_6/PTR/TPs/TP_light_communication/src/G3_TP2_light_com_etu/Debug/libMyLab_lib.a(ssp.o)
 .ARM.attributes
                0x000002fd       0x33 /home/claudio/Documents/git/hepia/semestre_6/PTR/TPs/TP_light_communication/src/G3_TP2_light_com_etu/Debug/libMyLab_lib.a(traces.o)
 .ARM.attributes
                0x00000330       0x33 /home/claudio/Documents/git/hepia/semestre_6/PTR/TPs/TP_light_communication/src/G3_TP2_light_com_etu/Debug/libMyLab_lib.a(uart.o)
 .ARM.attributes
                0x00000363       0x33 /home/claudio/Documents/git/hepia/semestre_6/PTR/TPs/TP_light_communication/src/G3_TP2_light_com_etu/Debug/libMyLab_lib.a(fonts.o)
 .ARM.attributes
                0x00000396       0x33 /home/claudio/Documents/git/hepia/semestre_6/PTR/TPs/TP_light_communication/src/CMSISv2p00_LPC17xx/Debug/libCMSISv2p00_LPC17xx.a(system_LPC17xx.o)
 .ARM.attributes
                0x000003c9       0x33 /usr/local/lpcxpresso_8.2.2_650/lpcxpresso/tools/bin/../lib/gcc/arm-none-eabi/5.4.1/../../../../arm-none-eabi/lib/armv7-m/libcr_semihost.a(_cr__main.o)
 .ARM.attributes
                0x000003fc       0x33 /usr/local/lpcxpresso_8.2.2_650/lpcxpresso/tools/bin/../lib/gcc/arm-none-eabi/5.4.1/../../../../arm-none-eabi/lib/armv7-m/libcr_c.a(memcpy.o)
 .ARM.attributes
                0x0000042f       0x33 /usr/local/lpcxpresso_8.2.2_650/lpcxpresso/tools/bin/../lib/gcc/arm-none-eabi/5.4.1/../../../../arm-none-eabi/lib/armv7-m/libcr_c.a(memset.o)
 .ARM.attributes
                0x00000462       0x33 /usr/local/lpcxpresso_8.2.2_650/lpcxpresso/tools/bin/../lib/gcc/arm-none-eabi/5.4.1/../../../../arm-none-eabi/lib/armv7-m/libcr_c.a(_cr_assert.o)
 .ARM.attributes
                0x00000495       0x33 /usr/local/lpcxpresso_8.2.2_650/lpcxpresso/tools/bin/../lib/gcc/arm-none-eabi/5.4.1/../../../../arm-none-eabi/lib/armv7-m/libcr_c.a(_deferredlazyseek.o)
 .ARM.attributes
                0x000004c8       0x33 /usr/local/lpcxpresso_8.2.2_650/lpcxpresso/tools/bin/../lib/gcc/arm-none-eabi/5.4.1/../../../../arm-none-eabi/lib/armv7-m/libcr_c.a(_fflush.o)
 .ARM.attributes
                0x000004fb       0x33 /usr/local/lpcxpresso_8.2.2_650/lpcxpresso/tools/bin/../lib/gcc/arm-none-eabi/5.4.1/../../../../arm-none-eabi/lib/armv7-m/libcr_c.a(_writebuf.o)
 .ARM.attributes
                0x0000052e       0x33 /usr/local/lpcxpresso_8.2.2_650/lpcxpresso/tools/bin/../lib/gcc/arm-none-eabi/5.4.1/../../../../arm-none-eabi/lib/armv7-m/libcr_c.a(alloc.o)
 .ARM.attributes
                0x00000561       0x33 /usr/local/lpcxpresso_8.2.2_650/lpcxpresso/tools/bin/../lib/gcc/arm-none-eabi/5.4.1/../../../../arm-none-eabi/lib/armv7-m/libcr_c.a(fclose.o)
 .ARM.attributes
                0x00000594       0x33 /usr/local/lpcxpresso_8.2.2_650/lpcxpresso/tools/bin/../lib/gcc/arm-none-eabi/5.4.1/../../../../arm-none-eabi/lib/armv7-m/libcr_c.a(fflush.o)
 .ARM.attributes
                0x000005c7       0x33 /usr/local/lpcxpresso_8.2.2_650/lpcxpresso/tools/bin/../lib/gcc/arm-none-eabi/5.4.1/../../../../arm-none-eabi/lib/armv7-m/libcr_c.a(fpprintf.o)
 .ARM.attributes
                0x000005fa       0x33 /usr/local/lpcxpresso_8.2.2_650/lpcxpresso/tools/bin/../lib/gcc/arm-none-eabi/5.4.1/../../../../arm-none-eabi/lib/armv7-m/libcr_c.a(fputs.o)
 .ARM.attributes
                0x0000062d       0x33 /usr/local/lpcxpresso_8.2.2_650/lpcxpresso/tools/bin/../lib/gcc/arm-none-eabi/5.4.1/../../../../arm-none-eabi/lib/armv7-m/libcr_c.a(fseek.o)
 .ARM.attributes
                0x00000660       0x33 /usr/local/lpcxpresso_8.2.2_650/lpcxpresso/tools/bin/../lib/gcc/arm-none-eabi/5.4.1/../../../../arm-none-eabi/lib/armv7-m/libcr_c.a(ftell.o)
 .ARM.attributes
                0x00000693       0x33 /usr/local/lpcxpresso_8.2.2_650/lpcxpresso/tools/bin/../lib/gcc/arm-none-eabi/5.4.1/../../../../arm-none-eabi/lib/armv7-m/libcr_c.a(initio.o)
 .ARM.attributes
                0x000006c6       0x33 /usr/local/lpcxpresso_8.2.2_650/lpcxpresso/tools/bin/../lib/gcc/arm-none-eabi/5.4.1/../../../../arm-none-eabi/lib/armv7-m/libcr_c.a(printf.o)
 .ARM.attributes
                0x000006f9       0x33 /usr/local/lpcxpresso_8.2.2_650/lpcxpresso/tools/bin/../lib/gcc/arm-none-eabi/5.4.1/../../../../arm-none-eabi/lib/armv7-m/libcr_c.a(remove.o)
 .ARM.attributes
                0x0000072c       0x33 /usr/local/lpcxpresso_8.2.2_650/lpcxpresso/tools/bin/../lib/gcc/arm-none-eabi/5.4.1/../../../../arm-none-eabi/lib/armv7-m/libcr_c.a(scanf.o)
 .ARM.attributes
                0x0000075f       0x33 /usr/local/lpcxpresso_8.2.2_650/lpcxpresso/tools/bin/../lib/gcc/arm-none-eabi/5.4.1/../../../../arm-none-eabi/lib/armv7-m/libcr_c.a(setvbuf.o)
 .ARM.attributes
                0x00000792       0x33 /usr/local/lpcxpresso_8.2.2_650/lpcxpresso/tools/bin/../lib/gcc/arm-none-eabi/5.4.1/../../../../arm-none-eabi/lib/armv7-m/libcr_c.a(stdio.o)
 .ARM.attributes
                0x000007c5       0x33 /usr/local/lpcxpresso_8.2.2_650/lpcxpresso/tools/bin/../lib/gcc/arm-none-eabi/5.4.1/../../../../arm-none-eabi/lib/armv7-m/libcr_c.a(stdlib.o)
 .ARM.attributes
                0x000007f8       0x33 /usr/local/lpcxpresso_8.2.2_650/lpcxpresso/tools/bin/../lib/gcc/arm-none-eabi/5.4.1/../../../../arm-none-eabi/lib/armv7-m/libcr_c.a(strlen.o)
 .ARM.attributes
                0x0000082b       0x33 /usr/local/lpcxpresso_8.2.2_650/lpcxpresso/tools/bin/../lib/gcc/arm-none-eabi/5.4.1/../../../../arm-none-eabi/lib/armv7-m/libcr_c.a(strncat.o)
 .ARM.attributes
                0x0000085e       0x33 /usr/local/lpcxpresso_8.2.2_650/lpcxpresso/tools/bin/../lib/gcc/arm-none-eabi/5.4.1/../../../../arm-none-eabi/lib/armv7-m/libcr_c.a(strncmp.o)
 .ARM.attributes
                0x00000891       0x33 /usr/local/lpcxpresso_8.2.2_650/lpcxpresso/tools/bin/../lib/gcc/arm-none-eabi/5.4.1/../../../../arm-none-eabi/lib/armv7-m/libcr_c.a(strncpy.o)
 .ARM.attributes
                0x000008c4       0x33 /usr/local/lpcxpresso_8.2.2_650/lpcxpresso/tools/bin/../lib/gcc/arm-none-eabi/5.4.1/../../../../arm-none-eabi/lib/armv7-m/libcr_c.a(__init_alloc.o)
 .ARM.attributes
                0x000008f7       0x33 /usr/local/lpcxpresso_8.2.2_650/lpcxpresso/tools/bin/../lib/gcc/arm-none-eabi/5.4.1/../../../../arm-none-eabi/lib/armv7-m/libcr_c.a(_cr_sbrk.o)
 .ARM.attributes
                0x0000092a       0x33 /usr/local/lpcxpresso_8.2.2_650/lpcxpresso/tools/bin/../lib/gcc/arm-none-eabi/5.4.1/../../../../arm-none-eabi/lib/armv7-m/libcr_c.a(_do_fflush.o)
 .ARM.attributes
                0x0000095d       0x33 /usr/local/lpcxpresso_8.2.2_650/lpcxpresso/tools/bin/../lib/gcc/arm-none-eabi/5.4.1/../../../../arm-none-eabi/lib/armv7-m/libcr_c.a(_fdopen.o)
 .ARM.attributes
                0x00000990       0x33 /usr/local/lpcxpresso_8.2.2_650/lpcxpresso/tools/bin/../lib/gcc/arm-none-eabi/5.4.1/../../../../arm-none-eabi/lib/armv7-m/libcr_c.a(_frexpl.o)
 .ARM.attributes
                0x000009c3       0x33 /usr/local/lpcxpresso_8.2.2_650/lpcxpresso/tools/bin/../lib/gcc/arm-none-eabi/5.4.1/../../../../arm-none-eabi/lib/armv7-m/libcr_c.a(_hugeval.o)
 .ARM.attributes
                0x000009f6       0x33 /usr/local/lpcxpresso_8.2.2_650/lpcxpresso/tools/bin/../lib/gcc/arm-none-eabi/5.4.1/../../../../arm-none-eabi/lib/armv7-m/libcr_c.a(_ldexpl.o)
 .ARM.attributes
                0x00000a29       0x33 /usr/local/lpcxpresso_8.2.2_650/lpcxpresso/tools/bin/../lib/gcc/arm-none-eabi/5.4.1/../../../../arm-none-eabi/lib/armv7-m/libcr_c.a(ctype.o)
 .ARM.attributes
                0x00000a5c       0x33 /usr/local/lpcxpresso_8.2.2_650/lpcxpresso/tools/bin/../lib/gcc/arm-none-eabi/5.4.1/../../../../arm-none-eabi/lib/armv7-m/libcr_c.a(errno.o)
 .ARM.attributes
                0x00000a8f       0x33 /usr/local/lpcxpresso_8.2.2_650/lpcxpresso/tools/bin/../lib/gcc/arm-none-eabi/5.4.1/../../../../arm-none-eabi/lib/armv7-m/libcr_c.a(_cr_check_heap.o)
 .ARM.attributes
                0x00000ac2       0x33 /usr/local/lpcxpresso_8.2.2_650/lpcxpresso/tools/bin/../lib/gcc/arm-none-eabi/5.4.1/armv7-m/libcr_eabihelpers.a(double.o)
 .ARM.attributes
                0x00000af5       0x33 /usr/local/lpcxpresso_8.2.2_650/lpcxpresso/tools/bin/../lib/gcc/arm-none-eabi/5.4.1/armv7-m/libcr_eabihelpers.a(float.o)
 .ARM.attributes
                0x00000b28       0x21 /usr/local/lpcxpresso_8.2.2_650/lpcxpresso/tools/bin/../lib/gcc/arm-none-eabi/5.4.1/armv7-m/libcr_eabihelpers.a(memcpy.o)
 .ARM.attributes
                0x00000b49       0x21 /usr/local/lpcxpresso_8.2.2_650/lpcxpresso/tools/bin/../lib/gcc/arm-none-eabi/5.4.1/../../../../arm-none-eabi/lib/armv7-m/libcr_semihost.a(__sys_appexit.o)
 .ARM.attributes
                0x00000b6a       0x21 /usr/local/lpcxpresso_8.2.2_650/lpcxpresso/tools/bin/../lib/gcc/arm-none-eabi/5.4.1/../../../../arm-none-eabi/lib/armv7-m/libcr_semihost.a(__sys_close.o)
 .ARM.attributes
                0x00000b8b       0x21 /usr/local/lpcxpresso_8.2.2_650/lpcxpresso/tools/bin/../lib/gcc/arm-none-eabi/5.4.1/../../../../arm-none-eabi/lib/armv7-m/libcr_semihost.a(__sys_flen.o)
 .ARM.attributes
                0x00000bac       0x21 /usr/local/lpcxpresso_8.2.2_650/lpcxpresso/tools/bin/../lib/gcc/arm-none-eabi/5.4.1/../../../../arm-none-eabi/lib/armv7-m/libcr_semihost.a(__sys_istty.o)
 .ARM.attributes
                0x00000bcd       0x21 /usr/local/lpcxpresso_8.2.2_650/lpcxpresso/tools/bin/../lib/gcc/arm-none-eabi/5.4.1/../../../../arm-none-eabi/lib/armv7-m/libcr_semihost.a(__sys_remove.o)
 .ARM.attributes
                0x00000bee       0x21 /usr/local/lpcxpresso_8.2.2_650/lpcxpresso/tools/bin/../lib/gcc/arm-none-eabi/5.4.1/../../../../arm-none-eabi/lib/armv7-m/libcr_semihost.a(__sys_seek.o)
 .ARM.attributes
                0x00000c0f       0x21 /usr/local/lpcxpresso_8.2.2_650/lpcxpresso/tools/bin/../lib/gcc/arm-none-eabi/5.4.1/../../../../arm-none-eabi/lib/armv7-m/libcr_semihost.a(__sys_tmpnam.o)
 .ARM.attributes
                0x00000c30       0x21 /usr/local/lpcxpresso_8.2.2_650/lpcxpresso/tools/bin/../lib/gcc/arm-none-eabi/5.4.1/../../../../arm-none-eabi/lib/armv7-m/libcr_semihost.a(__sys_write.o)

.debug_frame    0x00000000     0x190c
 .debug_frame   0x00000000      0x130 ./src/command_decoder.o
 .debug_frame   0x00000130      0x128 ./src/cr_startup_lpc17.o
 .debug_frame   0x00000258       0x78 ./src/leds.o
 .debug_frame   0x000002d0       0x34 ./src/light_com.o
 .debug_frame   0x00000304      0x198 ./src/light_decoder.o
 .debug_frame   0x0000049c       0x78 ./src/load.o
 .debug_frame   0x00000514       0xd8 ./FreeRTOS_src/list.o
 .debug_frame   0x000005ec      0x2fc ./FreeRTOS_src/queue.o
 .debug_frame   0x000008e8      0x4b4 ./FreeRTOS_src/tasks.o
 .debug_frame   0x00000d9c       0x98 ./FreeRTOS_portable/MemMang/heap_2.o
 .debug_frame   0x00000e34      0x148 ./FreeRTOS_portable/port.o
 .debug_frame   0x00000f7c      0x174 ext_color_sensor.o
 .debug_frame   0x000010f0       0xf8 /home/claudio/Documents/git/hepia/semestre_6/PTR/TPs/TP_light_communication/src/G3_TP2_light_com_etu/Debug/libMyLab_lib.a(I2C.o)
 .debug_frame   0x000011e8      0x48c /home/claudio/Documents/git/hepia/semestre_6/PTR/TPs/TP_light_communication/src/G3_TP2_light_com_etu/Debug/libMyLab_lib.a(lcd.o)
 .debug_frame   0x00001674       0x88 /home/claudio/Documents/git/hepia/semestre_6/PTR/TPs/TP_light_communication/src/G3_TP2_light_com_etu/Debug/libMyLab_lib.a(ssp.o)