Archive member included to satisfy reference by file (symbol)

C:\Users\vince\Documents\LPCXpresso_5.2.6_2137\ptr\TP2_light_com_etu\Debug\libMyLab_lib.a(I2C.o)
                              ext_color_sensor.o (init_i2c)
C:\Users\vince\Documents\LPCXpresso_5.2.6_2137\ptr\TP2_light_com_etu\Debug\libMyLab_lib.a(lcd.o)
                              ./src/light_com.o (init_lcd)
C:\Users\vince\Documents\LPCXpresso_5.2.6_2137\ptr\TP2_light_com_etu\Debug\libMyLab_lib.a(ssp.o)
                              C:\Users\vince\Documents\LPCXpresso_5.2.6_2137\ptr\TP2_light_com_etu\Debug\libMyLab_lib.a(lcd.o) (ssp_init_custom)
C:\Users\vince\Documents\LPCXpresso_5.2.6_2137\ptr\TP2_light_com_etu\Debug\libMyLab_lib.a(traces.o)
                              ./FreeRTOS_src/tasks.o (write_trace_ref)
C:\Users\vince\Documents\LPCXpresso_5.2.6_2137\ptr\TP2_light_com_etu\Debug\libMyLab_lib.a(uart.o)
                              ./src/light_com.o (uart0_init_ref)
C:\Users\vince\Documents\LPCXpresso_5.2.6_2137\ptr\TP2_light_com_etu\Debug\libMyLab_lib.a(fonts.o)
                              C:\Users\vince\Documents\LPCXpresso_5.2.6_2137\ptr\TP2_light_com_etu\Debug\libMyLab_lib.a(lcd.o) (SmallFont)
C:\Users\vince\Documents\LPCXpresso_5.2.6_2137\ptr\CMSISv2p00_LPC17xx\Debug\libCMSISv2p00_LPC17xx.a(system_LPC17xx.o)
                              ./src/cr_startup_lpc17.o (SystemInit)
c:/nxp/lpcxpresso_8.2.2_650/lpcxpresso/tools/bin/../lib/gcc/arm-none-eabi/5.4.1/../../../../arm-none-eabi/lib/armv7-m\libcr_semihost.a(_cr__main.o)
                              ./src/cr_startup_lpc17.o (__main)
c:/nxp/lpcxpresso_8.2.2_650/lpcxpresso/tools/bin/../lib/gcc/arm-none-eabi/5.4.1/../../../../arm-none-eabi/lib/armv7-m\libcr_c.a(memcpy.o)
                              ./FreeRTOS_src/queue.o (memcpy)
c:/nxp/lpcxpresso_8.2.2_650/lpcxpresso/tools/bin/../lib/gcc/arm-none-eabi/5.4.1/../../../../arm-none-eabi/lib/armv7-m\libcr_c.a(memset.o)
                              ./src/light_com.o (memset)
c:/nxp/lpcxpresso_8.2.2_650/lpcxpresso/tools/bin/../lib/gcc/arm-none-eabi/5.4.1/../../../../arm-none-eabi/lib/armv7-m\libcr_c.a(_cr_assert.o)
                              C:\Users\vince\Documents\LPCXpresso_5.2.6_2137\ptr\TP2_light_com_etu\Debug\libMyLab_lib.a(uart.o) (__assertion_failed)
c:/nxp/lpcxpresso_8.2.2_650/lpcxpresso/tools/bin/../lib/gcc/arm-none-eabi/5.4.1/../../../../arm-none-eabi/lib/armv7-m\libcr_c.a(_deferredlazyseek.o)
                              c:/nxp/lpcxpresso_8.2.2_650/lpcxpresso/tools/bin/../lib/gcc/arm-none-eabi/5.4.1/../../../../arm-none-eabi/lib/armv7-m\libcr_c.a(_cr_assert.o) (__flsbuf)
c:/nxp/lpcxpresso_8.2.2_650/lpcxpresso/tools/bin/../lib/gcc/arm-none-eabi/5.4.1/../../../../arm-none-eabi/lib/armv7-m\libcr_c.a(_fflush.o)
                              c:/nxp/lpcxpresso_8.2.2_650/lpcxpresso/tools/bin/../lib/gcc/arm-none-eabi/5.4.1/../../../../arm-none-eabi/lib/armv7-m\libcr_c.a(_deferredlazyseek.o) (_fflush)
c:/nxp/lpcxpresso_8.2.2_650/lpcxpresso/tools/bin/../lib/gcc/arm-none-eabi/5.4.1/../../../../arm-none-eabi/lib/armv7-m\libcr_c.a(_writebuf.o)
                              c:/nxp/lpcxpresso_8.2.2_650/lpcxpresso/tools/bin/../lib/gcc/arm-none-eabi/5.4.1/../../../../arm-none-eabi/lib/armv7-m\libcr_c.a(_deferredlazyseek.o) (_Cwritebuf)
c:/nxp/lpcxpresso_8.2.2_650/lpcxpresso/tools/bin/../lib/gcc/arm-none-eabi/5.4.1/../../../../arm-none-eabi/lib/armv7-m\libcr_c.a(alloc.o)
                              C:\Users\vince\Documents\LPCXpresso_5.2.6_2137\ptr\TP2_light_com_etu\Debug\libMyLab_lib.a(lcd.o) (malloc)
c:/nxp/lpcxpresso_8.2.2_650/lpcxpresso/tools/bin/../lib/gcc/arm-none-eabi/5.4.1/../../../../arm-none-eabi/lib/armv7-m\libcr_c.a(fclose.o)
                              ./src/debug.o (fclose)
c:/nxp/lpcxpresso_8.2.2_650/lpcxpresso/tools/bin/../lib/gcc/arm-none-eabi/5.4.1/../../../../arm-none-eabi/lib/armv7-m\libcr_c.a(fflush.o)
                              c:/nxp/lpcxpresso_8.2.2_650/lpcxpresso/tools/bin/../lib/gcc/arm-none-eabi/5.4.1/../../../../arm-none-eabi/lib/armv7-m\libcr_c.a(fclose.o) (fflush)
c:/nxp/lpcxpresso_8.2.2_650/lpcxpresso/tools/bin/../lib/gcc/arm-none-eabi/5.4.1/../../../../arm-none-eabi/lib/armv7-m\libcr_c.a(fopen.o)
                              ./src/debug.o (fopen)
c:/nxp/lpcxpresso_8.2.2_650/lpcxpresso/tools/bin/../lib/gcc/arm-none-eabi/5.4.1/../../../../arm-none-eabi/lib/armv7-m\libcr_c.a(fpprintf.o)
                              ./src/debug.o (fprintf)
c:/nxp/lpcxpresso_8.2.2_650/lpcxpresso/tools/bin/../lib/gcc/arm-none-eabi/5.4.1/../../../../arm-none-eabi/lib/armv7-m\libcr_c.a(fputs.o)
                              c:/nxp/lpcxpresso_8.2.2_650/lpcxpresso/tools/bin/../lib/gcc/arm-none-eabi/5.4.1/../../../../arm-none-eabi/lib/armv7-m\libcr_c.a(_cr_assert.o) (fputs)
c:/nxp/lpcxpresso_8.2.2_650/lpcxpresso/tools/bin/../lib/gcc/arm-none-eabi/5.4.1/../../../../arm-none-eabi/lib/armv7-m\libcr_c.a(fread.o)
[...]
Memory Configuration

Name             Origin             Length             Attributes
MFlash512        0x00000000         0x00080000         xr
RamLoc32         0x10000000         0x00008000         xrw
RamAHB32         0x2007c000         0x00008000         xrw
*default*        0x00000000         0xffffffff

Linker script and memory map

                0x2007c000                __user_heap_base = __end_bss_RAM2
LOAD ./src/cr_startup_lpc17.o
LOAD ./src/debug.o
LOAD ./src/light_com.o
LOAD ./FreeRTOS_src/croutine.o
LOAD ./FreeRTOS_src/list.o
LOAD ./FreeRTOS_src/queue.o
LOAD ./FreeRTOS_src/tasks.o
LOAD ./FreeRTOS_src/timers.o
LOAD ./FreeRTOS_portable/MemMang/heap_2.o
LOAD ./FreeRTOS_portable/port.o
LOAD ext_color_sensor.o
LOAD C:\Users\vince\Documents\LPCXpresso_5.2.6_2137\ptr\TP2_light_com_etu\Debug\libMyLab_lib.a
LOAD C:\Users\vince\Documents\LPCXpresso_5.2.6_2137\ptr\CMSISv2p00_LPC17xx\Debug\libCMSISv2p00_LPC17xx.a
START GROUP
LOAD c:/nxp/lpcxpresso_8.2.2_650/lpcxpresso/tools/bin/../lib/gcc/arm-none-eabi/5.4.1/../../../../arm-none-eabi/lib/armv7-m\libcr_semihost.a
LOAD c:/nxp/lpcxpresso_8.2.2_650/lpcxpresso/tools/bin/../lib/gcc/arm-none-eabi/5.4.1/../../../../arm-none-eabi/lib/armv7-m\libcr_c.a
LOAD c:/nxp/lpcxpresso_8.2.2_650/lpcxpresso/tools/bin/../lib/gcc/arm-none-eabi/5.4.1/armv7-m\libcr_eabihelpers.a
END GROUP
                0x00000000                __base_MFlash512 = 0x0
                0x00000000                __base_Flash = 0x0
                0x00080000                __top_MFlash512 = 0x80000
                0x00080000                __top_Flash = 0x80000
                0x10000000                __base_RamLoc32 = 0x10000000
                0x10000000                __base_RAM = 0x10000000
                0x10008000                __top_RamLoc32 = 0x10008000
                0x10008000                __top_RAM = 0x10008000
                0x2007c000                __base_RamAHB32 = 0x2007c000
                0x2007c000                __base_RAM2 = 0x2007c000
                0x20084000                __top_RamAHB32 = 0x20084000
                0x20084000                __top_RAM2 = 0x20084000

.text           0x00000000     0x5c18
 FILL mask 0xff
                0x00000000                __vectors_start__ = ABSOLUTE (.)
 *(.isr_vector)
 .isr_vector    0x00000000       0xcc ./src/cr_startup_lpc17.o
                0x00000000                g_pfnVectors
                0x000000cc                . = ALIGN (0x4)
                0x000000cc                __section_table_start = .
                0x000000cc                __data_section_table = .
                0x000000cc        0x4 LONG 0x5c18 LOADADDR (.data)
                0x000000d0        0x4 LONG 0x10000000 ADDR (.data)
                0x000000d4        0x4 LONG 0x1c SIZEOF (.data)
                0x000000d8        0x4 LONG 0x5c18 LOADADDR (.data_RAM2)
                0x000000dc        0x4 LONG 0x2007c000 ADDR (.data_RAM2)
                0x000000e0        0x4 LONG 0x0 SIZEOF (.data_RAM2)
                0x000000e4                __data_section_table_end = .
                0x000000e4                __bss_section_table = .
                0x000000e4        0x4 LONG 0x1000001c ADDR (.bss)
                0x000000e8        0x4 LONG 0x3ab0 SIZEOF (.bss)
                0x000000ec        0x4 LONG 0x2007c000 ADDR (.bss_RAM2)
                0x000000f0        0x4 LONG 0x0 SIZEOF (.bss_RAM2)
                0x000000f4                __bss_section_table_end = .
                0x000000f4                __section_table_end = .
 *(.after_vectors*)
 .after_vectors
                0x000000f4      0x12c ./src/cr_startup_lpc17.o
                0x000000f4                data_init
                0x00000138                bss_init
                0x00000170                ResetISR
                0x000001e8                NMI_Handler
                0x000001f0                HardFault_Handler
                0x000001f8                MemManage_Handler
                0x00000200                BusFault_Handler
                0x00000208                UsageFault_Handler
                0x00000210                DebugMon_Handler
                0x00000218                UART1_IRQHandler
                0x00000218                EINT3_IRQHandler
                0x00000218                CANActivity_IRQHandler
                0x00000218                USBActivity_IRQHandler
                0x00000218                EINT2_IRQHandler
                0x00000218                I2C1_IRQHandler
                0x00000218                IntDefaultHandler
                0x00000218                PLL0_IRQHandler
                0x00000218                CAN_IRQHandler
                0x00000218                I2C0_IRQHandler
                0x00000218                SSP0_IRQHandler
                0x00000218                I2S_IRQHandler
                0x00000218                RTC_IRQHandler
                0x00000218                TIMER0_IRQHandler
                0x00000218                SPI_IRQHandler
                0x00000218                RIT_IRQHandler
                0x00000218                EINT1_IRQHandler
                0x00000218                TIMER1_IRQHandler
                0x00000218                UART2_IRQHandler
                0x00000218                ADC_IRQHandler
                0x00000218                SSP1_IRQHandler
                0x00000218                USB_IRQHandler
                0x00000218                BOD_IRQHandler
                0x00000218                PWM1_IRQHandler
                0x00000218                WDT_IRQHandler
                0x00000218                QEI_IRQHandler
                0x00000218                EINT0_IRQHandler
                0x00000218                PLL1_IRQHandler
                0x00000218                DMA_IRQHandler
                0x00000218                TIMER2_IRQHandler
                0x00000218                UART3_IRQHandler
                0x00000218                MCPWM_IRQHandler
                0x00000218                ENET_IRQHandler
 *(.text*)
 .text.int2file
                0x00000220       0xe4 ./src/debug.o
                0x00000220                int2file
 .text.rgb_callback
                0x00000304       0x20 ./src/light_com.o
                0x00000304                rgb_callback
 .text.uart_rx_cmd_callback
                0x00000324       0x30 ./src/light_com.o
                0x00000324                uart_rx_cmd_callback
 .text.main     0x00000354       0xb8 ./src/light_com.o
                0x00000354                main
 .text.vListInsertEnd
                0x0000040c       0x50 ./FreeRTOS_src/list.o
                0x0000040c                vListInsertEnd
 .text.vListRemove
                0x0000045c       0x50 ./FreeRTOS_src/list.o
                0x0000045c                vListRemove
 .text.vTaskIncrementTick
                0x000004ac      0x12c ./FreeRTOS_src/tasks.o
                0x000004ac                vTaskIncrementTick
 .text.vTaskSwitchContext
                0x000005d8      0x100 ./FreeRTOS_src/tasks.o
                0x000005d8                vTaskSwitchContext
 .text.vPortSVCHandler
                0x000006d8       0x24 ./FreeRTOS_portable/port.o
                0x000006d8                vPortSVCHandler
 .text.xPortPendSVHandler
                0x000006fc       0x40 ./FreeRTOS_portable/port.o
                0x000006fc                xPortPendSVHandler
 .text.xPortSysTickHandler
                0x0000073c       0x34 ./FreeRTOS_portable/port.o
                0x0000073c                xPortSysTickHandler
 .text.NVIC_EnableIRQ
                0x00000770       0x30 ext_color_sensor.o
 .text.NVIC_DisableIRQ
                0x000007a0       0x34 ext_color_sensor.o
 .text.ext_cs_write_byte
                0x000007d4       0x44 ext_color_sensor.o
                0x000007d4                ext_cs_write_byte
 .text.ext_cs_read_byte
                0x00000818       0x54 ext_color_sensor.o
                0x00000818                ext_cs_read_byte
 .text.ext_colorsensor_init
                0x0000086c       0x74 ext_color_sensor.o
                0x0000086c                ext_colorsensor_init
 .text.TIMER3_IRQHandler
                0x000008e0       0x24 ext_color_sensor.o
                0x000008e0                TIMER3_IRQHandler
 .text.ext_colorsensor_init_int
                0x00000904       0xbc ext_color_sensor.o
                0x00000904                ext_colorsensor_init_int
 .text.ext_colorsensor_stop_int
                0x000009c0       0x30 ext_color_sensor.o
                0x000009c0                ext_colorsensor_stop_int
 .text.I2C2_IRQHandler
                0x000009f0      0x180 ext_color_sensor.o
                0x000009f0                I2C2_IRQHandler
 .text.init_i2c
                0x00000b70      0x180 C:\Users\vince\Documents\LPCXpresso_5.2.6_2137\ptr\TP2_light_com_etu\Debug\libMyLab_lib.a(I2C.o)
                0x00000b70                init_i2c
 .text.wait_SI  0x00000cf0       0x44 C:\Users\vince\Documents\LPCXpresso_5.2.6_2137\ptr\TP2_light_com_etu\Debug\libMyLab_lib.a(I2C.o)
                0x00000cf0                wait_SI
 .text.I2C_master_write
                0x00000d34       0xec C:\Users\vince\Documents\LPCXpresso_5.2.6_2137\ptr\TP2_light_com_etu\Debug\libMyLab_lib.a(I2C.o)
                0x00000d34                I2C_master_write
 .text.I2C_master_read
                0x00000e20      0x120 C:\Users\vince\Documents\LPCXpresso_5.2.6_2137\ptr\TP2_light_com_etu\Debug\libMyLab_lib.a(I2C.o)
                0x00000e20                I2C_master_read
 .text.LCD_RS_ENA
                0x00000f40       0x38 C:\Users\vince\Documents\LPCXpresso_5.2.6_2137\ptr\TP2_light_com_etu\Debug\libMyLab_lib.a(lcd.o)
 .text.LCD_RS_DIS
                0x00000f78       0x38 C:\Users\vince\Documents\LPCXpresso_5.2.6_2137\ptr\TP2_light_com_etu\Debug\libMyLab_lib.a(lcd.o)
 .text.Write_Cmd_Data
                0x00000fb0       0x28 C:\Users\vince\Documents\LPCXpresso_5.2.6_2137\ptr\TP2_light_com_etu\Debug\libMyLab_lib.a(lcd.o)
                0x00000fb0                Write_Cmd_Data
 .text.Write_Cmd
                0x00000fd8       0x28 C:\Users\vince\Documents\LPCXpresso_5.2.6_2137\ptr\TP2_light_com_etu\Debug\libMyLab_lib.a(lcd.o)
                0x00000fd8                Write_Cmd
 .text.Write_Data
                0x00001000       0x30 C:\Users\vince\Documents\LPCXpresso_5.2.6_2137\ptr\TP2_light_com_etu\Debug\libMyLab_lib.a(lcd.o)
                0x00001000                Write_Data
 .text.Write_Data_U16
                0x00001030       0x28 C:\Users\vince\Documents\LPCXpresso_5.2.6_2137\ptr\TP2_light_com_etu\Debug\libMyLab_lib.a(lcd.o)
                0x00001030                Write_Data_U16
 .text.Delay    0x00001058       0x30 C:\Users\vince\Documents\LPCXpresso_5.2.6_2137\ptr\TP2_light_com_etu\Debug\libMyLab_lib.a(lcd.o)
                0x00001058                Delay
 .text.ILI9341_Initial
                0x00001088      0x220 C:\Users\vince\Documents\LPCXpresso_5.2.6_2137\ptr\TP2_light_com_etu\Debug\libMyLab_lib.a(lcd.o)
                0x00001088                ILI9341_Initial
 .text.init_lcd
                0x000012a8       0x54 C:\Users\vince\Documents\LPCXpresso_5.2.6_2137\ptr\TP2_light_com_etu\Debug\libMyLab_lib.a(lcd.o)
                0x000012a8                init_lcd
 .text.LCD_SetPos
                0x000012fc       0xb8 C:\Users\vince\Documents\LPCXpresso_5.2.6_2137\ptr\TP2_light_com_etu\Debug\libMyLab_lib.a(lcd.o)
                0x000012fc                LCD_SetPos
 .text.setup_scroll
                0x000013b4       0x68 C:\Users\vince\Documents\LPCXpresso_5.2.6_2137\ptr\TP2_light_com_etu\Debug\libMyLab_lib.a(lcd.o)
                0x000013b4                setup_scroll
 .text.lcd_scroll
                0x0000141c       0x60 C:\Users\vince\Documents\LPCXpresso_5.2.6_2137\ptr\TP2_light_com_etu\Debug\libMyLab_lib.a(lcd.o)
                0x0000141c                lcd_scroll
 .text.clear_screen
                0x0000147c       0x4c C:\Users\vince\Documents\LPCXpresso_5.2.6_2137\ptr\TP2_light_com_etu\Debug\libMyLab_lib.a(lcd.o)
                0x0000147c                clear_screen
 .text.lcd_filled_rectangle
                0x000014c8       0xa4 C:\Users\vince\Documents\LPCXpresso_5.2.6_2137\ptr\TP2_light_com_etu\Debug\libMyLab_lib.a(lcd.o)
                0x000014c8                lcd_filled_rectangle
 .text.lcd_print_char
                0x0000156c      0x10c C:\Users\vince\Documents\LPCXpresso_5.2.6_2137\ptr\TP2_light_com_etu\Debug\libMyLab_lib.a(lcd.o)
                0x0000156c                lcd_print_char
 .text.lcd_printf
                0x00001678      0x20c C:\Users\vince\Documents\LPCXpresso_5.2.6_2137\ptr\TP2_light_com_etu\Debug\libMyLab_lib.a(lcd.o)
                0x00001678                lcd_printf
 .text.ssp_init_custom
                0x00001884       0x84 C:\Users\vince\Documents\LPCXpresso_5.2.6_2137\ptr\TP2_light_com_etu\Debug\libMyLab_lib.a(ssp.o)
                0x00001884                ssp_init_custom
 .text.ssp_send_buf
                0x00001908       0x48 C:\Users\vince\Documents\LPCXpresso_5.2.6_2137\ptr\TP2_light_com_etu\Debug\libMyLab_lib.a(ssp.o)
                0x00001908                ssp_send_buf
 .text.start_timer
                0x00001950       0xa8 C:\Users\vince\Documents\LPCXpresso_5.2.6_2137\ptr\TP2_light_com_etu\Debug\libMyLab_lib.a(traces.o)
                0x00001950                start_timer
 .text.write_trace_ref
                0x000019f8      0x174 C:\Users\vince\Documents\LPCXpresso_5.2.6_2137\ptr\TP2_light_com_etu\Debug\libMyLab_lib.a(traces.o)
                0x000019f8                write_trace_ref
 .text.tx_handler
                0x00001b6c       0x7c C:\Users\vince\Documents\LPCXpresso_5.2.6_2137\ptr\TP2_light_com_etu\Debug\libMyLab_lib.a(traces.o)
                0x00001b6c                tx_handler
 .text.init_traces
                0x00001be8       0x4c C:\Users\vince\Documents\LPCXpresso_5.2.6_2137\ptr\TP2_light_com_etu\Debug\libMyLab_lib.a(traces.o)
                0x00001be8                init_traces
 .text.NVIC_EnableIRQ
                0x00001c34       0x30 C:\Users\vince\Documents\LPCXpresso_5.2.6_2137\ptr\TP2_light_com_etu\Debug\libMyLab_lib.a(uart.o)
 .text.UART0_IRQHandler
                0x00001c64       0x70 C:\Users\vince\Documents\LPCXpresso_5.2.6_2137\ptr\TP2_light_com_etu\Debug\libMyLab_lib.a(uart.o)
                0x00001c64                UART0_IRQHandler
 .text.uart0_init_ref
                0x00001cd4       0xf8 C:\Users\vince\Documents\LPCXpresso_5.2.6_2137\ptr\TP2_light_com_etu\Debug\libMyLab_lib.a(uart.o)
                0x00001cd4                uart0_init_ref
 .text.SystemInit
                0x00001dcc       0xe4 C:\Users\vince\Documents\LPCXpresso_5.2.6_2137\ptr\CMSISv2p00_LPC17xx\Debug\libCMSISv2p00_LPC17xx.a(system_LPC17xx.o)
                0x00001dcc                SystemInit
 .text.__main   0x00001eb0       0x14 c:/nxp/lpcxpresso_8.2.2_650/lpcxpresso/tools/bin/../lib/gcc/arm-none-eabi/5.4.1/../../../../arm-none-eabi/lib/armv7-m\libcr_semihost.a(_cr__main.o)
                0x00001eb0                __CR_SEMIHOST
                0x00001eb0                __main
 .text.memset   0x00001ec4        0x4 c:/nxp/lpcxpresso_8.2.2_650/lpcxpresso/tools/bin/../lib/gcc/arm-none-eabi/5.4.1/../../../../arm-none-eabi/lib/armv7-m\libcr_c.a(memset.o)
                0x00001ec4                memset
 .text.__assertion_failed
                0x00001ec8       0x48 c:/nxp/lpcxpresso_8.2.2_650/lpcxpresso/tools/bin/../lib/gcc/arm-none-eabi/5.4.1/../../../../arm-none-eabi/lib/armv7-m\libcr_c.a(_cr_assert.o)
                0x00001ec8                __assertion_failed
 .text._deferredlazyseek
                0x00001f10       0x44 c:/nxp/lpcxpresso_8.2.2_650/lpcxpresso/tools/bin/../lib/gcc/arm-none-eabi/5.4.1/../../../../arm-none-eabi/lib/armv7-m\libcr_c.a(_deferredlazyseek.o)
                0x00001f10                _deferredlazyseek
 .text.__flsbuf
                0x00001f54      0x140 c:/nxp/lpcxpresso_8.2.2_650/lpcxpresso/tools/bin/../lib/gcc/arm-none-eabi/5.4.1/../../../../arm-none-eabi/lib/armv7-m\libcr_c.a(_deferredlazyseek.o)
                0x00001f54                __flsbuf
 .text._fflush  0x00002094       0x58 c:/nxp/lpcxpresso_8.2.2_650/lpcxpresso/tools/bin/../lib/gcc/arm-none-eabi/5.4.1/../../../../arm-none-eabi/lib/armv7-m\libcr_c.a(_fflush.o)
                0x00002094                _fflush
 .text._Cwritebuf
                0x000020ec       0x68 c:/nxp/lpcxpresso_8.2.2_650/lpcxpresso/tools/bin/../lib/gcc/arm-none-eabi/5.4.1/../../../../arm-none-eabi/lib/armv7-m\libcr_c.a(_writebuf.o)
                0x000020ec                _Cwritebuf
 .text.malloc   0x00002154       0xc8 c:/nxp/lpcxpresso_8.2.2_650/lpcxpresso/tools/bin/../lib/gcc/arm-none-eabi/5.4.1/../../../../arm-none-eabi/lib/armv7-m\libcr_c.a(alloc.o)
                0x00002154                malloc
 .text.free     0x0000221c       0x30 c:/nxp/lpcxpresso_8.2.2_650/lpcxpresso/tools/bin/../lib/gcc/arm-none-eabi/5.4.1/../../../../arm-none-eabi/lib/armv7-m\libcr_c.a(alloc.o)
                0x0000221c                free
 .text._Csys_alloc
                0x0000224c       0x20 c:/nxp/lpcxpresso_8.2.2_650/lpcxpresso/tools/bin/../lib/gcc/arm-none-eabi/5.4.1/../../../../arm-none-eabi/lib/armv7-m\libcr_c.a(alloc.o)
                0x0000224c                _Csys_alloc
 .text.fclose   0x0000226c       0x6c c:/nxp/lpcxpresso_8.2.2_650/lpcxpresso/tools/bin/../lib/gcc/arm-none-eabi/5.4.1/../../../../arm-none-eabi/lib/armv7-m\libcr_c.a(fclose.o)
                0x0000226c                fclose
 .text.fflush   0x000022d8       0x30 c:/nxp/lpcxpresso_8.2.2_650/lpcxpresso/tools/bin/../lib/gcc/arm-none-eabi/5.4.1/../../../../arm-none-eabi/lib/armv7-m\libcr_c.a(fflush.o)
                0x000022d8                fflush
 .text.fopen    0x00002308       0x28 c:/nxp/lpcxpresso_8.2.2_650/lpcxpresso/tools/bin/../lib/gcc/arm-none-eabi/5.4.1/../../../../arm-none-eabi/lib/armv7-m\libcr_c.a(fopen.o)
                0x00002308                fopen
 .text.fp_round
                0x00002330       0x4c c:/nxp/lpcxpresso_8.2.2_650/lpcxpresso/tools/bin/../lib/gcc/arm-none-eabi/5.4.1/../../../../arm-none-eabi/lib/armv7-m\libcr_c.a(fpprintf.o)
 .text.pr_dec.constprop.1
                0x0000237c       0x26 c:/nxp/lpcxpresso_8.2.2_650/lpcxpresso/tools/bin/../lib/gcc/arm-none-eabi/5.4.1/../../../../arm-none-eabi/lib/armv7-m\libcr_c.a(fpprintf.o)
 *fill*         0x000023a2        0x2 ff
 .text.fprintf  0x000023a4       0x30 c:/nxp/lpcxpresso_8.2.2_650/lpcxpresso/tools/bin/../lib/gcc/arm-none-eabi/5.4.1/../../../../arm-none-eabi/lib/armv7-m\libcr_c.a(fpprintf.o)
                0x000023a4                fprintf
 .text.sprintf  0x000023d4       0x6c c:/nxp/lpcxpresso_8.2.2_650/lpcxpresso/tools/bin/../lib/gcc/arm-none-eabi/5.4.1/../../../../arm-none-eabi/lib/armv7-m\libcr_c.a(fpprintf.o)
                0x000023d4                sprintf
 .text.fp_display
                0x00002440      0x8ec c:/nxp/lpcxpresso_8.2.2_650/lpcxpresso/tools/bin/../lib/gcc/arm-none-eabi/5.4.1/../../../../arm-none-eabi/lib/armv7-m\libcr_c.a(fpprintf.o)
 .text.vsprintf
                0x00002d2c       0x5c c:/nxp/lpcxpresso_8.2.2_650/lpcxpresso/tools/bin/../lib/gcc/arm-none-eabi/5.4.1/../../../../arm-none-eabi/lib/armv7-m\libcr_c.a(fpprintf.o)
                0x00002d2c                vsprintf
 .text.vsnprintf
                0x00002d88       0x5c c:/nxp/lpcxpresso_8.2.2_650/lpcxpresso/tools/bin/../lib/gcc/arm-none-eabi/5.4.1/../../../../arm-none-eabi/lib/armv7-m\libcr_c.a(fpprintf.o)
                0x00002d88                vsnprintf
 .text.printf   0x00002de4       0x54 c:/nxp/lpcxpresso_8.2.2_650/lpcxpresso/tools/bin/../lib/gcc/arm-none-eabi/5.4.1/../../../../arm-none-eabi/lib/armv7-m\libcr_c.a(fpprintf.o)
                0x00002de4                printf
 .text.fputs    0x00002e38       0x2c c:/nxp/lpcxpresso_8.2.2_650/lpcxpresso/tools/bin/../lib/gcc/arm-none-eabi/5.4.1/../../../../arm-none-eabi/lib/armv7-m\libcr_c.a(fputs.o)
                0x00002e38                fputs
 .text.freopen  0x00002e64       0x88 c:/nxp/lpcxpresso_8.2.2_650/lpcxpresso/tools/bin/../lib/gcc/arm-none-eabi/5.4.1/../../../../arm-none-eabi/lib/armv7-m\libcr_c.a(freopen.o)
                0x00002e64                freopen
 .text.fseek    0x00002eec      0x110 c:/nxp/lpcxpresso_8.2.2_650/lpcxpresso/tools/bin/../lib/gcc/arm-none-eabi/5.4.1/../../../../arm-none-eabi/lib/armv7-m\libcr_c.a(fseek.o)
                0x00002eec                fseek
 .text.ftell    0x00002ffc       0x4c c:/nxp/lpcxpresso_8.2.2_650/lpcxpresso/tools/bin/../lib/gcc/arm-none-eabi/5.4.1/../../../../arm-none-eabi/lib/armv7-m\libcr_c.a(ftell.o)
                0x00002ffc                ftell
 .text._initio  0x00003048       0xa4 c:/nxp/lpcxpresso_8.2.2_650/lpcxpresso/tools/bin/../lib/gcc/arm-none-eabi/5.4.1/../../../../arm-none-eabi/lib/armv7-m\libcr_c.a(initio.o)
                0x00003048                _initio
 .text._terminateio
                0x000030ec       0x44 c:/nxp/lpcxpresso_8.2.2_650/lpcxpresso/tools/bin/../lib/gcc/arm-none-eabi/5.4.1/../../../../arm-none-eabi/lib/armv7-m\libcr_c.a(initio.o)
                0x000030ec                _terminateio
 .text.__vfprintf
                0x00003130      0xd28 c:/nxp/lpcxpresso_8.2.2_650/lpcxpresso/tools/bin/../lib/gcc/arm-none-eabi/5.4.1/../../../../arm-none-eabi/lib/armv7-m\libcr_c.a(printf.o)
                0x00003130                __vfprintf
 .text.remove   0x00003e58       0x14 c:/nxp/lpcxpresso_8.2.2_650/lpcxpresso/tools/bin/../lib/gcc/arm-none-eabi/5.4.1/../../../../arm-none-eabi/lib/armv7-m\libcr_c.a(remove.o)
                0x00003e58                remove
 .text.setvbuf  0x00003e6c       0x40 c:/nxp/lpcxpresso_8.2.2_650/lpcxpresso/tools/bin/../lib/gcc/arm-none-eabi/5.4.1/../../../../arm-none-eabi/lib/armv7-m\libcr_c.a(setvbuf.o)
                0x00003e6c                setvbuf
 .text.exit     0x00003eac       0x2c c:/nxp/lpcxpresso_8.2.2_650/lpcxpresso/tools/bin/../lib/gcc/arm-none-eabi/5.4.1/../../../../arm-none-eabi/lib/armv7-m\libcr_c.a(stdlib.o)
                0x00003eac                exit
 .text.strlen   0x00003ed8       0x4a c:/nxp/lpcxpresso_8.2.2_650/lpcxpresso/tools/bin/../lib/gcc/arm-none-eabi/5.4.1/../../../../arm-none-eabi/lib/armv7-m\libcr_c.a(strlen.o)
                0x00003ed8                strlen
 *fill*         0x00003f22        0x2 ff
 .text._sbrk    0x00003f24       0x40 c:/nxp/lpcxpresso_8.2.2_650/lpcxpresso/tools/bin/../lib/gcc/arm-none-eabi/5.4.1/../../../../arm-none-eabi/lib/armv7-m\libcr_c.a(_cr_sbrk.o)
                0x00003f24                _sbrk
 .text._do_fflush
                0x00003f64       0x44 c:/nxp/lpcxpresso_8.2.2_650/lpcxpresso/tools/bin/../lib/gcc/arm-none-eabi/5.4.1/../../../../arm-none-eabi/lib/armv7-m\libcr_c.a(_do_fflush.o)
                0x00003f64                _do_fflush
 .text._fdopen  0x00003fa8       0x6a c:/nxp/lpcxpresso_8.2.2_650/lpcxpresso/tools/bin/../lib/gcc/arm-none-eabi/5.4.1/../../../../arm-none-eabi/lib/armv7-m\libcr_c.a(_fdopen.o)
                0x00003fa8                _fdopen
 .text._frexpl  0x00004012       0x5a c:/nxp/lpcxpresso_8.2.2_650/lpcxpresso/tools/bin/../lib/gcc/arm-none-eabi/5.4.1/../../../../arm-none-eabi/lib/armv7-m\libcr_c.a(_frexpl.o)
                0x00004012                _frexpl
 .text._ldexpl  0x0000406c       0x4c c:/nxp/lpcxpresso_8.2.2_650/lpcxpresso/tools/bin/../lib/gcc/arm-none-eabi/5.4.1/../../../../arm-none-eabi/lib/armv7-m\libcr_c.a(_ldexpl.o)
                0x0000406c                _ldexpl
 .text.__check_heap_overflow
                0x000040b8       0x18 c:/nxp/lpcxpresso_8.2.2_650/lpcxpresso/tools/bin/../lib/gcc/arm-none-eabi/5.4.1/../../../../arm-none-eabi/lib/armv7-m\libcr_c.a(_cr_check_heap.o)
                0x000040b8                __check_heap_overflow
 .text.__aeabi_dmul
                0x000040d0      0x110 c:/nxp/lpcxpresso_8.2.2_650/lpcxpresso/tools/bin/../lib/gcc/arm-none-eabi/5.4.1/armv7-m\libcr_eabihelpers.a(double.o)
                0x000040d0                __aeabi_dmul
 .text.__aeabi_ddiv
                0x000041e0      0x138 c:/nxp/lpcxpresso_8.2.2_650/lpcxpresso/tools/bin/../lib/gcc/arm-none-eabi/5.4.1/armv7-m\libcr_eabihelpers.a(double.o)
                0x000041e0                __aeabi_ddiv
 .text.__aeabi_dsub
                0x00004318      0x1a0 c:/nxp/lpcxpresso_8.2.2_650/lpcxpresso/tools/bin/../lib/gcc/arm-none-eabi/5.4.1/armv7-m\libcr_eabihelpers.a(double.o)
                0x00004318                __aeabi_dsub
 .text.__aeabi_dadd
                0x000044b8      0x10c c:/nxp/lpcxpresso_8.2.2_650/lpcxpresso/tools/bin/../lib/gcc/arm-none-eabi/5.4.1/armv7-m\libcr_eabihelpers.a(double.o)
                0x000044b8                __aeabi_dadd
 .text.__aeabi_d2iz
                0x000045c4       0x40 c:/nxp/lpcxpresso_8.2.2_650/lpcxpresso/tools/bin/../lib/gcc/arm-none-eabi/5.4.1/armv7-m\libcr_eabihelpers.a(double.o)
                0x000045c4                __aeabi_d2iz
 .text.__bhs_ui2d
                0x00004604       0x46 c:/nxp/lpcxpresso_8.2.2_650/lpcxpresso/tools/bin/../lib/gcc/arm-none-eabi/5.4.1/armv7-m\libcr_eabihelpers.a(double.o)
                0x00004604                __bhs_ui2d
 .text.__aeabi_i2d
                0x0000464a       0x10 c:/nxp/lpcxpresso_8.2.2_650/lpcxpresso/tools/bin/../lib/gcc/arm-none-eabi/5.4.1/armv7-m\libcr_eabihelpers.a(double.o)
                0x0000464a                __aeabi_i2d
 .text.__aeabi_dcmpeq
                0x0000465a       0x2c c:/nxp/lpcxpresso_8.2.2_650/lpcxpresso/tools/bin/../lib/gcc/arm-none-eabi/5.4.1/armv7-m\libcr_eabihelpers.a(double.o)
                0x0000465a                __aeabi_dcmpeq
 .text.__aeabi_dcmplt
                0x00004686       0x54 c:/nxp/lpcxpresso_8.2.2_650/lpcxpresso/tools/bin/../lib/gcc/arm-none-eabi/5.4.1/armv7-m\libcr_eabihelpers.a(double.o)
                0x00004686                __aeabi_dcmplt
 .text.__aeabi_dcmple
                0x000046da       0x54 c:/nxp/lpcxpresso_8.2.2_650/lpcxpresso/tools/bin/../lib/gcc/arm-none-eabi/5.4.1/armv7-m\libcr_eabihelpers.a(double.o)
                0x000046da                __aeabi_dcmple
 .text.__aeabi_dcmpge
                0x0000472e       0x54 c:/nxp/lpcxpresso_8.2.2_650/lpcxpresso/tools/bin/../lib/gcc/arm-none-eabi/5.4.1/armv7-m\libcr_eabihelpers.a(double.o)
                0x0000472e                __aeabi_dcmpge
 .text.__aeabi_memset_lowlevel
                0x00004782       0x32 c:/nxp/lpcxpresso_8.2.2_650/lpcxpresso/tools/bin/../lib/gcc/arm-none-eabi/5.4.1/armv7-m\libcr_eabihelpers.a(memcpy.o)
                0x00004782                __aeabi_lowlevel_memset
 .text.__sys_appexit
                0x000047b4        0xc c:/nxp/lpcxpresso_8.2.2_650/lpcxpresso/tools/bin/../lib/gcc/arm-none-eabi/5.4.1/../../../../arm-none-eabi/lib/armv7-m\libcr_semihost.a(__sys_appexit.o)
                0x000047b4                __sys_appexit
                0x000047b4                __exit
 .text.__sys_close
                0x000047c0        0xc c:/nxp/lpcxpresso_8.2.2_650/lpcxpresso/tools/bin/../lib/gcc/arm-none-eabi/5.4.1/../../../../arm-none-eabi/lib/armv7-m\libcr_semihost.a(__sys_close.o)
                0x000047c0                __sys_close
 .text.__sys_flen
                0x000047cc        0xc c:/nxp/lpcxpresso_8.2.2_650/lpcxpresso/tools/bin/../lib/gcc/arm-none-eabi/5.4.1/../../../../arm-none-eabi/lib/armv7-m\libcr_semihost.a(__sys_flen.o)
                0x000047cc                __sys_flen
 .text.__sys_istty
                0x000047d8        0xc c:/nxp/lpcxpresso_8.2.2_650/lpcxpresso/tools/bin/../lib/gcc/arm-none-eabi/5.4.1/../../../../arm-none-eabi/lib/armv7-m\libcr_semihost.a(__sys_istty.o)
                0x000047d8                __sys_istty
 .text.__sys_open
                0x000047e4        0xc c:/nxp/lpcxpresso_8.2.2_650/lpcxpresso/tools/bin/../lib/gcc/arm-none-eabi/5.4.1/../../../../arm-none-eabi/lib/armv7-m\libcr_semihost.a(__sys_open.o)
                0x000047e4                __sys_open
 .text.__sys_remove
                0x000047f0        0xc c:/nxp/lpcxpresso_8.2.2_650/lpcxpresso/tools/bin/../lib/gcc/arm-none-eabi/5.4.1/../../../../arm-none-eabi/lib/armv7-m\libcr_semihost.a(__sys_remove.o)
                0x000047f0                __sys_remove
 .text.__sys_seek
                0x000047fc        0xc c:/nxp/lpcxpresso_8.2.2_650/lpcxpresso/tools/bin/../lib/gcc/arm-none-eabi/5.4.1/../../../../arm-none-eabi/lib/armv7-m\libcr_semihost.a(__sys_seek.o)
                0x000047fc                __sys_seek
 .text.__sys_tmpnam
                0x00004808        0xc c:/nxp/lpcxpresso_8.2.2_650/lpcxpresso/tools/bin/../lib/gcc/arm-none-eabi/5.4.1/../../../../arm-none-eabi/lib/armv7-m\libcr_semihost.a(__sys_tmpnam.o)
                0x00004808                __sys_tmpnam
 .text.__sys_write
                0x00004814        0xc c:/nxp/lpcxpresso_8.2.2_650/lpcxpresso/tools/bin/../lib/gcc/arm-none-eabi/5.4.1/../../../../arm-none-eabi/lib/armv7-m\libcr_semihost.a(__sys_write.o)
                0x00004814                __sys_write
                0x00004814                __write
 *(.rodata .rodata.* .constdata .constdata.*)
 .rodata        0x00004820       0x24 ./src/debug.o
 .rodata        0x00004844       0x17 ./src/light_com.o
 *fill*         0x0000485b        0x1 ff
 .rodata        0x0000485c       0x14 ext_color_sensor.o
 .rodata        0x00004870      0x19b C:\Users\vince\Documents\LPCXpresso_5.2.6_2137\ptr\TP2_light_com_etu\Debug\libMyLab_lib.a(lcd.o)
 *fill*         0x00004a0b        0x1 ff
 .rodata        0x00004a0c       0xcc C:\Users\vince\Documents\LPCXpresso_5.2.6_2137\ptr\TP2_light_com_etu\Debug\libMyLab_lib.a(traces.o)
 .rodata        0x00004ad8       0x48 C:\Users\vince\Documents\LPCXpresso_5.2.6_2137\ptr\TP2_light_com_etu\Debug\libMyLab_lib.a(uart.o)
 .rodata.SmallFont
                0x00004b20      0x478 C:\Users\vince\Documents\LPCXpresso_5.2.6_2137\ptr\TP2_light_com_etu\Debug\libMyLab_lib.a(fonts.o)
                0x00004b20                SmallFont
 .rodata.BigFont
                0x00004f98      0xbe4 C:\Users\vince\Documents\LPCXpresso_5.2.6_2137\ptr\TP2_light_com_etu\Debug\libMyLab_lib.a(fonts.o)
                0x00004f98                BigFont
 .rodata.str1.1
                0x00005b7c       0x15 c:/nxp/lpcxpresso_8.2.2_650/lpcxpresso/tools/bin/../lib/gcc/arm-none-eabi/5.4.1/../../../../arm-none-eabi/lib/armv7-m\libcr_c.a(_cr_assert.o)
 .rodata.str1.1
                0x00005b91       0x18 c:/nxp/lpcxpresso_8.2.2_650/lpcxpresso/tools/bin/../lib/gcc/arm-none-eabi/5.4.1/../../../../arm-none-eabi/lib/armv7-m\libcr_c.a(alloc.o)
 .rodata.str1.1
                0x00005ba9       0x32 c:/nxp/lpcxpresso_8.2.2_650/lpcxpresso/tools/bin/../lib/gcc/arm-none-eabi/5.4.1/../../../../arm-none-eabi/lib/armv7-m\libcr_c.a(fpprintf.o)
                                 0x35 (size before relaxing)
 .rodata.str1.1
                0x00005bdb        0x4 c:/nxp/lpcxpresso_8.2.2_650/lpcxpresso/tools/bin/../lib/gcc/arm-none-eabi/5.4.1/../../../../arm-none-eabi/lib/armv7-m\libcr_c.a(initio.o)
 .rodata.str1.1
                0x00005bdf       0x31 c:/nxp/lpcxpresso_8.2.2_650/lpcxpresso/tools/bin/../lib/gcc/arm-none-eabi/5.4.1/../../../../arm-none-eabi/lib/armv7-m\libcr_c.a(printf.o)
                                 0x38 (size before relaxing)
 .rodata.__huge_vall
                0x00005c10        0x8 c:/nxp/lpcxpresso_8.2.2_650/lpcxpresso/tools/bin/../lib/gcc/arm-none-eabi/5.4.1/../../../../arm-none-eabi/lib/armv7-m\libcr_c.a(_hugeval.o)
                0x00005c10                __huge_vall
                0x00005c18                . = ALIGN (0x4)

.glue_7         0x00005c18        0x0
 .glue_7        0x00005c18        0x0 linker stubs

.glue_7t        0x00005c18        0x0
 .glue_7t       0x00005c18        0x0 linker stubs

.vfp11_veneer   0x00005c18        0x0
 .vfp11_veneer  0x00005c18        0x0 linker stubs

.v4_bx          0x00005c18        0x0
 .v4_bx         0x00005c18        0x0 linker stubs

.iplt           0x00005c18        0x0
 .iplt          0x00005c18        0x0 ./src/cr_startup_lpc17.o

.rel.dyn        0x00005c18        0x0
 .rel.iplt      0x00005c18        0x0 ./src/cr_startup_lpc17.o

.ARM.extab
 *(.ARM.extab* .gnu.linkonce.armextab.*)
                0x00005c18                __exidx_start = .

.ARM.exidx
 *(.ARM.exidx* .gnu.linkonce.armexidx.*)
                0x00005c18                __exidx_end = .
                0x00005c18                _etext = .

.data_RAM2      0x2007c000        0x0 load address 0x00005c18
 FILL mask 0xff
                [!provide]                PROVIDE (__start_data_RAM2, .)
 *(.ramfunc.$RAM2)
 *(.ramfunc.$RamAHB32)
 *(.data.$RAM2*)
 *(.data.$RamAHB32*)
                0x2007c000                . = ALIGN (0x4)
                [!provide]                PROVIDE (__end_data_RAM2, .)

.uninit_RESERVED
                0x10000000        0x0
 *(.bss.$RESERVED*)
                0x10000000                . = ALIGN (0x4)
                0x10000000                _end_uninit_RESERVED = .

.data           0x10000000       0x1c load address 0x00005c18
 FILL mask 0xff
                0x10000000                _data = .
 *(vtable)
 *(.ramfunc*)
 *(.data*)
 .data.buf_index
                0x10000000        0x4 ./src/light_com.o
                0x10000000                buf_index
 .data.previous_id_in
                0x10000004        0x4 ./FreeRTOS_src/tasks.o
 .data.xNextTaskUnblockTime
                0x10000008        0x4 ./FreeRTOS_src/tasks.o
 .data.cs_write
                0x1000000c        0x1 ext_color_sensor.o
 *fill*         0x1000000d        0x3 ff
 .data.offset.5884
                0x10000010        0x4 C:\Users\vince\Documents\LPCXpresso_5.2.6_2137\ptr\TP2_light_com_etu\Debug\libMyLab_lib.a(lcd.o)
 .data.y.5883   0x10000014        0x4 C:\Users\vince\Documents\LPCXpresso_5.2.6_2137\ptr\TP2_light_com_etu\Debug\libMyLab_lib.a(lcd.o)
 .data.SystemCoreClock
                0x10000018        0x4 C:\Users\vince\Documents\LPCXpresso_5.2.6_2137\ptr\CMSISv2p00_LPC17xx\Debug\libCMSISv2p00_LPC17xx.a(system_LPC17xx.o)
                0x10000018                SystemCoreClock
                0x1000001c                . = ALIGN (0x4)
                0x1000001c                _edata = .

.igot.plt       0x1000001c        0x0 load address 0x00005c34
 .igot.plt      0x1000001c        0x0 ./src/cr_startup_lpc17.o

.bss_RAM2       0x2007c000        0x0
                [!provide]                PROVIDE (__start_bss_RAM2, .)
 *(.bss.$RAM2*)
 *(.bss.$RamAHB32*)
                0x2007c000                . = ALIGN ((. != 0x0)?0x4:0x1)
                0x2007c000                PROVIDE (__end_bss_RAM2, .)

.bss            0x1000001c     0x3ab0
                0x1000001c                _bss = .
 *(.bss*)
 .bss.buffer    0x1000001c     0x2d00 ./src/light_com.o
 .bss.is_rx_char
                0x10002d1c        0x1 ./src/light_com.o
                0x10002d1c                is_rx_char
 *fill*         0x10002d1d        0x3 
 .bss.pxCurrentTCB
                0x10002d20        0x4 ./FreeRTOS_src/tasks.o
                0x10002d20                pxCurrentTCB
 .bss.pxReadyTasksLists
                0x10002d24       0x64 ./FreeRTOS_src/tasks.o
 .bss.pxDelayedTaskList
                0x10002d88        0x4 ./FreeRTOS_src/tasks.o
 .bss.pxOverflowDelayedTaskList
                0x10002d8c        0x4 ./FreeRTOS_src/tasks.o
 .bss.xTickCount
                0x10002d90        0x4 ./FreeRTOS_src/tasks.o
 .bss.uxTopReadyPriority
                0x10002d94        0x4 ./FreeRTOS_src/tasks.o
 .bss.uxSchedulerSuspended
                0x10002d98        0x4 ./FreeRTOS_src/tasks.o
 .bss.uxMissedTicks
                0x10002d9c        0x4 ./FreeRTOS_src/tasks.o
 .bss.xMissedYield
                0x10002da0        0x4 ./FreeRTOS_src/tasks.o
 .bss.xNumOfOverflows
                0x10002da4        0x4 ./FreeRTOS_src/tasks.o
 .bss.uxTaskNumber
                0x10002da8        0x4 ./FreeRTOS_src/tasks.o
 .bss.i2c_h     0x10002dac        0x4 ext_color_sensor.o
 .bss.idx       0x10002db0        0x4 ext_color_sensor.o
 .bss.buf_len   0x10002db4        0x4 ext_color_sensor.o
 .bss.buf       0x10002db8        0x4 ext_color_sensor.o
 .bss.ext_cs_buffer_end_func
                0x10002dbc        0x4 ext_color_sensor.o
 .bss.str       0x10002dc0      0x30c C:\Users\vince\Documents\LPCXpresso_5.2.6_2137\ptr\TP2_light_com_etu\Debug\libMyLab_lib.a(lcd.o)
 .bss.is_scroll_setup.5885
                0x100030cc        0x1 C:\Users\vince\Documents\LPCXpresso_5.2.6_2137\ptr\TP2_light_com_etu\Debug\libMyLab_lib.a(lcd.o)
 *fill*         0x100030cd        0x3 
 .bss.x.5882    0x100030d0        0x4 C:\Users\vince\Documents\LPCXpresso_5.2.6_2137\ptr\TP2_light_com_etu\Debug\libMyLab_lib.a(lcd.o)
 .bss.trace_buffer
                0x100030d4      0x800 C:\Users\vince\Documents\LPCXpresso_5.2.6_2137\ptr\TP2_light_com_etu\Debug\libMyLab_lib.a(traces.o)
 .bss.write_idx
                0x100038d4        0x4 C:\Users\vince\Documents\LPCXpresso_5.2.6_2137\ptr\TP2_light_com_etu\Debug\libMyLab_lib.a(traces.o)
 .bss.read_idx  0x100038d8        0x4 C:\Users\vince\Documents\LPCXpresso_5.2.6_2137\ptr\TP2_light_com_etu\Debug\libMyLab_lib.a(traces.o)
 .bss.w_byte_idx
                0x100038dc        0x4 C:\Users\vince\Documents\LPCXpresso_5.2.6_2137\ptr\TP2_light_com_etu\Debug\libMyLab_lib.a(traces.o)
 .bss.timer_counter
                0x100038e0        0x4 C:\Users\vince\Documents\LPCXpresso_5.2.6_2137\ptr\TP2_light_com_etu\Debug\libMyLab_lib.a(traces.o)
 .bss.int_enabled
                0x100038e4        0x1 C:\Users\vince\Documents\LPCXpresso_5.2.6_2137\ptr\TP2_light_com_etu\Debug\libMyLab_lib.a(traces.o)
 .bss.trace_init_done
                0x100038e5        0x1 C:\Users\vince\Documents\LPCXpresso_5.2.6_2137\ptr\TP2_light_com_etu\Debug\libMyLab_lib.a(traces.o)
 *fill*         0x100038e6        0x2 
 .bss.tx_callbck
                0x100038e8        0x4 C:\Users\vince\Documents\LPCXpresso_5.2.6_2137\ptr\TP2_light_com_etu\Debug\libMyLab_lib.a(uart.o)
 .bss.rx_callbck
                0x100038ec        0x4 C:\Users\vince\Documents\LPCXpresso_5.2.6_2137\ptr\TP2_light_com_etu\Debug\libMyLab_lib.a(uart.o)
 .bss._extra    0x100038f0        0x4 c:/nxp/lpcxpresso_8.2.2_650/lpcxpresso/tools/bin/../lib/gcc/arm-none-eabi/5.4.1/../../../../arm-none-eabi/lib/armv7-m\libcr_c.a(initio.o)
                0x100038f0                _extra
 .bss.__Ciob    0x100038f4      0x140 c:/nxp/lpcxpresso_8.2.2_650/lpcxpresso/tools/bin/../lib/gcc/arm-none-eabi/5.4.1/../../../../arm-none-eabi/lib/armv7-m\libcr_c.a(stdio.o)
                0x100038f4                __Ciob
 .bss._exitvector
                0x10003a34       0x84 c:/nxp/lpcxpresso_8.2.2_650/lpcxpresso/tools/bin/../lib/gcc/arm-none-eabi/5.4.1/../../../../arm-none-eabi/lib/armv7-m\libcr_c.a(stdlib.o)
                0x10003a34                _exitvector
 .bss._number_of_exit_functions
                0x10003ab8        0x4 c:/nxp/lpcxpresso_8.2.2_650/lpcxpresso/tools/bin/../lib/gcc/arm-none-eabi/5.4.1/../../../../arm-none-eabi/lib/armv7-m\libcr_c.a(stdlib.o)
                0x10003ab8                _number_of_exit_functions
 .bss.__heaps   0x10003abc        0x4 c:/nxp/lpcxpresso_8.2.2_650/lpcxpresso/tools/bin/../lib/gcc/arm-none-eabi/5.4.1/../../../../arm-none-eabi/lib/armv7-m\libcr_c.a(__init_alloc.o)
                0x10003abc                __heaps
 .bss.__end_of_heap
                0x10003ac0        0x4 c:/nxp/lpcxpresso_8.2.2_650/lpcxpresso/tools/bin/../lib/gcc/arm-none-eabi/5.4.1/../../../../arm-none-eabi/lib/armv7-m\libcr_c.a(__init_alloc.o)
                0x10003ac0                __end_of_heap
 .bss.errno     0x10003ac4        0x4 c:/nxp/lpcxpresso_8.2.2_650/lpcxpresso/tools/bin/../lib/gcc/arm-none-eabi/5.4.1/../../../../arm-none-eabi/lib/armv7-m\libcr_c.a(errno.o)
                0x10003ac4                errno
 *(COMMON)
 COMMON         0x10003ac8        0x1 ./src/light_com.o
                0x10003ac8                c
                0x10003acc                . = ALIGN (0x4)
 *fill*         0x10003ac9        0x3 
                0x10003acc                _ebss = .
                [!provide]                PROVIDE (end, .)

.noinit_RAM2    0x2007c000        0x0
 *(.noinit.$RAM2*)
 *(.noinit.$RamAHB32*)
                0x2007c000                . = ALIGN (0x4)

.noinit         0x10003acc        0x0
                0x10003acc                _noinit = .
 *(.noinit*)
                0x10003acc                . = ALIGN (0x4)
                0x10003acc                _end_noinit = .
                0x10003acc                PROVIDE (_pvHeapStart, DEFINED (__user_heap_base)?__user_heap_base:.)
                0x10008000                PROVIDE (_vStackTop, DEFINED (__user_stack_top)?__user_stack_top:(__top_RamLoc32 - 0x0))
                [!provide]                PROVIDE (__valid_user_code_checksum, (0x0 - ((((((_vStackTop + (ResetISR + 0x1)) + (NMI_Handler + 0x1)) + (HardFault_Handler + 0x1)) + (DEFINED (MemManage_Handler)?MemManage_Handler:0x0 + 0x1)) + (DEFINED (BusFault_Handler)?BusFault_Handler:0x0 + 0x1)) + (DEFINED (UsageFault_Handler)?UsageFault_Handler:0x0 + 0x1))))
OUTPUT(TP2_light_com_etu.axf elf32-littlearm)

.debug_info     0x00000000     0x5885
 .debug_info    0x00000000      0x259 ./src/cr_startup_lpc17.o
 .debug_info    0x00000259      0x23d ./src/debug.o
 .debug_info    0x00000496      0x35d ./src/light_com.o
 .debug_info    0x000007f3      0x280 ./FreeRTOS_src/list.o
 .debug_info    0x00000a73      0xcc9 ./FreeRTOS_src/tasks.o
 .debug_info    0x0000173c      0x1db ./FreeRTOS_portable/port.o
 .debug_info    0x00001917      0xa37 ext_color_sensor.o
 .debug_info    0x0000234e      0x836 C:\Users\vince\Documents\LPCXpresso_5.2.6_2137\ptr\TP2_light_com_etu\Debug\libMyLab_lib.a(I2C.o)
 .debug_info    0x00002b84     0x127b C:\Users\vince\Documents\LPCXpresso_5.2.6_2137\ptr\TP2_light_com_etu\Debug\libMyLab_lib.a(lcd.o)
 .debug_info    0x00003dff      0x5ab C:\Users\vince\Documents\LPCXpresso_5.2.6_2137\ptr\TP2_light_com_etu\Debug\libMyLab_lib.a(ssp.o)
 .debug_info    0x000043aa      0x786 C:\Users\vince\Documents\LPCXpresso_5.2.6_2137\ptr\TP2_light_com_etu\Debug\libMyLab_lib.a(traces.o)
 .debug_info    0x00004b30      0x993 C:\Users\vince\Documents\LPCXpresso_5.2.6_2137\ptr\TP2_light_com_etu\Debug\libMyLab_lib.a(uart.o)
 .debug_info    0x000054c3       0xaa C:\Users\vince\Documents\LPCXpresso_5.2.6_2137\ptr\TP2_light_com_etu\Debug\libMyLab_lib.a(fonts.o)
 .debug_info    0x0000556d      0x318 C:\Users\vince\Documents\LPCXpresso_5.2.6_2137\ptr\CMSISv2p00_LPC17xx\Debug\libCMSISv2p00_LPC17xx.a(system_LPC17xx.o)

.debug_abbrev   0x00000000     0x1380
 .debug_abbrev  0x00000000      0x100 ./src/cr_startup_lpc17.o
 .debug_abbrev  0x00000100       0xdf ./src/debug.o
 .debug_abbrev  0x000001df      0x195 ./src/light_com.o
 .debug_abbrev  0x00000374       0xbf ./FreeRTOS_src/list.o
 .debug_abbrev  0x00000433      0x1ec ./FreeRTOS_src/tasks.o
 .debug_abbrev  0x0000061f      0x11d ./FreeRTOS_portable/port.o
 .debug_abbrev  0x0000073c      0x214 ext_color_sensor.o
 .debug_abbrev  0x00000950      0x1b0 C:\Users\vince\Documents\LPCXpresso_5.2.6_2137\ptr\TP2_light_com_etu\Debug\libMyLab_lib.a(I2C.o)
 .debug_abbrev  0x00000b00      0x274 C:\Users\vince\Documents\LPCXpresso_5.2.6_2137\ptr\TP2_light_com_etu\Debug\libMyLab_lib.a(lcd.o)
 .debug_abbrev  0x00000d74      0x13a C:\Users\vince\Documents\LPCXpresso_5.2.6_2137\ptr\TP2_light_com_etu\Debug\libMyLab_lib.a(ssp.o)
 .debug_abbrev  0x00000eae      0x1a2 C:\Users\vince\Documents\LPCXpresso_5.2.6_2137\ptr\TP2_light_com_etu\Debug\libMyLab_lib.a(traces.o)
 .debug_abbrev  0x00001050      0x202 C:\Users\vince\Documents\LPCXpresso_5.2.6_2137\ptr\TP2_light_com_etu\Debug\libMyLab_lib.a(uart.o)
 .debug_abbrev  0x00001252       0x48 C:\Users\vince\Documents\LPCXpresso_5.2.6_2137\ptr\TP2_light_com_etu\Debug\libMyLab_lib.a(fonts.o)
 .debug_abbrev  0x0000129a       0xe6 C:\Users\vince\Documents\LPCXpresso_5.2.6_2137\ptr\CMSISv2p00_LPC17xx\Debug\libCMSISv2p00_LPC17xx.a(system_LPC17xx.o)

.debug_aranges  0x00000000      0x548
 .debug_aranges
                0x00000000       0x68 ./src/cr_startup_lpc17.o
 .debug_aranges
                0x00000068       0x20 ./src/debug.o
 .debug_aranges
                0x00000088       0x30 ./src/light_com.o
 .debug_aranges
                0x000000b8       0x40 ./FreeRTOS_src/list.o
 .debug_aranges
                0x000000f8      0x120 ./FreeRTOS_src/tasks.o
 .debug_aranges
                0x00000218       0x70 ./FreeRTOS_portable/port.o
 .debug_aranges
                0x00000288       0x68 ext_color_sensor.o
 .debug_aranges
                0x000002f0       0x48 C:\Users\vince\Documents\LPCXpresso_5.2.6_2137\ptr\TP2_light_com_etu\Debug\libMyLab_lib.a(I2C.o)
 .debug_aranges
                0x00000338      0x110 C:\Users\vince\Documents\LPCXpresso_5.2.6_2137\ptr\TP2_light_com_etu\Debug\libMyLab_lib.a(lcd.o)
 .debug_aranges
                0x00000448       0x30 C:\Users\vince\Documents\LPCXpresso_5.2.6_2137\ptr\TP2_light_com_etu\Debug\libMyLab_lib.a(ssp.o)
 .debug_aranges
                0x00000478       0x40 C:\Users\vince\Documents\LPCXpresso_5.2.6_2137\ptr\TP2_light_com_etu\Debug\libMyLab_lib.a(traces.o)
 .debug_aranges
                0x000004b8       0x50 C:\Users\vince\Documents\LPCXpresso_5.2.6_2137\ptr\TP2_light_com_etu\Debug\libMyLab_lib.a(uart.o)
 .debug_aranges
                0x00000508       0x18 C:\Users\vince\Documents\LPCXpresso_5.2.6_2137\ptr\TP2_light_com_etu\Debug\libMyLab_lib.a(fonts.o)
 .debug_aranges
                0x00000520       0x28 C:\Users\vince\Documents\LPCXpresso_5.2.6_2137\ptr\CMSISv2p00_LPC17xx\Debug\libCMSISv2p00_LPC17xx.a(system_LPC17xx.o)

.debug_ranges   0x00000000      0x490
 .debug_ranges  0x00000000       0x58 ./src/cr_startup_lpc17.o
 .debug_ranges  0x00000058       0x10 ./src/debug.o
 .debug_ranges  0x00000068       0x20 ./src/light_com.o
 .debug_ranges  0x00000088       0x30 ./FreeRTOS_src/list.o
 .debug_ranges  0x000000b8      0x110 ./FreeRTOS_src/tasks.o
 .debug_ranges  0x000001c8       0x60 ./FreeRTOS_portable/port.o
 .debug_ranges  0x00000228       0x58 ext_color_sensor.o
 .debug_ranges  0x00000280       0x38 C:\Users\vince\Documents\LPCXpresso_5.2.6_2137\ptr\TP2_light_com_etu\Debug\libMyLab_lib.a(I2C.o)
 .debug_ranges  0x000002b8      0x130 C:\Users\vince\Documents\LPCXpresso_5.2.6_2137\ptr\TP2_light_com_etu\Debug\libMyLab_lib.a(lcd.o)
 .debug_ranges  0x000003e8       0x20 C:\Users\vince\Documents\LPCXpresso_5.2.6_2137\ptr\TP2_light_com_etu\Debug\libMyLab_lib.a(ssp.o)
 .debug_ranges  0x00000408       0x30 C:\Users\vince\Documents\LPCXpresso_5.2.6_2137\ptr\TP2_light_com_etu\Debug\libMyLab_lib.a(traces.o)
 .debug_ranges  0x00000438       0x40 C:\Users\vince\Documents\LPCXpresso_5.2.6_2137\ptr\TP2_light_com_etu\Debug\libMyLab_lib.a(uart.o)
 .debug_ranges  0x00000478       0x18 C:\Users\vince\Documents\LPCXpresso_5.2.6_2137\ptr\CMSISv2p00_LPC17xx\Debug\libCMSISv2p00_LPC17xx.a(system_LPC17xx.o)

.debug_macro    0x00000000     0x44a9
 .debug_macro   0x00000000       0x52 ./src/cr_startup_lpc17.o
 .debug_macro   0x00000052      0x892 ./src/cr_startup_lpc17.o
 .debug_macro   0x000008e4       0x10 ./src/cr_startup_lpc17.o
 .debug_macro   0x000008f4      0x12d ./src/cr_startup_lpc17.o
 .debug_macro   0x00000a21      0x5b2 ./src/cr_startup_lpc17.o
 .debug_macro   0x00000fd3      0x13a ./src/debug.o
 .debug_macro   0x0000110d       0xa0 ./src/debug.o
 .debug_macro   0x000011ad       0x22 ./src/debug.o
 .debug_macro   0x000011cf       0x1c ./src/debug.o
 .debug_macro   0x000011eb       0x2e ./src/debug.o
 .debug_macro   0x00001219       0x18 ./src/debug.o
 .debug_macro   0x00001231      0x7af ./src/debug.o
 .debug_macro   0x000019e0      0x2c7 ./src/debug.o
 .debug_macro   0x00001ca7       0x10 ./src/debug.o
 .debug_macro   0x00001cb7       0x46 ./src/debug.o
 .debug_macro   0x00001cfd       0x10 ./src/debug.o
 .debug_macro   0x00001d0d      0x157 ./src/debug.o
 .debug_macro   0x00001e64       0xa3 ./src/debug.o
 .debug_macro   0x00001f07       0x12 ./src/debug.o
 .debug_macro   0x00001f19       0x1f ./src/debug.o
 .debug_macro   0x00001f38      0x177 ./src/debug.o
 .debug_macro   0x000020af       0x49 ./src/debug.o
 .debug_macro   0x000020f8       0x57 ./src/debug.o
 .debug_macro   0x0000214f       0x6a ./src/debug.o
 .debug_macro   0x000021b9       0x62 ./src/debug.o
 .debug_macro   0x0000221b       0x10 ./src/debug.o
 .debug_macro   0x0000222b      0x1c0 ./src/light_com.o
 .debug_macro   0x000023eb       0x82 ./src/light_com.o
 .debug_macro   0x0000246d       0x1c ./src/light_com.o
 .debug_macro   0x00002489       0x22 ./src/light_com.o
 .debug_macro   0x000024ab       0x7c ./src/light_com.o
 .debug_macro   0x00002527      0x157 ./src/light_com.o
 .debug_macro   0x0000267e       0x1c ./src/light_com.o
 .debug_macro   0x0000269a       0x28 ./src/light_com.o
 .debug_macro   0x000026c2       0x1c ./src/light_com.o
 .debug_macro   0x000026de       0xc2 ./src/light_com.o
 .debug_macro   0x000027a0       0x16 ./src/light_com.o
 .debug_macro   0x000027b6       0x5e ./src/light_com.o
 .debug_macro   0x00002814       0x2e ./src/light_com.o
 .debug_macro   0x00002842       0xe2 ./FreeRTOS_src/list.o
 .debug_macro   0x00002924       0x28 ./FreeRTOS_src/list.o
 .debug_macro   0x0000294c      0x162 ./FreeRTOS_src/tasks.o
 .debug_macro   0x00002aae       0x61 ./FreeRTOS_src/tasks.o
 .debug_macro   0x00002b0f       0x16 ./FreeRTOS_src/tasks.o
 .debug_macro   0x00002b25      0x11f ./FreeRTOS_portable/port.o
 .debug_macro   0x00002c44       0xc2 ext_color_sensor.o
 .debug_macro   0x00002d06       0x58 ext_color_sensor.o
 .debug_macro   0x00002d5e       0x58 ext_color_sensor.o
 .debug_macro   0x00002db6       0x8d C:\Users\vince\Documents\LPCXpresso_5.2.6_2137\ptr\TP2_light_com_etu\Debug\libMyLab_lib.a(I2C.o)
 .debug_macro   0x00002e43      0x898 C:\Users\vince\Documents\LPCXpresso_5.2.6_2137\ptr\TP2_light_com_etu\Debug\libMyLab_lib.a(I2C.o)
 .debug_macro   0x000036db      0x108 C:\Users\vince\Documents\LPCXpresso_5.2.6_2137\ptr\TP2_light_com_etu\Debug\libMyLab_lib.a(lcd.o)
 .debug_macro   0x000037e3       0xc4 C:\Users\vince\Documents\LPCXpresso_5.2.6_2137\ptr\TP2_light_com_etu\Debug\libMyLab_lib.a(lcd.o)
 .debug_macro   0x000038a7       0x90 C:\Users\vince\Documents\LPCXpresso_5.2.6_2137\ptr\TP2_light_com_etu\Debug\libMyLab_lib.a(ssp.o)
 .debug_macro   0x00003937       0x22 C:\Users\vince\Documents\LPCXpresso_5.2.6_2137\ptr\TP2_light_com_etu\Debug\libMyLab_lib.a(ssp.o)
 .debug_macro   0x00003959       0xcf C:\Users\vince\Documents\LPCXpresso_5.2.6_2137\ptr\TP2_light_com_etu\Debug\libMyLab_lib.a(traces.o)
 .debug_macro   0x00003a28       0xa0 C:\Users\vince\Documents\LPCXpresso_5.2.6_2137\ptr\TP2_light_com_etu\Debug\libMyLab_lib.a(uart.o)
 .debug_macro   0x00003ac8       0x16 C:\Users\vince\Documents\LPCXpresso_5.2.6_2137\ptr\TP2_light_com_etu\Debug\libMyLab_lib.a(uart.o)
 .debug_macro   0x00003ade       0x1a C:\Users\vince\Documents\LPCXpresso_5.2.6_2137\ptr\TP2_light_com_etu\Debug\libMyLab_lib.a(fonts.o)
 .debug_macro   0x00003af8      0x12b C:\Users\vince\Documents\LPCXpresso_5.2.6_2137\ptr\CMSISv2p00_LPC17xx\Debug\libCMSISv2p00_LPC17xx.a(system_LPC17xx.o)
 .debug_macro   0x00003c23      0x886 C:\Users\vince\Documents\LPCXpresso_5.2.6_2137\ptr\CMSISv2p00_LPC17xx\Debug\libCMSISv2p00_LPC17xx.a(system_LPC17xx.o)

.debug_line     0x00000000     0x2d42
 .debug_line    0x00000000      0x1da ./src/cr_startup_lpc17.o
 .debug_line    0x000001da      0x2af ./src/debug.o
 .debug_line    0x00000489      0x39a ./src/light_com.o
 .debug_line    0x00000823      0x252 ./FreeRTOS_src/list.o
 .debug_line    0x00000a75      0x72e ./FreeRTOS_src/tasks.o
 .debug_line    0x000011a3      0x29d ./FreeRTOS_portable/port.o
 .debug_line    0x00001440      0x366 ext_color_sensor.o
 .debug_line    0x000017a6      0x358 C:\Users\vince\Documents\LPCXpresso_5.2.6_2137\ptr\TP2_light_com_etu\Debug\libMyLab_lib.a(I2C.o)
 .debug_line    0x00001afe      0x7fc C:\Users\vince\Documents\LPCXpresso_5.2.6_2137\ptr\TP2_light_com_etu\Debug\libMyLab_lib.a(lcd.o)
 .debug_line    0x000022fa      0x24a C:\Users\vince\Documents\LPCXpresso_5.2.6_2137\ptr\TP2_light_com_etu\Debug\libMyLab_lib.a(ssp.o)
 .debug_line    0x00002544      0x2f9 C:\Users\vince\Documents\LPCXpresso_5.2.6_2137\ptr\TP2_light_com_etu\Debug\libMyLab_lib.a(traces.o)
 .debug_line    0x0000283d      0x2b7 C:\Users\vince\Documents\LPCXpresso_5.2.6_2137\ptr\TP2_light_com_etu\Debug\libMyLab_lib.a(uart.o)
 .debug_line    0x00002af4       0x7b C:\Users\vince\Documents\LPCXpresso_5.2.6_2137\ptr\TP2_light_com_etu\Debug\libMyLab_lib.a(fonts.o)
 .debug_line    0x00002b6f      0x1d3 C:\Users\vince\Documents\LPCXpresso_5.2.6_2137\ptr\CMSISv2p00_LPC17xx\Debug\libCMSISv2p00_LPC17xx.a(system_LPC17xx.o)

.debug_str      0x00000000     0xea3b
 .debug_str     0x00000000     0x3d83 ./src/cr_startup_lpc17.o
                               0x3e02 (size before relaxing)
 .debug_str     0x00003d83     0x6da5 ./src/debug.o
                               0xaa41 (size before relaxing)
 .debug_str     0x0000ab28      0xf67 ./src/light_com.o
                               0xb8cd (size before relaxing)
 .debug_str     0x0000ba8f      0x142 ./FreeRTOS_src/list.o
                               0x59fd (size before relaxing)
 .debug_str     0x0000bbd1     0x11c8 ./FreeRTOS_src/tasks.o
                               0x6e7d (size before relaxing)
 .debug_str     0x0000cd99      0x368 ./FreeRTOS_portable/port.o
                               0x5f14 (size before relaxing)
 .debug_str     0x0000d101      0x639 ext_color_sensor.o
                               0x8816 (size before relaxing)
 .debug_str     0x0000d73a      0x2a4 C:\Users\vince\Documents\LPCXpresso_5.2.6_2137\ptr\TP2_light_com_etu\Debug\libMyLab_lib.a(I2C.o)
                               0x8278 (size before relaxing)
 .debug_str     0x0000d9de      0x9a4 C:\Users\vince\Documents\LPCXpresso_5.2.6_2137\ptr\TP2_light_com_etu\Debug\libMyLab_lib.a(lcd.o)
                               0x8ffe (size before relaxing)
 .debug_str     0x0000e382       0xae C:\Users\vince\Documents\LPCXpresso_5.2.6_2137\ptr\TP2_light_com_etu\Debug\libMyLab_lib.a(ssp.o)
                               0x80da (size before relaxing)
 .debug_str     0x0000e430      0x13c C:\Users\vince\Documents\LPCXpresso_5.2.6_2137\ptr\TP2_light_com_etu\Debug\libMyLab_lib.a(traces.o)
                               0x83b3 (size before relaxing)
 .debug_str     0x0000e56c       0xb0 C:\Users\vince\Documents\LPCXpresso_5.2.6_2137\ptr\TP2_light_com_etu\Debug\libMyLab_lib.a(uart.o)
                               0x8474 (size before relaxing)
 .debug_str     0x0000e61c       0x1f C:\Users\vince\Documents\LPCXpresso_5.2.6_2137\ptr\TP2_light_com_etu\Debug\libMyLab_lib.a(fonts.o)
                               0x257f (size before relaxing)
 .debug_str     0x0000e63b      0x400 C:\Users\vince\Documents\LPCXpresso_5.2.6_2137\ptr\CMSISv2p00_LPC17xx\Debug\libCMSISv2p00_LPC17xx.a(system_LPC17xx.o)
                               0x8146 (size before relaxing)

.comment        0x00000000       0xdc
 .comment       0x00000000       0x6e ./src/cr_startup_lpc17.o
                                 0x6f (size before relaxing)
 .comment       0x0000006e       0x6f ./src/debug.o
 .comment       0x0000006e       0x6f ./src/light_com.o
 .comment       0x0000006e       0x6f ./FreeRTOS_src/list.o
 .comment       0x0000006e       0x6f ./FreeRTOS_src/tasks.o
 .comment       0x0000006e       0x6f ./FreeRTOS_portable/port.o
 .comment       0x0000006e       0x6f ext_color_sensor.o
 .comment       0x0000006e       0x6f C:\Users\vince\Documents\LPCXpresso_5.2.6_2137\ptr\TP2_light_com_etu\Debug\libMyLab_lib.a(I2C.o)
 .comment       0x0000006e       0x6f C:\Users\vince\Documents\LPCXpresso_5.2.6_2137\ptr\TP2_light_com_etu\Debug\libMyLab_lib.a(lcd.o)
 .comment       0x0000006e       0x6f C:\Users\vince\Documents\LPCXpresso_5.2.6_2137\ptr\TP2_light_com_etu\Debug\libMyLab_lib.a(ssp.o)
 .comment       0x0000006e       0x6f C:\Users\vince\Documents\LPCXpresso_5.2.6_2137\ptr\TP2_light_com_etu\Debug\libMyLab_lib.a(traces.o)
 .comment       0x0000006e       0x6f C:\Users\vince\Documents\LPCXpresso_5.2.6_2137\ptr\TP2_light_com_etu\Debug\libMyLab_lib.a(uart.o)
 .comment       0x0000006e       0x6f C:\Users\vince\Documents\LPCXpresso_5.2.6_2137\ptr\TP2_light_com_etu\Debug\libMyLab_lib.a(fonts.o)
 .comment       0x0000006e       0x6f C:\Users\vince\Documents\LPCXpresso_5.2.6_2137\ptr\CMSISv2p00_LPC17xx\Debug\libCMSISv2p00_LPC17xx.a(system_LPC17xx.o)
 .comment       0x0000006e       0x6e c:/nxp/lpcxpresso_8.2.2_650/lpcxpresso/tools/bin/../lib/gcc/arm-none-eabi/5.4.1/../../../../arm-none-eabi/lib/armv7-m\libcr_semihost.a(_cr__main.o)
                                 0x6f (size before relaxing)
 .comment       0x000000dc       0x6f c:/nxp/lpcxpresso_8.2.2_650/lpcxpresso/tools/bin/../lib/gcc/arm-none-eabi/5.4.1/../../../../arm-none-eabi/lib/armv7-m\libcr_c.a(memset.o)
 .comment       0x000000dc       0x6f c:/nxp/lpcxpresso_8.2.2_650/lpcxpresso/tools/bin/../lib/gcc/arm-none-eabi/5.4.1/../../../../arm-none-eabi/lib/armv7-m\libcr_c.a(_cr_assert.o)
 .comment       0x000000dc       0x6f c:/nxp/lpcxpresso_8.2.2_650/lpcxpresso/tools/bin/../lib/gcc/arm-none-eabi/5.4.1/../../../../arm-none-eabi/lib/armv7-m\libcr_c.a(_deferredlazyseek.o)
 .comment       0x000000dc       0x6f c:/nxp/lpcxpresso_8.2.2_650/lpcxpresso/tools/bin/../lib/gcc/arm-none-eabi/5.4.1/../../../../arm-none-eabi/lib/armv7-m\libcr_c.a(_fflush.o)
 .comment       0x000000dc       0x6f c:/nxp/lpcxpresso_8.2.2_650/lpcxpresso/tools/bin/../lib/gcc/arm-none-eabi/5.4.1/../../../../arm-none-eabi/lib/armv7-m\libcr_c.a(_writebuf.o)
 .comment       0x000000dc       0x6f c:/nxp/lpcxpresso_8.2.2_650/lpcxpresso/tools/bin/../lib/gcc/arm-none-eabi/5.4.1/../../../../arm-none-eabi/lib/armv7-m\libcr_c.a(alloc.o)
 .comment       0x000000dc       0x6f c:/nxp/lpcxpresso_8.2.2_650/lpcxpresso/tools/bin/../lib/gcc/arm-none-eabi/5.4.1/../../../../arm-none-eabi/lib/armv7-m\libcr_c.a(fclose.o)
 .comment       0x000000dc       0x6f c:/nxp/lpcxpresso_8.2.2_650/lpcxpresso/tools/bin/../lib/gcc/arm-none-eabi/5.4.1/../../../../arm-none-eabi/lib/armv7-m\libcr_c.a(fflush.o)
 .comment       0x000000dc       0x6f c:/nxp/lpcxpresso_8.2.2_650/lpcxpresso/tools/bin/../lib/gcc/arm-none-eabi/5.4.1/../../../../arm-none-eabi/lib/armv7-m\libcr_c.a(fopen.o)
 .comment       0x000000dc       0x6f c:/nxp/lpcxpresso_8.2.2_650/lpcxpresso/tools/bin/../lib/gcc/arm-none-eabi/5.4.1/../../../../arm-none-eabi/lib/armv7-m\libcr_c.a(fpprintf.o)
 .comment       0x000000dc       0x6f c:/nxp/lpcxpresso_8.2.2_650/lpcxpresso/tools/bin/../lib/gcc/arm-none-eabi/5.4.1/../../../../arm-none-eabi/lib/armv7-m\libcr_c.a(fputs.o)
 .comment       0x000000dc       0x6f c:/nxp/lpcxpresso_8.2.2_650/lpcxpresso/tools/bin/../lib/gcc/arm-none-eabi/5.4.1/../../../../arm-none-eabi/lib/armv7-m\libcr_c.a(freopen.o)
 .comment       0x000000dc       0x6f c:/nxp/lpcxpresso_8.2.2_650/lpcxpresso/tools/bin/../lib/gcc/arm-none-eabi/5.4.1/../../../../arm-none-eabi/lib/armv7-m\libcr_c.a(fseek.o)
 .comment       0x000000dc       0x6f c:/nxp/lpcxpresso_8.2.2_650/lpcxpresso/tools/bin/../lib/gcc/arm-none-eabi/5.4.1/../../../../arm-none-eabi/lib/armv7-m\libcr_c.a(ftell.o)
 .comment       0x000000dc       0x6f c:/nxp/lpcxpresso_8.2.2_650/lpcxpresso/tools/bin/../lib/gcc/arm-none-eabi/5.4.1/../../../../arm-none-eabi/lib/armv7-m\libcr_c.a(initio.o)
 .comment       0x000000dc       0x6f c:/nxp/lpcxpresso_8.2.2_650/lpcxpresso/tools/bin/../lib/gcc/arm-none-eabi/5.4.1/../../../../arm-none-eabi/lib/armv7-m\libcr_c.a(printf.o)
 .comment       0x000000dc       0x6f c:/nxp/lpcxpresso_8.2.2_650/lpcxpresso/tools/bin/../lib/gcc/arm-none-eabi/5.4.1/../../../../arm-none-eabi/lib/armv7-m\libcr_c.a(remove.o)
 .comment       0x000000dc       0x6f c:/nxp/lpcxpresso_8.2.2_650/lpcxpresso/tools/bin/../lib/gcc/arm-none-eabi/5.4.1/../../../../arm-none-eabi/lib/armv7-m\libcr_c.a(setvbuf.o)
 .comment       0x000000dc       0x6f c:/nxp/lpcxpresso_8.2.2_650/lpcxpresso/tools/bin/../lib/gcc/arm-none-eabi/5.4.1/../../../../arm-none-eabi/lib/armv7-m\libcr_c.a(stdio.o)
 .comment       0x000000dc       0x6f c:/nxp/lpcxpresso_8.2.2_650/lpcxpresso/tools/bin/../lib/gcc/arm-none-eabi/5.4.1/../../../../arm-none-eabi/lib/armv7-m\libcr_c.a(stdlib.o)
 .comment       0x000000dc       0x6f c:/nxp/lpcxpresso_8.2.2_650/lpcxpresso/tools/bin/../lib/gcc/arm-none-eabi/5.4.1/../../../../arm-none-eabi/lib/armv7-m\libcr_c.a(strlen.o)
 .comment       0x000000dc       0x6f c:/nxp/lpcxpresso_8.2.2_650/lpcxpresso/tools/bin/../lib/gcc/arm-none-eabi/5.4.1/../../../../arm-none-eabi/lib/armv7-m\libcr_c.a(__init_alloc.o)
 .comment       0x000000dc       0x6f c:/nxp/lpcxpresso_8.2.2_650/lpcxpresso/tools/bin/../lib/gcc/arm-none-eabi/5.4.1/../../../../arm-none-eabi/lib/armv7-m\libcr_c.a(_cr_sbrk.o)
 .comment       0x000000dc       0x6f c:/nxp/lpcxpresso_8.2.2_650/lpcxpresso/tools/bin/../lib/gcc/arm-none-eabi/5.4.1/../../../../arm-none-eabi/lib/armv7-m\libcr_c.a(_do_fflush.o)
 .comment       0x000000dc       0x6f c:/nxp/lpcxpresso_8.2.2_650/lpcxpresso/tools/bin/../lib/gcc/arm-none-eabi/5.4.1/../../../../arm-none-eabi/lib/armv7-m\libcr_c.a(_fdopen.o)
 .comment       0x000000dc       0x6f c:/nxp/lpcxpresso_8.2.2_650/lpcxpresso/tools/bin/../lib/gcc/arm-none-eabi/5.4.1/../../../../arm-none-eabi/lib/armv7-m\libcr_c.a(_frexpl.o)
 .comment       0x000000dc       0x6f c:/nxp/lpcxpresso_8.2.2_650/lpcxpresso/tools/bin/../lib/gcc/arm-none-eabi/5.4.1/../../../../arm-none-eabi/lib/armv7-m\libcr_c.a(_hugeval.o)
 .comment       0x000000dc       0x6f c:/nxp/lpcxpresso_8.2.2_650/lpcxpresso/tools/bin/../lib/gcc/arm-none-eabi/5.4.1/../../../../arm-none-eabi/lib/armv7-m\libcr_c.a(_ldexpl.o)
 .comment       0x000000dc       0x6f c:/nxp/lpcxpresso_8.2.2_650/lpcxpresso/tools/bin/../lib/gcc/arm-none-eabi/5.4.1/../../../../arm-none-eabi/lib/armv7-m\libcr_c.a(errno.o)
 .comment       0x000000dc       0x6f c:/nxp/lpcxpresso_8.2.2_650/lpcxpresso/tools/bin/../lib/gcc/arm-none-eabi/5.4.1/../../../../arm-none-eabi/lib/armv7-m\libcr_c.a(_cr_check_heap.o)
 .comment       0x000000dc       0x6f c:/nxp/lpcxpresso_8.2.2_650/lpcxpresso/tools/bin/../lib/gcc/arm-none-eabi/5.4.1/armv7-m\libcr_eabihelpers.a(double.o)

.ARM.attributes
                0x00000000       0x31
 .ARM.attributes
                0x00000000       0x33 ./src/cr_startup_lpc17.o
 .ARM.attributes
                0x00000033       0x33 ./src/debug.o
 .ARM.attributes
                0x00000066       0x33 ./src/light_com.o
 .ARM.attributes
                0x00000099       0x33 ./FreeRTOS_src/list.o
 .ARM.attributes
                0x000000cc       0x33 ./FreeRTOS_src/tasks.o
 .ARM.attributes
                0x000000ff       0x33 ./FreeRTOS_portable/port.o
 .ARM.attributes
                0x00000132       0x33 ext_color_sensor.o
 .ARM.attributes
                0x00000165       0x33 C:\Users\vince\Documents\LPCXpresso_5.2.6_2137\ptr\TP2_light_com_etu\Debug\libMyLab_lib.a(I2C.o)
 .ARM.attributes
                0x00000198       0x33 C:\Users\vince\Documents\LPCXpresso_5.2.6_2137\ptr\TP2_light_com_etu\Debug\libMyLab_lib.a(lcd.o)
 .ARM.attributes
                0x000001cb       0x33 C:\Users\vince\Documents\LPCXpresso_5.2.6_2137\ptr\TP2_light_com_etu\Debug\libMyLab_lib.a(ssp.o)
 .ARM.attributes
                0x000001fe       0x33 C:\Users\vince\Documents\LPCXpresso_5.2.6_2137\ptr\TP2_light_com_etu\Debug\libMyLab_lib.a(traces.o)
 .ARM.attributes
                0x00000231       0x33 C:\Users\vince\Documents\LPCXpresso_5.2.6_2137\ptr\TP2_light_com_etu\Debug\libMyLab_lib.a(uart.o)
 .ARM.attributes
                0x00000264       0x33 C:\Users\vince\Documents\LPCXpresso_5.2.6_2137\ptr\TP2_light_com_etu\Debug\libMyLab_lib.a(fonts.o)
 .ARM.attributes
                0x00000297       0x33 C:\Users\vince\Documents\LPCXpresso_5.2.6_2137\ptr\CMSISv2p00_LPC17xx\Debug\libCMSISv2p00_LPC17xx.a(system_LPC17xx.o)
 .ARM.attributes
                0x000002ca       0x33 c:/nxp/lpcxpresso_8.2.2_650/lpcxpresso/tools/bin/../lib/gcc/arm-none-eabi/5.4.1/../../../../arm-none-eabi/lib/armv7-m\libcr_semihost.a(_cr__main.o)
 .ARM.attributes
                0x000002fd       0x33 c:/nxp/lpcxpresso_8.2.2_650/lpcxpresso/tools/bin/../lib/gcc/arm-none-eabi/5.4.1/../../../../arm-none-eabi/lib/armv7-m\libcr_c.a(memset.o)
 .ARM.attributes
                0x00000330       0x33 c:/nxp/lpcxpresso_8.2.2_650/lpcxpresso/tools/bin/../lib/gcc/arm-none-eabi/5.4.1/../../../../arm-none-eabi/lib/armv7-m\libcr_c.a(_cr_assert.o)
 .ARM.attributes
                0x00000363       0x33 c:/nxp/lpcxpresso_8.2.2_650/lpcxpresso/tools/bin/../lib/gcc/arm-none-eabi/5.4.1/../../../../arm-none-eabi/lib/armv7-m\libcr_c.a(_deferredlazyseek.o)
 .ARM.attributes
                0x00000396       0x33 c:/nxp/lpcxpresso_8.2.2_650/lpcxpresso/tools/bin/../lib/gcc/arm-none-eabi/5.4.1/../../../../arm-none-eabi/lib/armv7-m\libcr_c.a(_fflush.o)
 .ARM.attributes
                0x000003c9       0x33 c:/nxp/lpcxpresso_8.2.2_650/lpcxpresso/tools/bin/../lib/gcc/arm-none-eabi/5.4.1/../../../../arm-none-eabi/lib/armv7-m\libcr_c.a(_writebuf.o)
 .ARM.attributes
                0x000003fc       0x33 c:/nxp/lpcxpresso_8.2.2_650/lpcxpresso/tools/bin/../lib/gcc/arm-none-eabi/5.4.1/../../../../arm-none-eabi/lib/armv7-m\libcr_c.a(alloc.o)
 .ARM.attributes
                0x0000042f       0x33 c:/nxp/lpcxpresso_8.2.2_650/lpcxpresso/tools/bin/../lib/gcc/arm-none-eabi/5.4.1/../../../../arm-none-eabi/lib/armv7-m\libcr_c.a(fclose.o)
 .ARM.attributes
                0x00000462       0x33 c:/nxp/lpcxpresso_8.2.2_650/lpcxpresso/tools/bin/../lib/gcc/arm-none-eabi/5.4.1/../../../../arm-none-eabi/lib/armv7-m\libcr_c.a(fflush.o)
 .ARM.attributes
                0x00000495       0x33 c:/nxp/lpcxpresso_8.2.2_650/lpcxpresso/tools/bin/../lib/gcc/arm-none-eabi/5.4.1/../../../../arm-none-eabi/lib/armv7-m\libcr_c.a(fopen.o)
 .ARM.attributes
                0x000004c8       0x33 c:/nxp/lpcxpresso_8.2.2_650/lpcxpresso/tools/bin/../lib/gcc/arm-none-eabi/5.4.1/../../../../arm-none-eabi/lib/armv7-m\libcr_c.a(fpprintf.o)
 .ARM.attributes
                0x000004fb       0x33 c:/nxp/lpcxpresso_8.2.2_650/lpcxpresso/tools/bin/../lib/gcc/arm-none-eabi/5.4.1/../../../../arm-none-eabi/lib/armv7-m\libcr_c.a(fputs.o)
 .ARM.attributes
                0x0000052e       0x33 c:/nxp/lpcxpresso_8.2.2_650/lpcxpresso/tools/bin/../lib/gcc/arm-none-eabi/5.4.1/../../../../arm-none-eabi/lib/armv7-m\libcr_c.a(freopen.o)
 .ARM.attributes
                0x00000561       0x33 c:/nxp/lpcxpresso_8.2.2_650/lpcxpresso/tools/bin/../lib/gcc/arm-none-eabi/5.4.1/../../../../arm-none-eabi/lib/armv7-m\libcr_c.a(fseek.o)
 .ARM.attributes
                0x00000594       0x33 c:/nxp/lpcxpresso_8.2.2_650/lpcxpresso/tools/bin/../lib/gcc/arm-none-eabi/5.4.1/../../../../arm-none-eabi/lib/armv7-m\libcr_c.a(ftell.o)
 .ARM.attributes
                0x000005c7       0x33 c:/nxp/lpcxpresso_8.2.2_650/lpcxpresso/tools/bin/../lib/gcc/arm-none-eabi/5.4.1/../../../../arm-none-eabi/lib/armv7-m\libcr_c.a(initio.o)
 .ARM.attributes
                0x000005fa       0x33 c:/nxp/lpcxpresso_8.2.2_650/lpcxpresso/tools/bin/../lib/gcc/arm-none-eabi/5.4.1/../../../../arm-none-eabi/lib/armv7-m\libcr_c.a(printf.o)
 .ARM.attributes
                0x0000062d       0x33 c:/nxp/lpcxpresso_8.2.2_650/lpcxpresso/tools/bin/../lib/gcc/arm-none-eabi/5.4.1/../../../../arm-none-eabi/lib/armv7-m\libcr_c.a(remove.o)
 .ARM.attributes
                0x00000660       0x33 c:/nxp/lpcxpresso_8.2.2_650/lpcxpresso/tools/bin/../lib/gcc/arm-none-eabi/5.4.1/../../../../arm-none-eabi/lib/armv7-m\libcr_c.a(setvbuf.o)
 .ARM.attributes
                0x00000693       0x33 c:/nxp/lpcxpresso_8.2.2_650/lpcxpresso/tools/bin/../lib/gcc/arm-none-eabi/5.4.1/../../../../arm-none-eabi/lib/armv7-m\libcr_c.a(stdio.o)
 .ARM.attributes
                0x000006c6       0x33 c:/nxp/lpcxpresso_8.2.2_650/lpcxpresso/tools/bin/../lib/gcc/arm-none-eabi/5.4.1/../../../../arm-none-eabi/lib/armv7-m\libcr_c.a(stdlib.o)
 .ARM.attributes
                0x000006f9       0x33 c:/nxp/lpcxpresso_8.2.2_650/lpcxpresso/tools/bin/../lib/gcc/arm-none-eabi/5.4.1/../../../../arm-none-eabi/lib/armv7-m\libcr_c.a(strlen.o)
 .ARM.attributes
                0x0000072c       0x33 c:/nxp/lpcxpresso_8.2.2_650/lpcxpresso/tools/bin/../lib/gcc/arm-none-eabi/5.4.1/../../../../arm-none-eabi/lib/armv7-m\libcr_c.a(__init_alloc.o)
 .ARM.attributes
                0x0000075f       0x33 c:/nxp/lpcxpresso_8.2.2_650/lpcxpresso/tools/bin/../lib/gcc/arm-none-eabi/5.4.1/../../../../arm-none-eabi/lib/armv7-m\libcr_c.a(_cr_sbrk.o)
 .ARM.attributes
                0x00000792       0x33 c:/nxp/lpcxpresso_8.2.2_650/lpcxpresso/tools/bin/../lib/gcc/arm-none-eabi/5.4.1/../../../../arm-none-eabi/lib/armv7-m\libcr_c.a(_do_fflush.o)
 .ARM.attributes
                0x000007c5       0x33 c:/nxp/lpcxpresso_8.2.2_650/lpcxpresso/tools/bin/../lib/gcc/arm-none-eabi/5.4.1/../../../../arm-none-eabi/lib/armv7-m\libcr_c.a(_fdopen.o)
 .ARM.attributes
                0x000007f8       0x33 c:/nxp/lpcxpresso_8.2.2_650/lpcxpresso/tools/bin/../lib/gcc/arm-none-eabi/5.4.1/../../../../arm-none-eabi/lib/armv7-m\libcr_c.a(_frexpl.o)
 .ARM.attributes
                0x0000082b       0x33 c:/nxp/lpcxpresso_8.2.2_650/lpcxpresso/tools/bin/../lib/gcc/arm-none-eabi/5.4.1/../../../../arm-none-eabi/lib/armv7-m\libcr_c.a(_hugeval.o)
 .ARM.attributes
                0x0000085e       0x33 c:/nxp/lpcxpresso_8.2.2_650/lpcxpresso/tools/bin/../lib/gcc/arm-none-eabi/5.4.1/../../../../arm-none-eabi/lib/armv7-m\libcr_c.a(_ldexpl.o)
 .ARM.attributes
                0x00000891       0x33 c:/nxp/lpcxpresso_8.2.2_650/lpcxpresso/tools/bin/../lib/gcc/arm-none-eabi/5.4.1/../../../../arm-none-eabi/lib/armv7-m\libcr_c.a(errno.o)
 .ARM.attributes
                0x000008c4       0x33 c:/nxp/lpcxpresso_8.2.2_650/lpcxpresso/tools/bin/../lib/gcc/arm-none-eabi/5.4.1/../../../../arm-none-eabi/lib/armv7-m\libcr_c.a(_cr_check_heap.o)
 .ARM.attributes
                0x000008f7       0x33 c:/nxp/lpcxpresso_8.2.2_650/lpcxpresso/tools/bin/../lib/gcc/arm-none-eabi/5.4.1/armv7-m\libcr_eabihelpers.a(double.o)
 .ARM.attributes
                0x0000092a       0x21 c:/nxp/lpcxpresso_8.2.2_650/lpcxpresso/tools/bin/../lib/gcc/arm-none-eabi/5.4.1/armv7-m\libcr_eabihelpers.a(memcpy.o)
 .ARM.attributes
                0x0000094b       0x21 c:/nxp/lpcxpresso_8.2.2_650/lpcxpresso/tools/bin/../lib/gcc/arm-none-eabi/5.4.1/../../../../arm-none-eabi/lib/armv7-m\libcr_semihost.a(__sys_appexit.o)
 .ARM.attributes
                0x0000096c       0x21 c:/nxp/lpcxpresso_8.2.2_650/lpcxpresso/tools/bin/../lib/gcc/arm-none-eabi/5.4.1/../../../../arm-none-eabi/lib/armv7-m\libcr_semihost.a(__sys_close.o)
 .ARM.attributes
                0x0000098d       0x21 c:/nxp/lpcxpresso_8.2.2_650/lpcxpresso/tools/bin/../lib/gcc/arm-none-eabi/5.4.1/../../../../arm-none-eabi/lib/armv7-m\libcr_semihost.a(__sys_flen.o)
 .ARM.attributes
                0x000009ae       0x21 c:/nxp/lpcxpresso_8.2.2_650/lpcxpresso/tools/bin/../lib/gcc/arm-none-eabi/5.4.1/../../../../arm-none-eabi/lib/armv7-m\libcr_semihost.a(__sys_istty.o)
 .ARM.attributes
                0x000009cf       0x21 c:/nxp/lpcxpresso_8.2.2_650/lpcxpresso/tools/bin/../lib/gcc/arm-none-eabi/5.4.1/../../../../arm-none-eabi/lib/armv7-m\libcr_semihost.a(__sys_open.o)
 .ARM.attributes
                0x000009f0       0x21 c:/nxp/lpcxpresso_8.2.2_650/lpcxpresso/tools/bin/../lib/gcc/arm-none-eabi/5.4.1/../../../../arm-none-eabi/lib/armv7-m\libcr_semihost.a(__sys_remove.o)
 .ARM.attributes
                0x00000a11       0x21 c:/nxp/lpcxpresso_8.2.2_650/lpcxpresso/tools/bin/../lib/gcc/arm-none-eabi/5.4.1/../../../../arm-none-eabi/lib/armv7-m\libcr_semihost.a(__sys_seek.o)
 .ARM.attributes
                0x00000a32       0x21 c:/nxp/lpcxpresso_8.2.2_650/lpcxpresso/tools/bin/../lib/gcc/arm-none-eabi/5.4.1/../../../../arm-none-eabi/lib/armv7-m\libcr_semihost.a(__sys_tmpnam.o)
 .ARM.attributes
                0x00000a53       0x21 c:/nxp/lpcxpresso_8.2.2_650/lpcxpresso/tools/bin/../lib/gcc/arm-none-eabi/5.4.1/../../../../arm-none-eabi/lib/armv7-m\libcr_semihost.a(__sys_write.o)

.debug_frame    0x00000000     0x1240
 .debug_frame   0x00000000      0x128 ./src/cr_startup_lpc17.o
 .debug_frame   0x00000128       0x34 ./src/debug.o
 .debug_frame   0x0000015c       0x80 ./src/light_com.o
 .debug_frame   0x000001dc       0xd8 ./FreeRTOS_src/list.o
 .debug_frame   0x000002b4      0x4b4 ./FreeRTOS_src/tasks.o
 .debug_frame   0x00000768      0x148 ./FreeRTOS_portable/port.o
 .debug_frame   0x000008b0      0x174 ext_color_sensor.o
 .debug_frame   0x00000a24       0xf8 C:\Users\vince\Documents\LPCXpresso_5.2.6_2137\ptr\TP2_light_com_etu\Debug\libMyLab_lib.a(I2C.o)
 .debug_frame   0x00000b1c      0x48c C:\Users\vince\Documents\LPCXpresso_5.2.6_2137\ptr\TP2_light_com_etu\Debug\libMyLab_lib.a(lcd.o)
 .debug_frame   0x00000fa8       0x88 C:\Users\vince\Documents\LPCXpresso_5.2.6_2137\ptr\TP2_light_com_etu\Debug\libMyLab_lib.a(ssp.o)
 .debug_frame   0x00001030       0xcc C:\Users\vince\Documents\LPCXpresso_5.2.6_2137\ptr\TP2_light_com_etu\Debug\libMyLab_lib.a(traces.o)
 .debug_frame   0x000010fc      0x108 C:\Users\vince\Documents\LPCXpresso_5.2.6_2137\ptr\TP2_light_com_etu\Debug\libMyLab_lib.a(uart.o)
 .debug_frame   0x00001204       0x3c C:\Users\vince\Documents\LPCXpresso_5.2.6_2137\ptr\CMSISv2p00_LPC17xx\Debug\libCMSISv2p00_LPC17xx.a(system_LPC17xx.o)
