20:55:12 **** Clean-only build of configuration Debug for project CMSISv2p00_LPC17xx ****
make -r clean 
rm -rf  ./src/core_cm3.o ./src/system_LPC17xx.o  ./src/core_cm3.d ./src/system_LPC17xx.d  libCMSISv2p00_LPC17xx.a
 
20:55:13 **** Build of configuration Debug for project CMSISv2p00_LPC17xx ****
make -r all 
Building file: ../src/core_cm3.c
Invoking: MCU C Compiler
arm-none-eabi-gcc -D__REDLIB__ -DDEBUG -D__CODE_RED -I../inc -O0 -Os -g3 -Wall -c -fmessage-length=0 -fno-builtin -ffunction-sections -fdata-sections -mcpu=cortex-m3 -mthumb -D__REDLIB__ -specs=redlib.specs -MMD -MP -MF"src/core_cm3.d" -MT"src/core_cm3.o" -MT"src/core_cm3.d" -o "src/core_cm3.o" "../src/core_cm3.c"
Finished building: ../src/core_cm3.c
 
Building file: ../src/system_LPC17xx.c
Invoking: MCU C Compiler
arm-none-eabi-gcc -D__REDLIB__ -DDEBUG -D__CODE_RED -I../inc -O0 -Os -g3 -Wall -c -fmessage-length=0 -fno-builtin -ffunction-sections -fdata-sections -mcpu=cortex-m3 -mthumb -D__REDLIB__ -specs=redlib.specs -MMD -MP -MF"src/system_LPC17xx.d" -MT"src/system_LPC17xx.o" -MT"src/system_LPC17xx.d" -o "src/system_LPC17xx.o" "../src/system_LPC17xx.c"
Finished building: ../src/system_LPC17xx.c
 
Building target: libCMSISv2p00_LPC17xx.a
Invoking: MCU Archiver
arm-none-eabi-ar -r  "libCMSISv2p00_LPC17xx.a"  ./src/core_cm3.o ./src/system_LPC17xx.o   
arm-none-eabi-ar: creating libCMSISv2p00_LPC17xx.a
Finished building target: libCMSISv2p00_LPC17xx.a
 
make --no-print-directory post-build
Performing post-build steps
arm-none-eabi-size libCMSISv2p00_LPC17xx.a ; # arm-none-eabi-objdump -h -S libCMSISv2p00_LPC17xx.a >libCMSISv2p00_LPC17xx.lss
   text	   data	    bss	    dec	    hex	filename
      0	      0	      0	      0	      0	core_cm3.o (ex libCMSISv2p00_LPC17xx.a)
    408	      4	      0	    412	    19c	system_LPC17xx.o (ex libCMSISv2p00_LPC17xx.a)
 
20:55:14 **** Clean-only build of configuration Debug for project TP2_light_Tx_etu ****
make -r clean 
rm -rf  ./src/cr_startup_lpc175x_6x.o ./src/crp.o ./src/light_com_tx.o  ./src/cr_startup_lpc175x_6x.d ./src/crp.d ./src/light_com_tx.d  TP2_light_Tx_etu.axf
 
20:55:15 **** Build of configuration Debug for project TP2_light_Tx_etu ****
make -r all 
Building file: ../src/cr_startup_lpc175x_6x.c
Invoking: MCU C Compiler
arm-none-eabi-gcc -D__REDLIB__ -DDEBUG -D__CODE_RED -DCORE_M3 -D__USE_CMSIS=CMSISv2p00_LPC17xx -D__LPC17XX__ -I"/home/claudio/.lpcworkspace5/CMSISv2p00_LPC17xx/inc" -Os -g3 -Wall -c -fmessage-length=0 -fno-builtin -ffunction-sections -fdata-sections -mcpu=cortex-m3 -mthumb -D__REDLIB__ -specs=redlib.specs -MMD -MP -MF"src/cr_startup_lpc175x_6x.d" -MT"src/cr_startup_lpc175x_6x.d" -o "src/cr_startup_lpc175x_6x.o" "../src/cr_startup_lpc175x_6x.c"
Finished building: ../src/cr_startup_lpc175x_6x.c
 
Building file: ../src/crp.c
Invoking: MCU C Compiler
arm-none-eabi-gcc -D__REDLIB__ -DDEBUG -D__CODE_RED -DCORE_M3 -D__USE_CMSIS=CMSISv2p00_LPC17xx -D__LPC17XX__ -I"/home/claudio/.lpcworkspace5/CMSISv2p00_LPC17xx/inc" -O0 -g3 -Wall -c -fmessage-length=0 -fno-builtin -ffunction-sections -fdata-sections -mcpu=cortex-m3 -mthumb -D__REDLIB__ -specs=redlib.specs -MMD -MP -MF"src/crp.d" -MT"src/crp.o" -MT"src/crp.d" -o "src/crp.o" "../src/crp.c"
Finished building: ../src/crp.c
 
Building file: ../src/light_com_tx.c
Invoking: MCU C Compiler
arm-none-eabi-gcc -D__REDLIB__ -DDEBUG -D__CODE_RED -DCORE_M3 -D__USE_CMSIS=CMSISv2p00_LPC17xx -D__LPC17XX__ -I"/home/claudio/.lpcworkspace5/CMSISv2p00_LPC17xx/inc" -O0 -g3 -Wall -c -fmessage-length=0 -fno-builtin -ffunction-sections -fdata-sections -mcpu=cortex-m3 -mthumb -D__REDLIB__ -specs=redlib.specs -MMD -MP -MF"src/light_com_tx.d" -MT"src/light_com_tx.o" -MT"src/light_com_tx.d" -o "src/light_com_tx.o" "../src/light_com_tx.c"
../src/light_com_tx.c: In function 'main':
../src/light_com_tx.c:38:28: warning: variable 'cheksum' set but not used [-Wunused-but-set-variable]
  char *str="PTR is funny", cheksum;
                            ^
Finished building: ../src/light_com_tx.c
 
Building target: TP2_light_Tx_etu.axf
Invoking: MCU Linker
arm-none-eabi-gcc -nostdlib -L"/home/claudio/.lpcworkspace5/TP2_light_Tx_etu/Debug" -L"/home/claudio/.lpcworkspace5/CMSISv2p00_LPC17xx/Debug" -Xlinker -Map="TP2_light_Tx_etu.map" -Xlinker --gc-sections -mcpu=cortex-m3 -mthumb -T "Gx_TP2_emetteur_lumineux_Debug.ld" -o "TP2_light_Tx_etu.axf"  ./src/cr_startup_lpc175x_6x.o ./src/crp.o ./src/light_com_tx.o   -lCMSISv2p00_LPC17xx -lMyLab_lib
Finished building target: TP2_light_Tx_etu.axf
 
make --no-print-directory post-build
Performing post-build steps
arm-none-eabi-size "TP2_light_Tx_etu.axf"; # arm-none-eabi-objcopy -O binary "TP2_light_Tx_etu.axf" "TP2_light_Tx_etu.bin" ; checksum -p LPC1769 -d "TP2_light_Tx_etu.bin";
   text	   data	    bss	    dec	    hex	filename
   3656	      0	    480	   4136	   1028	TP2_light_Tx_etu.axf
 
20:55:16 **** Clean-only build of configuration Debug for project TP2_light_com_etu ****
make -r clean 
rm -rf  ./src/cr_startup_lpc17.o ./src/debug.o ./src/light_com.o  ./FreeRTOS_src/croutine.o ./FreeRTOS_src/list.o ./FreeRTOS_src/queue.o ./FreeRTOS_src/tasks.o ./FreeRTOS_src/timers.o  ./FreeRTOS_portable/MemMang/heap_2.o  ./FreeRTOS_portable/port.o  ./src/cr_startup_lpc17.d ./src/debug.d ./src/light_com.d  ./FreeRTOS_src/croutine.d ./FreeRTOS_src/list.d ./FreeRTOS_src/queue.d ./FreeRTOS_src/tasks.d ./FreeRTOS_src/timers.d  ./FreeRTOS_portable/MemMang/heap_2.d  ./FreeRTOS_portable/port.d  TP2_light_com_etu.axf
 
20:55:17 **** Build of configuration Debug for project TP2_light_com_etu ****
make -r all 
Building file: ../src/cr_startup_lpc17.c
Invoking: MCU C Compiler
arm-none-eabi-gcc -D__REDLIB__ -D__USE_CMSIS=CMSISv2p00_LPC17xx -DDEBUG -D__CODE_RED -DPACK_STRUCT_END=__attribute\(\(packed\)\) -DGCC_ARMCM3 -I../src -I"/home/claudio/.lpcworkspace5/CMSISv2p00_LPC17xx/inc" -I../FreeRTOS_include -I../FreeRTOS_portable -O0 -g3 -Wall -c -fmessage-length=0 -fno-builtin -ffunction-sections -fdata-sections -mcpu=cortex-m3 -mthumb -D__REDLIB__ -specs=redlib.specs -MMD -MP -MF"src/cr_startup_lpc17.d" -MT"src/cr_startup_lpc17.o" -MT"src/cr_startup_lpc17.d" -o "src/cr_startup_lpc17.o" "../src/cr_startup_lpc17.c"
Finished building: ../src/cr_startup_lpc17.c
 
Building file: ../src/debug.c
Invoking: MCU C Compiler
arm-none-eabi-gcc -D__REDLIB__ -D__USE_CMSIS=CMSISv2p00_LPC17xx -DDEBUG -D__CODE_RED -DPACK_STRUCT_END=__attribute\(\(packed\)\) -DGCC_ARMCM3 -I../src -I"/home/claudio/.lpcworkspace5/CMSISv2p00_LPC17xx/inc" -I../FreeRTOS_include -I../FreeRTOS_portable -O0 -g3 -Wall -c -fmessage-length=0 -fno-builtin -ffunction-sections -fdata-sections -mcpu=cortex-m3 -mthumb -D__REDLIB__ -specs=redlib.specs -MMD -MP -MF"src/debug.d" -MT"src/debug.o" -MT"src/debug.d" -o "src/debug.o" "../src/debug.c"
Finished building: ../src/debug.c
 
Building file: ../src/light_com.c
Invoking: MCU C Compiler
arm-none-eabi-gcc -D__REDLIB__ -D__USE_CMSIS=CMSISv2p00_LPC17xx -DDEBUG -D__CODE_RED -DPACK_STRUCT_END=__attribute\(\(packed\)\) -DGCC_ARMCM3 -I../src -I"/home/claudio/.lpcworkspace5/CMSISv2p00_LPC17xx/inc" -I../FreeRTOS_include -I../FreeRTOS_portable -O0 -g3 -Wall -c -fmessage-length=0 -fno-builtin -ffunction-sections -fdata-sections -mcpu=cortex-m3 -mthumb -D__REDLIB__ -specs=redlib.specs -MMD -MP -MF"src/light_com.d" -MT"src/light_com.o" -MT"src/light_com.d" -o "src/light_com.o" "../src/light_com.c"
Finished building: ../src/light_com.c
 
Building file: ../FreeRTOS_src/croutine.c
Invoking: MCU C Compiler
arm-none-eabi-gcc -D__REDLIB__ -D__USE_CMSIS=CMSISv2p00_LPC17xx -DDEBUG -D__CODE_RED -DPACK_STRUCT_END=__attribute\(\(packed\)\) -DGCC_ARMCM3 -I../src -I"/home/claudio/.lpcworkspace5/CMSISv2p00_LPC17xx/inc" -I../FreeRTOS_include -I../FreeRTOS_portable -O0 -g3 -Wall -c -fmessage-length=0 -fno-builtin -ffunction-sections -fdata-sections -mcpu=cortex-m3 -mthumb -D__REDLIB__ -specs=redlib.specs -MMD -MP -MF"FreeRTOS_src/croutine.d" -MT"FreeRTOS_src/croutine.o" -MT"FreeRTOS_src/croutine.d" -o "FreeRTOS_src/croutine.o" "../FreeRTOS_src/croutine.c"
Finished building: ../FreeRTOS_src/croutine.c
 
Building file: ../FreeRTOS_src/list.c
Invoking: MCU C Compiler
arm-none-eabi-gcc -D__REDLIB__ -D__USE_CMSIS=CMSISv2p00_LPC17xx -DDEBUG -D__CODE_RED -DPACK_STRUCT_END=__attribute\(\(packed\)\) -DGCC_ARMCM3 -I../src -I"/home/claudio/.lpcworkspace5/CMSISv2p00_LPC17xx/inc" -I../FreeRTOS_include -I../FreeRTOS_portable -O0 -g3 -Wall -c -fmessage-length=0 -fno-builtin -ffunction-sections -fdata-sections -mcpu=cortex-m3 -mthumb -D__REDLIB__ -specs=redlib.specs -MMD -MP -MF"FreeRTOS_src/list.d" -MT"FreeRTOS_src/list.o" -MT"FreeRTOS_src/list.d" -o "FreeRTOS_src/list.o" "../FreeRTOS_src/list.c"
Finished building: ../FreeRTOS_src/list.c
 
Building file: ../FreeRTOS_src/queue.c
Invoking: MCU C Compiler
arm-none-eabi-gcc -D__REDLIB__ -D__USE_CMSIS=CMSISv2p00_LPC17xx -DDEBUG -D__CODE_RED -DPACK_STRUCT_END=__attribute\(\(packed\)\) -DGCC_ARMCM3 -I../src -I"/home/claudio/.lpcworkspace5/CMSISv2p00_LPC17xx/inc" -I../FreeRTOS_include -I../FreeRTOS_portable -O0 -g3 -Wall -c -fmessage-length=0 -fno-builtin -ffunction-sections -fdata-sections -mcpu=cortex-m3 -mthumb -D__REDLIB__ -specs=redlib.specs -MMD -MP -MF"FreeRTOS_src/queue.d" -MT"FreeRTOS_src/queue.o" -MT"FreeRTOS_src/queue.d" -o "FreeRTOS_src/queue.o" "../FreeRTOS_src/queue.c"
Finished building: ../FreeRTOS_src/queue.c
 
Building file: ../FreeRTOS_src/tasks.c
Invoking: MCU C Compiler
arm-none-eabi-gcc -D__REDLIB__ -D__USE_CMSIS=CMSISv2p00_LPC17xx -DDEBUG -D__CODE_RED -DPACK_STRUCT_END=__attribute\(\(packed\)\) -DGCC_ARMCM3 -I../src -I"/home/claudio/.lpcworkspace5/CMSISv2p00_LPC17xx/inc" -I../FreeRTOS_include -I../FreeRTOS_portable -O0 -g3 -Wall -c -fmessage-length=0 -fno-builtin -ffunction-sections -fdata-sections -mcpu=cortex-m3 -mthumb -D__REDLIB__ -specs=redlib.specs -MMD -MP -MF"FreeRTOS_src/tasks.d" -MT"FreeRTOS_src/tasks.o" -MT"FreeRTOS_src/tasks.d" -o "FreeRTOS_src/tasks.o" "../FreeRTOS_src/tasks.c"
Finished building: ../FreeRTOS_src/tasks.c
 
Building file: ../FreeRTOS_src/timers.c
Invoking: MCU C Compiler
arm-none-eabi-gcc -D__REDLIB__ -D__USE_CMSIS=CMSISv2p00_LPC17xx -DDEBUG -D__CODE_RED -DPACK_STRUCT_END=__attribute\(\(packed\)\) -DGCC_ARMCM3 -I../src -I"/home/claudio/.lpcworkspace5/CMSISv2p00_LPC17xx/inc" -I../FreeRTOS_include -I../FreeRTOS_portable -O0 -g3 -Wall -c -fmessage-length=0 -fno-builtin -ffunction-sections -fdata-sections -mcpu=cortex-m3 -mthumb -D__REDLIB__ -specs=redlib.specs -MMD -MP -MF"FreeRTOS_src/timers.d" -MT"FreeRTOS_src/timers.o" -MT"FreeRTOS_src/timers.d" -o "FreeRTOS_src/timers.o" "../FreeRTOS_src/timers.c"
Finished building: ../FreeRTOS_src/timers.c
 
Building file: ../FreeRTOS_portable/MemMang/heap_2.c
Invoking: MCU C Compiler
arm-none-eabi-gcc -D__REDLIB__ -D__USE_CMSIS=CMSISv2p00_LPC17xx -DDEBUG -D__CODE_RED -DPACK_STRUCT_END=__attribute\(\(packed\)\) -DGCC_ARMCM3 -I../src -I"/home/claudio/.lpcworkspace5/CMSISv2p00_LPC17xx/inc" -I../FreeRTOS_include -I../FreeRTOS_portable -O0 -g3 -Wall -c -fmessage-length=0 -fno-builtin -ffunction-sections -fdata-sections -mcpu=cortex-m3 -mthumb -D__REDLIB__ -specs=redlib.specs -MMD -MP -MF"FreeRTOS_portable/MemMang/heap_2.d" -MT"FreeRTOS_portable/MemMang/heap_2.o" -MT"FreeRTOS_portable/MemMang/heap_2.d" -o "FreeRTOS_portable/MemMang/heap_2.o" "../FreeRTOS_portable/MemMang/heap_2.c"
Finished building: ../FreeRTOS_portable/MemMang/heap_2.c
 
Building file: ../FreeRTOS_portable/port.c
Invoking: MCU C Compiler
arm-none-eabi-gcc -D__REDLIB__ -D__USE_CMSIS=CMSISv2p00_LPC17xx -DDEBUG -D__CODE_RED -DPACK_STRUCT_END=__attribute\(\(packed\)\) -DGCC_ARMCM3 -I../src -I"/home/claudio/.lpcworkspace5/CMSISv2p00_LPC17xx/inc" -I../FreeRTOS_include -I../FreeRTOS_portable -O0 -g3 -Wall -c -fmessage-length=0 -fno-builtin -ffunction-sections -fdata-sections -mcpu=cortex-m3 -mthumb -D__REDLIB__ -specs=redlib.specs -MMD -MP -MF"FreeRTOS_portable/port.d" -MT"FreeRTOS_portable/port.o" -MT"FreeRTOS_portable/port.d" -o "FreeRTOS_portable/port.o" "../FreeRTOS_portable/port.c"
Finished building: ../FreeRTOS_portable/port.c
 
Building target: TP2_light_com_etu.axf
Invoking: MCU Linker
arm-none-eabi-gcc -nostdlib -L"/home/claudio/.lpcworkspace5/TP2_light_com_etu/Debug" -L"/home/claudio/.lpcworkspace5/CMSISv2p00_LPC17xx/Debug" -Xlinker -Map="TP2_light_com_etu.map" -Xlinker --defsym=__user_heap_base=__end_bss_RAM2 -Xlinker --gc-sections -mcpu=cortex-m3 -mthumb -T "TP2_recepteur_son_Debug.ld" -o "TP2_light_com_etu.axf"  ./src/cr_startup_lpc17.o ./src/debug.o ./src/light_com.o  ./FreeRTOS_src/croutine.o ./FreeRTOS_src/list.o ./FreeRTOS_src/queue.o ./FreeRTOS_src/tasks.o ./FreeRTOS_src/timers.o  ./FreeRTOS_portable/MemMang/heap_2.o  ./FreeRTOS_portable/port.o  ext_color_sensor.o -lMyLab_lib -lCMSISv2p00_LPC17xx
Finished building target: TP2_light_com_etu.axf
 
make --no-print-directory post-build
Performing post-build steps
arm-none-eabi-size "TP2_light_com_etu.axf"; # arm-none-eabi-objcopy -O binary "TP2_light_com_etu.axf" "TP2_light_com_etu.bin" ; checksum -p LPC1769 -d "TP2_light_com_etu.bin";
   text	   data	    bss	    dec	    hex	filename
  23576	     28	  15024	  38628	   96e4	TP2_light_com_etu.axf
 
