20:55:17 **** Build of configuration Debug for project TP2_light_com_etu ****
make -r all 
Building file: ../src/cr_startup_lpc17.c
Invoking: MCU C Compiler
arm-none-eabi-gcc -D__REDLIB__ -D__USE_CMSIS=CMSISv2p00_LPC17xx -DDEBUG -D__CODE_RED -DPACK_STRUCT_END=__attribute\(\(packed\)\) -DGCC_ARMCM3 -I../src -I"/home/claudio/.lpcworkspace5/CMSISv2p00_LPC17xx/inc" -I../FreeRTOS_include -I../FreeRTOS_portable -O0 -g3 -Wall -c -fmessage-length=0 -fno-builtin -ffunction-sections -fdata-sections -mcpu=cortex-m3 -mthumb -D__REDLIB__ -specs=redlib.specs -MMD -MP -MF"src/cr_startup_lpc17.d" -MT"src/cr_startup_lpc17.o" -MT"src/cr_startup_lpc17.d" -o "src/cr_startup_lpc17.o" "../src/cr_startup_lpc17.c"
Finished building: ../src/cr_startup_lpc17.c
 
Building file: ../src/debug.c
Invoking: MCU C Compiler
arm-none-eabi-gcc -D__REDLIB__ -D__USE_CMSIS=CMSISv2p00_LPC17xx -DDEBUG -D__CODE_RED -DPACK_STRUCT_END=__attribute\(\(packed\)\) -DGCC_ARMCM3 -I../src -I"/home/claudio/.lpcworkspace5/CMSISv2p00_LPC17xx/inc" -I../FreeRTOS_include -I../FreeRTOS_portable -O0 -g3 -Wall -c -fmessage-length=0 -fno-builtin -ffunction-sections -fdata-sections -mcpu=cortex-m3 -mthumb -D__REDLIB__ -specs=redlib.specs -MMD -MP -MF"src/debug.d" -MT"src/debug.o" -MT"src/debug.d" -o "src/debug.o" "../src/debug.c"
Finished building: ../src/debug.c
 
Building file: ../src/light_com.c
Invoking: MCU C Compiler
arm-none-eabi-gcc -D__REDLIB__ -D__USE_CMSIS=CMSISv2p00_LPC17xx -DDEBUG -D__CODE_RED -DPACK_STRUCT_END=__attribute\(\(packed\)\) -DGCC_ARMCM3 -I../src -I"/home/claudio/.lpcworkspace5/CMSISv2p00_LPC17xx/inc" -I../FreeRTOS_include -I../FreeRTOS_portable -O0 -g3 -Wall -c -fmessage-length=0 -fno-builtin -ffunction-sections -fdata-sections -mcpu=cortex-m3 -mthumb -D__REDLIB__ -specs=redlib.specs -MMD -MP -MF"src/light_com.d" -MT"src/light_com.o" -MT"src/light_com.d" -o "src/light_com.o" "../src/light_com.c"
Finished building: ../src/light_com.c
 
Building file: ../FreeRTOS_src/croutine.c
Invoking: MCU C Compiler
arm-none-eabi-gcc -D__REDLIB__ -D__USE_CMSIS=CMSISv2p00_LPC17xx -DDEBUG -D__CODE_RED -DPACK_STRUCT_END=__attribute\(\(packed\)\) -DGCC_ARMCM3 -I../src -I"/home/claudio/.lpcworkspace5/CMSISv2p00_LPC17xx/inc" -I../FreeRTOS_include -I../FreeRTOS_portable -O0 -g3 -Wall -c -fmessage-length=0 -fno-builtin -ffunction-sections -fdata-sections -mcpu=cortex-m3 -mthumb -D__REDLIB__ -specs=redlib.specs -MMD -MP -MF"FreeRTOS_src/croutine.d" -MT"FreeRTOS_src/croutine.o" -MT"FreeRTOS_src/croutine.d" -o "FreeRTOS_src/croutine.o" "../FreeRTOS_src/croutine.c"
Finished building: ../FreeRTOS_src/croutine.c
 
Building file: ../FreeRTOS_src/list.c
Invoking: MCU C Compiler
arm-none-eabi-gcc -D__REDLIB__ -D__USE_CMSIS=CMSISv2p00_LPC17xx -DDEBUG -D__CODE_RED -DPACK_STRUCT_END=__attribute\(\(packed\)\) -DGCC_ARMCM3 -I../src -I"/home/claudio/.lpcworkspace5/CMSISv2p00_LPC17xx/inc" -I../FreeRTOS_include -I../FreeRTOS_portable -O0 -g3 -Wall -c -fmessage-length=0 -fno-builtin -ffunction-sections -fdata-sections -mcpu=cortex-m3 -mthumb -D__REDLIB__ -specs=redlib.specs -MMD -MP -MF"FreeRTOS_src/list.d" -MT"FreeRTOS_src/list.o" -MT"FreeRTOS_src/list.d" -o "FreeRTOS_src/list.o" "../FreeRTOS_src/list.c"
Finished building: ../FreeRTOS_src/list.c
 
Building file: ../FreeRTOS_src/queue.c
Invoking: MCU C Compiler
arm-none-eabi-gcc -D__REDLIB__ -D__USE_CMSIS=CMSISv2p00_LPC17xx -DDEBUG -D__CODE_RED -DPACK_STRUCT_END=__attribute\(\(packed\)\) -DGCC_ARMCM3 -I../src -I"/home/claudio/.lpcworkspace5/CMSISv2p00_LPC17xx/inc" -I../FreeRTOS_include -I../FreeRTOS_portable -O0 -g3 -Wall -c -fmessage-length=0 -fno-builtin -ffunction-sections -fdata-sections -mcpu=cortex-m3 -mthumb -D__REDLIB__ -specs=redlib.specs -MMD -MP -MF"FreeRTOS_src/queue.d" -MT"FreeRTOS_src/queue.o" -MT"FreeRTOS_src/queue.d" -o "FreeRTOS_src/queue.o" "../FreeRTOS_src/queue.c"
Finished building: ../FreeRTOS_src/queue.c
 
Building file: ../FreeRTOS_src/tasks.c
Invoking: MCU C Compiler
arm-none-eabi-gcc -D__REDLIB__ -D__USE_CMSIS=CMSISv2p00_LPC17xx -DDEBUG -D__CODE_RED -DPACK_STRUCT_END=__attribute\(\(packed\)\) -DGCC_ARMCM3 -I../src -I"/home/claudio/.lpcworkspace5/CMSISv2p00_LPC17xx/inc" -I../FreeRTOS_include -I../FreeRTOS_portable -O0 -g3 -Wall -c -fmessage-length=0 -fno-builtin -ffunction-sections -fdata-sections -mcpu=cortex-m3 -mthumb -D__REDLIB__ -specs=redlib.specs -MMD -MP -MF"FreeRTOS_src/tasks.d" -MT"FreeRTOS_src/tasks.o" -MT"FreeRTOS_src/tasks.d" -o "FreeRTOS_src/tasks.o" "../FreeRTOS_src/tasks.c"
Finished building: ../FreeRTOS_src/tasks.c
 
Building file: ../FreeRTOS_src/timers.c
Invoking: MCU C Compiler
arm-none-eabi-gcc -D__REDLIB__ -D__USE_CMSIS=CMSISv2p00_LPC17xx -DDEBUG -D__CODE_RED -DPACK_STRUCT_END=__attribute\(\(packed\)\) -DGCC_ARMCM3 -I../src -I"/home/claudio/.lpcworkspace5/CMSISv2p00_LPC17xx/inc" -I../FreeRTOS_include -I../FreeRTOS_portable -O0 -g3 -Wall -c -fmessage-length=0 -fno-builtin -ffunction-sections -fdata-sections -mcpu=cortex-m3 -mthumb -D__REDLIB__ -specs=redlib.specs -MMD -MP -MF"FreeRTOS_src/timers.d" -MT"FreeRTOS_src/timers.o" -MT"FreeRTOS_src/timers.d" -o "FreeRTOS_src/timers.o" "../FreeRTOS_src/timers.c"
Finished building: ../FreeRTOS_src/timers.c
 
Building file: ../FreeRTOS_portable/MemMang/heap_2.c
Invoking: MCU C Compiler
arm-none-eabi-gcc -D__REDLIB__ -D__USE_CMSIS=CMSISv2p00_LPC17xx -DDEBUG -D__CODE_RED -DPACK_STRUCT_END=__attribute\(\(packed\)\) -DGCC_ARMCM3 -I../src -I"/home/claudio/.lpcworkspace5/CMSISv2p00_LPC17xx/inc" -I../FreeRTOS_include -I../FreeRTOS_portable -O0 -g3 -Wall -c -fmessage-length=0 -fno-builtin -ffunction-sections -fdata-sections -mcpu=cortex-m3 -mthumb -D__REDLIB__ -specs=redlib.specs -MMD -MP -MF"FreeRTOS_portable/MemMang/heap_2.d" -MT"FreeRTOS_portable/MemMang/heap_2.o" -MT"FreeRTOS_portable/MemMang/heap_2.d" -o "FreeRTOS_portable/MemMang/heap_2.o" "../FreeRTOS_portable/MemMang/heap_2.c"
Finished building: ../FreeRTOS_portable/MemMang/heap_2.c
 
Building file: ../FreeRTOS_portable/port.c
Invoking: MCU C Compiler
arm-none-eabi-gcc -D__REDLIB__ -D__USE_CMSIS=CMSISv2p00_LPC17xx -DDEBUG -D__CODE_RED -DPACK_STRUCT_END=__attribute\(\(packed\)\) -DGCC_ARMCM3 -I../src -I"/home/claudio/.lpcworkspace5/CMSISv2p00_LPC17xx/inc" -I../FreeRTOS_include -I../FreeRTOS_portable -O0 -g3 -Wall -c -fmessage-length=0 -fno-builtin -ffunction-sections -fdata-sections -mcpu=cortex-m3 -mthumb -D__REDLIB__ -specs=redlib.specs -MMD -MP -MF"FreeRTOS_portable/port.d" -MT"FreeRTOS_portable/port.o" -MT"FreeRTOS_portable/port.d" -o "FreeRTOS_portable/port.o" "../FreeRTOS_portable/port.c"
Finished building: ../FreeRTOS_portable/port.c
 
Building target: TP2_light_com_etu.axf
Invoking: MCU Linker
arm-none-eabi-gcc -nostdlib -L"/home/claudio/.lpcworkspace5/TP2_light_com_etu/Debug" -L"/home/claudio/.lpcworkspace5/CMSISv2p00_LPC17xx/Debug" -Xlinker -Map="TP2_light_com_etu.map" -Xlinker --defsym=__user_heap_base=__end_bss_RAM2 -Xlinker --gc-sections -mcpu=cortex-m3 -mthumb -T "TP2_recepteur_son_Debug.ld" -o "TP2_light_com_etu.axf"  ./src/cr_startup_lpc17.o ./src/debug.o ./src/light_com.o  ./FreeRTOS_src/croutine.o ./FreeRTOS_src/list.o ./FreeRTOS_src/queue.o ./FreeRTOS_src/tasks.o ./FreeRTOS_src/timers.o  ./FreeRTOS_portable/MemMang/heap_2.o  ./FreeRTOS_portable/port.o  ext_color_sensor.o -lMyLab_lib -lCMSISv2p00_LPC17xx
Finished building target: TP2_light_com_etu.axf
 
make --no-print-directory post-build
Performing post-build steps
arm-none-eabi-size "TP2_light_com_etu.axf"; # arm-none-eabi-objcopy -O binary "TP2_light_com_etu.axf" "TP2_light_com_etu.bin" ; checksum -p LPC1769 -d "TP2_light_com_etu.bin";
   text	   data	    bss	    dec	    hex	filename
  23576	     28	  15024	  38628	   96e4	TP2_light_com_etu.axf
 

20:55:17 Build Finished (took 706ms)

