20:55:15 **** Build of configuration Debug for project TP2_light_Tx_etu ****
make -r all 
Building file: ../src/cr_startup_lpc175x_6x.c
Invoking: MCU C Compiler
arm-none-eabi-gcc -D__REDLIB__ -DDEBUG -D__CODE_RED -DCORE_M3 -D__USE_CMSIS=CMSISv2p00_LPC17xx -D__LPC17XX__ -I"/home/claudio/.lpcworkspace5/CMSISv2p00_LPC17xx/inc" -Os -g3 -Wall -c -fmessage-length=0 -fno-builtin -ffunction-sections -fdata-sections -mcpu=cortex-m3 -mthumb -D__REDLIB__ -specs=redlib.specs -MMD -MP -MF"src/cr_startup_lpc175x_6x.d" -MT"src/cr_startup_lpc175x_6x.d" -o "src/cr_startup_lpc175x_6x.o" "../src/cr_startup_lpc175x_6x.c"
Finished building: ../src/cr_startup_lpc175x_6x.c
 
Building file: ../src/crp.c
Invoking: MCU C Compiler
arm-none-eabi-gcc -D__REDLIB__ -DDEBUG -D__CODE_RED -DCORE_M3 -D__USE_CMSIS=CMSISv2p00_LPC17xx -D__LPC17XX__ -I"/home/claudio/.lpcworkspace5/CMSISv2p00_LPC17xx/inc" -O0 -g3 -Wall -c -fmessage-length=0 -fno-builtin -ffunction-sections -fdata-sections -mcpu=cortex-m3 -mthumb -D__REDLIB__ -specs=redlib.specs -MMD -MP -MF"src/crp.d" -MT"src/crp.o" -MT"src/crp.d" -o "src/crp.o" "../src/crp.c"
Finished building: ../src/crp.c
 
Building file: ../src/light_com_tx.c
Invoking: MCU C Compiler
arm-none-eabi-gcc -D__REDLIB__ -DDEBUG -D__CODE_RED -DCORE_M3 -D__USE_CMSIS=CMSISv2p00_LPC17xx -D__LPC17XX__ -I"/home/claudio/.lpcworkspace5/CMSISv2p00_LPC17xx/inc" -O0 -g3 -Wall -c -fmessage-length=0 -fno-builtin -ffunction-sections -fdata-sections -mcpu=cortex-m3 -mthumb -D__REDLIB__ -specs=redlib.specs -MMD -MP -MF"src/light_com_tx.d" -MT"src/light_com_tx.o" -MT"src/light_com_tx.d" -o "src/light_com_tx.o" "../src/light_com_tx.c"
../src/light_com_tx.c: In function 'main':
../src/light_com_tx.c:38:28: warning: variable 'cheksum' set but not used [-Wunused-but-set-variable]
  char *str="PTR is funny", cheksum;
                            ^
Finished building: ../src/light_com_tx.c
 
Building target: TP2_light_Tx_etu.axf
Invoking: MCU Linker
arm-none-eabi-gcc -nostdlib -L"/home/claudio/.lpcworkspace5/TP2_light_Tx_etu/Debug" -L"/home/claudio/.lpcworkspace5/CMSISv2p00_LPC17xx/Debug" -Xlinker -Map="TP2_light_Tx_etu.map" -Xlinker --gc-sections -mcpu=cortex-m3 -mthumb -T "Gx_TP2_emetteur_lumineux_Debug.ld" -o "TP2_light_Tx_etu.axf"  ./src/cr_startup_lpc175x_6x.o ./src/crp.o ./src/light_com_tx.o   -lCMSISv2p00_LPC17xx -lMyLab_lib
Finished building target: TP2_light_Tx_etu.axf
 
make --no-print-directory post-build
Performing post-build steps
arm-none-eabi-size "TP2_light_Tx_etu.axf"; # arm-none-eabi-objcopy -O binary "TP2_light_Tx_etu.axf" "TP2_light_Tx_etu.bin" ; checksum -p LPC1769 -d "TP2_light_Tx_etu.bin";
   text	   data	    bss	    dec	    hex	filename
   3656	      0	    480	   4136	   1028	TP2_light_Tx_etu.axf
 

20:55:15 Build Finished (took 457ms)

